output_dir=/data/uav_project/ParallelCBF/runs/v02_attempt5_20260503T114723Z
tb_logdir=/data/uav_project/ParallelCBF/runs/v02_attempt5_20260503T114723Z/tb
pre_registration_manifest_sha256=7c57bfc80f4faaa2247cf354bad4d4b367b1f80355552a13378ba578a5b09e6f
bc_checkpoint_sha256=40c70226bbae24e2bce4c00878fd31173337fb4e411b7f45107a71198f5719e0
bc_dataset_sha256=50e59d2f7886dcc00f3c2405ae449cdbaa879b1b5be79b7dcd2993ce65bb5145
============================================================
WATCHDOG REGISTRY (V25 PPO training):
  - Train Loss Explosion: metric=train_loss, threshold=1000000.0, when=>, phases=ppo,critic_warmup
  - Grad Norm Blowup: metric=grad_norm, threshold=10000.0, when=>, phases=ppo,critic_warmup
  - Val Overfit: metric=val_overfit_ratio, threshold=5.0, when=>, phases=ppo,critic_warmup
  - critic_warmup_did_not_converge: metric=phase, threshold=1500000, when=sustained_phase, phases=critic_warmup
  - value_loss_increasing_warmup: metric=value_loss_slope, threshold=0.001, when=>, phases=critic_warmup
  - episode_return_zero_variance: metric=episode_return_zero_variance, threshold=0.5, when=>, phases=ppo,critic_warmup
  - explained_variance_stuck_negative: metric=explained_variance_stuck_negative, threshold=0.5, when=>, phases=critic_warmup
  - explained_variance_dropping_full_ppo: metric=train/value_explained_variance, threshold=0.5, when=<, phases=ppo
  - arena_projection_saturation: metric=arena_projection_active_rate, threshold=0.5, when=>, phases=ppo,critic_warmup
============================================================
[INFO][V25] phase=0 (CRITIC_WARMUP) entered cleanly
loaded_actor_parameters=3167235
[INFO][V25] algo.learn entry reached
wandb: WARNING The anonymous setting has no effect and will be removed in a future version.
wandb: Tracking run with wandb version 0.26.1
wandb: W&B syncing is set to `offline` in this directory. Run `wandb online` or set WANDB_MODE=online to enable cloud syncing.
wandb: Run data is saved locally in /data/uav_project/ParallelCBF/runs/v02_attempt5_20260503T114723Z/wandb/wandb/offline-run-20260503_194726-gucmlofn
wandb: WARNING URL not available in offline run
wandb_status=initialized mode=offline url=unavailable
tensorboard_status=initialized logdir=/data/uav_project/ParallelCBF/runs/v02_attempt5_20260503T114723Z/tb
[V25 PPO] phase=0 rollout/transitions=4096 safety/h_hard_min=4.92418 train/value_loss=1556.97 train/value_explained_variance=0.00390911 train/approx_kl=0 train/clip_epsilon=0.05 train/actor_lr=0 train/post_transition_steps=0 rollout/episode_return_std=nan train/grad_norm=423.292
[V25 PPO] phase=0 rollout/transitions=8192 safety/h_hard_min=6.26228 train/value_loss=900.961 train/value_explained_variance=-0.000629306 train/approx_kl=0 train/clip_epsilon=0.05 train/actor_lr=0 train/post_transition_steps=0 rollout/episode_return_std=nan train/grad_norm=349.94
[V25 PPO] phase=0 rollout/transitions=12288 safety/h_hard_min=6.26228 train/value_loss=872.935 train/value_explained_variance=-6.05583e-05 train/approx_kl=0 train/clip_epsilon=0.05 train/actor_lr=0 train/post_transition_steps=0 rollout/episode_return_std=nan train/grad_norm=354.485
[V25 PPO] phase=0 rollout/transitions=16384 safety/h_hard_min=6.26228 train/value_loss=835.862 train/value_explained_variance=1.19209e-07 train/approx_kl=0 train/clip_epsilon=0.05 train/actor_lr=0 train/post_transition_steps=0 rollout/episode_return_std=nan train/grad_norm=346.235
[V25 PPO] phase=0 rollout/transitions=20480 safety/h_hard_min=6.26228 train/value_loss=860.698 train/value_explained_variance=0 train/approx_kl=0 train/clip_epsilon=0.05 train/actor_lr=0 train/post_transition_steps=0 rollout/episode_return_std=nan train/grad_norm=354.211
[V25 PPO] phase=0 rollout/transitions=24576 safety/h_hard_min=6.26228 train/value_loss=856.045 train/value_explained_variance=0 train/approx_kl=0 train/clip_epsilon=0.05 train/actor_lr=0 train/post_transition_steps=0 rollout/episode_return_std=nan train/grad_norm=351.441
[V25 PPO] phase=0 rollout/transitions=28672 safety/h_hard_min=6.26228 train/value_loss=827.591 train/value_explained_variance=0 train/approx_kl=0 train/clip_epsilon=0.05 train/actor_lr=0 train/post_transition_steps=0 rollout/episode_return_std=nan train/grad_norm=341.631
[V25 PPO] phase=0 rollout/transitions=32768 safety/h_hard_min=4.80856 train/value_loss=698.648 train/value_explained_variance=0.0140796 train/approx_kl=0 train/clip_epsilon=0.05 train/actor_lr=0 train/post_transition_steps=0 rollout/episode_return_std=0.0964864 train/grad_norm=298.204
[V25 PPO] phase=0 rollout/transitions=36864 safety/h_hard_min=5.98099 train/value_loss=1280.02 train/value_explained_variance=-0.0281843 train/approx_kl=0 train/clip_epsilon=0.05 train/actor_lr=0 train/post_transition_steps=0 rollout/episode_return_std=nan train/grad_norm=392.03
[V25 PPO] phase=0 rollout/transitions=40960 safety/h_hard_min=6.26228 train/value_loss=849.525 train/value_explained_variance=-0.00187814 train/approx_kl=0 train/clip_epsilon=0.05 train/actor_lr=0 train/post_transition_steps=0 rollout/episode_return_std=nan train/grad_norm=345.513
[V25 PPO] phase=0 rollout/transitions=45056 safety/h_hard_min=6.26228 train/value_loss=809.916 train/value_explained_variance=-2.3365e-05 train/approx_kl=0 train/clip_epsilon=0.05 train/actor_lr=0 train/post_transition_steps=0 rollout/episode_return_std=nan train/grad_norm=340.738
[V25 PPO] phase=0 rollout/transitions=49152 safety/h_hard_min=6.26228 train/value_loss=851.733 train/value_explained_variance=0 train/approx_kl=0 train/clip_epsilon=0.05 train/actor_lr=0 train/post_transition_steps=0 rollout/episode_return_std=nan train/grad_norm=348.979
[V25 PPO] phase=0 rollout/transitions=53248 safety/h_hard_min=6.26228 train/value_loss=831.292 train/value_explained_variance=2.38419e-07 train/approx_kl=0 train/clip_epsilon=0.05 train/actor_lr=0 train/post_transition_steps=0 rollout/episode_return_std=nan train/grad_norm=347.87
[V25 PPO] phase=0 rollout/transitions=57344 safety/h_hard_min=6.26228 train/value_loss=813.317 train/value_explained_variance=5.96046e-08 train/approx_kl=0 train/clip_epsilon=0.05 train/actor_lr=0 train/post_transition_steps=0 rollout/episode_return_std=nan train/grad_norm=339.301
[V25 PPO] phase=0 rollout/transitions=61440 safety/h_hard_min=6.26228 train/value_loss=781.183 train/value_explained_variance=0 train/approx_kl=0 train/clip_epsilon=0.05 train/actor_lr=0 train/post_transition_steps=0 rollout/episode_return_std=nan train/grad_norm=330.082
[V25 PPO] phase=0 rollout/transitions=65536 safety/h_hard_min=3.01674 train/value_loss=778.221 train/value_explained_variance=-0.0449822 train/approx_kl=0 train/clip_epsilon=0.05 train/actor_lr=0 train/post_transition_steps=0 rollout/episode_return_std=0.108664 train/grad_norm=285.479
[V25 PPO] phase=0 rollout/transitions=69632 safety/h_hard_min=6.26228 train/value_loss=1091.96 train/value_explained_variance=-0.0988473 train/approx_kl=0 train/clip_epsilon=0.05 train/actor_lr=0 train/post_transition_steps=0 rollout/episode_return_std=nan train/grad_norm=359.849
[V25 PPO] phase=0 rollout/transitions=73728 safety/h_hard_min=6.26228 train/value_loss=794.399 train/value_explained_variance=-0.00103343 train/approx_kl=0 train/clip_epsilon=0.05 train/actor_lr=0 train/post_transition_steps=0 rollout/episode_return_std=nan train/grad_norm=334.594
[V25 PPO] phase=0 rollout/transitions=77824 safety/h_hard_min=6.26228 train/value_loss=794.005 train/value_explained_variance=1.19209e-07 train/approx_kl=0 train/clip_epsilon=0.05 train/actor_lr=0 train/post_transition_steps=0 rollout/episode_return_std=nan train/grad_norm=337.579
[V25 PPO] phase=0 rollout/transitions=81920 safety/h_hard_min=6.26228 train/value_loss=844.806 train/value_explained_variance=1.19209e-07 train/approx_kl=0 train/clip_epsilon=0.05 train/actor_lr=0 train/post_transition_steps=0 rollout/episode_return_std=nan train/grad_norm=349.725
[V25 PPO] phase=0 rollout/transitions=86016 safety/h_hard_min=6.26228 train/value_loss=792.143 train/value_explained_variance=-2.38419e-07 train/approx_kl=0 train/clip_epsilon=0.05 train/actor_lr=0 train/post_transition_steps=0 rollout/episode_return_std=nan train/grad_norm=337.283
[V25 PPO] phase=0 rollout/transitions=90112 safety/h_hard_min=6.26228 train/value_loss=813.065 train/value_explained_variance=0 train/approx_kl=0 train/clip_epsilon=0.05 train/actor_lr=0 train/post_transition_steps=0 rollout/episode_return_std=nan train/grad_norm=342.38
[V25 PPO] phase=0 rollout/transitions=94208 safety/h_hard_min=6.26228 train/value_loss=781.05 train/value_explained_variance=1.19209e-07 train/approx_kl=0 train/clip_epsilon=0.05 train/actor_lr=0 train/post_transition_steps=0 rollout/episode_return_std=nan train/grad_norm=333.135
[V25 PPO] phase=0 rollout/transitions=98304 safety/h_hard_min=2.02064 train/value_loss=1093.48 train/value_explained_variance=-0.0830439 train/approx_kl=0 train/clip_epsilon=0.05 train/actor_lr=0 train/post_transition_steps=0 rollout/episode_return_std=0.112876 train/grad_norm=334.88
[V25 PPO] phase=0 rollout/transitions=102400 safety/h_hard_min=6.26228 train/value_loss=899.396 train/value_explained_variance=-0.156395 train/approx_kl=0 train/clip_epsilon=0.05 train/actor_lr=0 train/post_transition_steps=0 rollout/episode_return_std=nan train/grad_norm=326.143
[V25 PPO] phase=0 rollout/transitions=106496 safety/h_hard_min=6.26228 train/value_loss=762.713 train/value_explained_variance=-0.00264156 train/approx_kl=0 train/clip_epsilon=0.05 train/actor_lr=0 train/post_transition_steps=0 rollout/episode_return_std=nan train/grad_norm=329.545
[V25 PPO] phase=0 rollout/transitions=110592 safety/h_hard_min=6.26228 train/value_loss=754.727 train/value_explained_variance=0 train/approx_kl=0 train/clip_epsilon=0.05 train/actor_lr=0 train/post_transition_steps=0 rollout/episode_return_std=nan train/grad_norm=328.453
[V25 PPO] phase=0 rollout/transitions=114688 safety/h_hard_min=6.26228 train/value_loss=745.518 train/value_explained_variance=0 train/approx_kl=0 train/clip_epsilon=0.05 train/actor_lr=0 train/post_transition_steps=0 rollout/episode_return_std=nan train/grad_norm=326.438
[V25 PPO] phase=0 rollout/transitions=118784 safety/h_hard_min=6.26228 train/value_loss=767.398 train/value_explained_variance=1.78814e-07 train/approx_kl=0 train/clip_epsilon=0.05 train/actor_lr=0 train/post_transition_steps=0 rollout/episode_return_std=nan train/grad_norm=330.411
[V25 PPO] phase=0 rollout/transitions=122880 safety/h_hard_min=6.26228 train/value_loss=794.732 train/value_explained_variance=-1.19209e-07 train/approx_kl=0 train/clip_epsilon=0.05 train/actor_lr=0 train/post_transition_steps=0 rollout/episode_return_std=nan train/grad_norm=343.024
[V25 PPO] phase=0 rollout/transitions=126976 safety/h_hard_min=6.26228 train/value_loss=775.66 train/value_explained_variance=2.38419e-07 train/approx_kl=0 train/clip_epsilon=0.05 train/actor_lr=0 train/post_transition_steps=0 rollout/episode_return_std=nan train/grad_norm=334.441
[V25 PPO] phase=0 rollout/transitions=131072 safety/h_hard_min=2.6665 train/value_loss=1199.28 train/value_explained_variance=-0.127549 train/approx_kl=0 train/clip_epsilon=0.05 train/actor_lr=0 train/post_transition_steps=0 rollout/episode_return_std=0.115521 train/grad_norm=348.178
[V25 PPO] phase=0 rollout/transitions=135168 safety/h_hard_min=6.26228 train/value_loss=832.851 train/value_explained_variance=-0.171862 train/approx_kl=0 train/clip_epsilon=0.05 train/actor_lr=0 train/post_transition_steps=0 rollout/episode_return_std=nan train/grad_norm=319.577
[V25 PPO] phase=0 rollout/transitions=139264 safety/h_hard_min=6.26228 train/value_loss=795.896 train/value_explained_variance=-0.00397778 train/approx_kl=0 train/clip_epsilon=0.05 train/actor_lr=0 train/post_transition_steps=0 rollout/episode_return_std=nan train/grad_norm=339.452
[V25 PPO] phase=0 rollout/transitions=143360 safety/h_hard_min=6.26228 train/value_loss=742.207 train/value_explained_variance=1.19209e-07 train/approx_kl=0 train/clip_epsilon=0.05 train/actor_lr=0 train/post_transition_steps=0 rollout/episode_return_std=nan train/grad_norm=323.834
[V25 PPO] phase=0 rollout/transitions=147456 safety/h_hard_min=6.26228 train/value_loss=738.334 train/value_explained_variance=1.19209e-07 train/approx_kl=0 train/clip_epsilon=0.05 train/actor_lr=0 train/post_transition_steps=0 rollout/episode_return_std=nan train/grad_norm=322.89
[V25 PPO] phase=0 rollout/transitions=151552 safety/h_hard_min=6.26228 train/value_loss=781.731 train/value_explained_variance=0 train/approx_kl=0 train/clip_epsilon=0.05 train/actor_lr=0 train/post_transition_steps=0 rollout/episode_return_std=nan train/grad_norm=336.951
[V25 PPO] phase=0 rollout/transitions=155648 safety/h_hard_min=6.26228 train/value_loss=786.23 train/value_explained_variance=1.19209e-07 train/approx_kl=0 train/clip_epsilon=0.05 train/actor_lr=0 train/post_transition_steps=0 rollout/episode_return_std=nan train/grad_norm=336.49
[V25 PPO] phase=0 rollout/transitions=159744 safety/h_hard_min=6.26228 train/value_loss=714.4 train/value_explained_variance=0 train/approx_kl=0 train/clip_epsilon=0.05 train/actor_lr=0 train/post_transition_steps=0 rollout/episode_return_std=nan train/grad_norm=316.874
[V25 PPO] phase=0 rollout/transitions=163840 safety/h_hard_min=4.34133 train/value_loss=1350.27 train/value_explained_variance=-0.128063 train/approx_kl=0 train/clip_epsilon=0.05 train/actor_lr=0 train/post_transition_steps=0 rollout/episode_return_std=0.105446 train/grad_norm=381.577
[V25 PPO] phase=0 rollout/transitions=167936 safety/h_hard_min=6.26228 train/value_loss=798.4 train/value_explained_variance=-0.127694 train/approx_kl=0 train/clip_epsilon=0.05 train/actor_lr=0 train/post_transition_steps=0 rollout/episode_return_std=nan train/grad_norm=318.391
[V25 PPO] phase=0 rollout/transitions=172032 safety/h_hard_min=6.26228 train/value_loss=758.745 train/value_explained_variance=-0.0023371 train/approx_kl=0 train/clip_epsilon=0.05 train/actor_lr=0 train/post_transition_steps=0 rollout/episode_return_std=nan train/grad_norm=329.489
[V25 PPO] phase=0 rollout/transitions=176128 safety/h_hard_min=6.26228 train/value_loss=760.149 train/value_explained_variance=1.19209e-07 train/approx_kl=0 train/clip_epsilon=0.05 train/actor_lr=0 train/post_transition_steps=0 rollout/episode_return_std=nan train/grad_norm=332.146
[V25 PPO] phase=0 rollout/transitions=180224 safety/h_hard_min=6.26228 train/value_loss=770.073 train/value_explained_variance=0 train/approx_kl=0 train/clip_epsilon=0.05 train/actor_lr=0 train/post_transition_steps=0 rollout/episode_return_std=nan train/grad_norm=334.288
[V25 PPO] phase=0 rollout/transitions=184320 safety/h_hard_min=6.26228 train/value_loss=736.295 train/value_explained_variance=0 train/approx_kl=0 train/clip_epsilon=0.05 train/actor_lr=0 train/post_transition_steps=0 rollout/episode_return_std=nan train/grad_norm=323.485
[V25 PPO] phase=0 rollout/transitions=188416 safety/h_hard_min=6.26228 train/value_loss=818.542 train/value_explained_variance=0 train/approx_kl=0 train/clip_epsilon=0.05 train/actor_lr=0 train/post_transition_steps=0 rollout/episode_return_std=nan train/grad_norm=349.716
[V25 PPO] phase=0 rollout/transitions=192512 safety/h_hard_min=5.24536 train/value_loss=671.851 train/value_explained_variance=0.126626 train/approx_kl=0 train/clip_epsilon=0.05 train/actor_lr=0 train/post_transition_steps=0 rollout/episode_return_std=0.111118 train/grad_norm=299.586
[V25 PPO] phase=0 rollout/transitions=196608 safety/h_hard_min=5.67701 train/value_loss=1398.08 train/value_explained_variance=-0.165815 train/approx_kl=0 train/clip_epsilon=0.05 train/actor_lr=0 train/post_transition_steps=0 rollout/episode_return_std=nan train/grad_norm=413.654
[V25 PPO] phase=0 rollout/transitions=200704 safety/h_hard_min=6.26228 train/value_loss=766.774 train/value_explained_variance=-0.0363365 train/approx_kl=0 train/clip_epsilon=0.05 train/actor_lr=0 train/post_transition_steps=0 rollout/episode_return_std=nan train/grad_norm=327.436
[V25 PPO] phase=0 rollout/transitions=204800 safety/h_hard_min=6.26228 train/value_loss=720.251 train/value_explained_variance=-0.000503659 train/approx_kl=0 train/clip_epsilon=0.05 train/actor_lr=0 train/post_transition_steps=0 rollout/episode_return_std=nan train/grad_norm=317.381
[V25 PPO] phase=0 rollout/transitions=208896 safety/h_hard_min=6.26228 train/value_loss=749.864 train/value_explained_variance=0 train/approx_kl=0 train/clip_epsilon=0.05 train/actor_lr=0 train/post_transition_steps=0 rollout/episode_return_std=nan train/grad_norm=328.399
[V25 PPO] phase=0 rollout/transitions=212992 safety/h_hard_min=6.26228 train/value_loss=744.003 train/value_explained_variance=0 train/approx_kl=0 train/clip_epsilon=0.05 train/actor_lr=0 train/post_transition_steps=0 rollout/episode_return_std=nan train/grad_norm=327.676
[V25 PPO] phase=0 rollout/transitions=217088 safety/h_hard_min=6.26228 train/value_loss=673.547 train/value_explained_variance=0 train/approx_kl=0 train/clip_epsilon=0.05 train/actor_lr=0 train/post_transition_steps=0 rollout/episode_return_std=nan train/grad_norm=308.475
[V25 PPO] phase=0 rollout/transitions=221184 safety/h_hard_min=6.26228 train/value_loss=707.7 train/value_explained_variance=-1.19209e-07 train/approx_kl=0 train/clip_epsilon=0.05 train/actor_lr=0 train/post_transition_steps=0 rollout/episode_return_std=nan train/grad_norm=315.899
[V25 PPO] phase=0 rollout/transitions=225280 safety/h_hard_min=3.63593 train/value_loss=663.609 train/value_explained_variance=-0.0247517 train/approx_kl=0 train/clip_epsilon=0.05 train/actor_lr=0 train/post_transition_steps=0 rollout/episode_return_std=0.095691 train/grad_norm=277.949
[V25 PPO] phase=0 rollout/transitions=229376 safety/h_hard_min=6.25682 train/value_loss=1184.2 train/value_explained_variance=-0.378814 train/approx_kl=0 train/clip_epsilon=0.05 train/actor_lr=0 train/post_transition_steps=0 rollout/episode_return_std=nan train/grad_norm=377.806
[V25 PPO] phase=0 rollout/transitions=233472 safety/h_hard_min=6.26228 train/value_loss=732.576 train/value_explained_variance=-0.00548375 train/approx_kl=0 train/clip_epsilon=0.05 train/actor_lr=0 train/post_transition_steps=0 rollout/episode_return_std=nan train/grad_norm=322.766
[V25 PPO] phase=0 rollout/transitions=237568 safety/h_hard_min=6.26228 train/value_loss=705.8 train/value_explained_variance=-1.19209e-07 train/approx_kl=0 train/clip_epsilon=0.05 train/actor_lr=0 train/post_transition_steps=0 rollout/episode_return_std=nan train/grad_norm=315.385
[V25 PPO] phase=0 rollout/transitions=241664 safety/h_hard_min=6.26228 train/value_loss=722.299 train/value_explained_variance=0 train/approx_kl=0 train/clip_epsilon=0.05 train/actor_lr=0 train/post_transition_steps=0 rollout/episode_return_std=nan train/grad_norm=322.761
[V25 PPO] phase=0 rollout/transitions=245760 safety/h_hard_min=6.26228 train/value_loss=725.66 train/value_explained_variance=-1.19209e-07 train/approx_kl=0 train/clip_epsilon=0.05 train/actor_lr=0 train/post_transition_steps=0 rollout/episode_return_std=nan train/grad_norm=323.629
[V25 PPO] phase=0 rollout/transitions=249856 safety/h_hard_min=6.26228 train/value_loss=724.576 train/value_explained_variance=-2.38419e-07 train/approx_kl=0 train/clip_epsilon=0.05 train/actor_lr=0 train/post_transition_steps=0 rollout/episode_return_std=nan train/grad_norm=322.34
[V25 PPO] phase=0 rollout/transitions=253952 safety/h_hard_min=6.26228 train/value_loss=679.702 train/value_explained_variance=0 train/approx_kl=0 train/clip_epsilon=0.05 train/actor_lr=0 train/post_transition_steps=0 rollout/episode_return_std=nan train/grad_norm=312.746
[V25 PPO] phase=0 rollout/transitions=258048 safety/h_hard_min=2.17747 train/value_loss=789.674 train/value_explained_variance=-0.232913 train/approx_kl=0 train/clip_epsilon=0.05 train/actor_lr=0 train/post_transition_steps=0 rollout/episode_return_std=0.0859731 train/grad_norm=280.055
[V25 PPO] phase=0 rollout/transitions=262144 safety/h_hard_min=6.26228 train/value_loss=943.518 train/value_explained_variance=-0.580694 train/approx_kl=0 train/clip_epsilon=0.05 train/actor_lr=0 train/post_transition_steps=0 rollout/episode_return_std=nan train/grad_norm=332.479
[V25 PPO] phase=0 rollout/transitions=266240 safety/h_hard_min=6.26228 train/value_loss=654.655 train/value_explained_variance=-0.00684154 train/approx_kl=0 train/clip_epsilon=0.05 train/actor_lr=0 train/post_transition_steps=0 rollout/episode_return_std=nan train/grad_norm=300.454
[V25 PPO] phase=0 rollout/transitions=270336 safety/h_hard_min=6.26228 train/value_loss=668.551 train/value_explained_variance=0 train/approx_kl=0 train/clip_epsilon=0.05 train/actor_lr=0 train/post_transition_steps=0 rollout/episode_return_std=nan train/grad_norm=308.953
[V25 PPO] phase=0 rollout/transitions=274432 safety/h_hard_min=6.26228 train/value_loss=700.788 train/value_explained_variance=0 train/approx_kl=0 train/clip_epsilon=0.05 train/actor_lr=0 train/post_transition_steps=0 rollout/episode_return_std=nan train/grad_norm=316.187
[V25 PPO] phase=0 rollout/transitions=278528 safety/h_hard_min=6.26228 train/value_loss=690.944 train/value_explained_variance=-1.19209e-07 train/approx_kl=0 train/clip_epsilon=0.05 train/actor_lr=0 train/post_transition_steps=0 rollout/episode_return_std=nan train/grad_norm=313.516
[V25 PPO] phase=0 rollout/transitions=282624 safety/h_hard_min=6.26228 train/value_loss=698.341 train/value_explained_variance=-2.38419e-07 train/approx_kl=0 train/clip_epsilon=0.05 train/actor_lr=0 train/post_transition_steps=0 rollout/episode_return_std=nan train/grad_norm=317.754
[V25 PPO] phase=0 rollout/transitions=286720 safety/h_hard_min=6.26228 train/value_loss=698.621 train/value_explained_variance=0 train/approx_kl=0 train/clip_epsilon=0.05 train/actor_lr=0 train/post_transition_steps=0 rollout/episode_return_std=nan train/grad_norm=317.275
[V25 PPO] phase=0 rollout/transitions=290816 safety/h_hard_min=2.24571 train/value_loss=1097.31 train/value_explained_variance=-0.334255 train/approx_kl=0 train/clip_epsilon=0.05 train/actor_lr=0 train/post_transition_steps=0 rollout/episode_return_std=0.0945115 train/grad_norm=334.525
[V25 PPO] phase=0 rollout/transitions=294912 safety/h_hard_min=6.26228 train/value_loss=804.942 train/value_explained_variance=-0.481105 train/approx_kl=0 train/clip_epsilon=0.05 train/actor_lr=0 train/post_transition_steps=0 rollout/episode_return_std=nan train/grad_norm=308.946
[V25 PPO] phase=0 rollout/transitions=299008 safety/h_hard_min=6.26228 train/value_loss=674.851 train/value_explained_variance=-0.00860894 train/approx_kl=0 train/clip_epsilon=0.05 train/actor_lr=0 train/post_transition_steps=0 rollout/episode_return_std=nan train/grad_norm=309.758
[V25 PPO] phase=0 rollout/transitions=303104 safety/h_hard_min=6.26228 train/value_loss=682.71 train/value_explained_variance=0 train/approx_kl=0 train/clip_epsilon=0.05 train/actor_lr=0 train/post_transition_steps=0 rollout/episode_return_std=nan train/grad_norm=313.332
[V25 PPO] phase=0 rollout/transitions=307200 safety/h_hard_min=6.26228 train/value_loss=692.298 train/value_explained_variance=0 train/approx_kl=0 train/clip_epsilon=0.05 train/actor_lr=0 train/post_transition_steps=0 rollout/episode_return_std=nan train/grad_norm=316.889
[V25 PPO] phase=0 rollout/transitions=311296 safety/h_hard_min=6.26228 train/value_loss=660.964 train/value_explained_variance=0 train/approx_kl=0 train/clip_epsilon=0.05 train/actor_lr=0 train/post_transition_steps=0 rollout/episode_return_std=nan train/grad_norm=305.402
[V25 PPO] phase=0 rollout/transitions=315392 safety/h_hard_min=6.26228 train/value_loss=641.228 train/value_explained_variance=1.19209e-07 train/approx_kl=0 train/clip_epsilon=0.05 train/actor_lr=0 train/post_transition_steps=0 rollout/episode_return_std=nan train/grad_norm=298.624
[V25 PPO] phase=0 rollout/transitions=319488 safety/h_hard_min=6.26228 train/value_loss=678.527 train/value_explained_variance=1.19209e-07 train/approx_kl=0 train/clip_epsilon=0.05 train/actor_lr=0 train/post_transition_steps=0 rollout/episode_return_std=nan train/grad_norm=313.484
[V25 PPO] phase=0 rollout/transitions=323584 safety/h_hard_min=3.79921 train/value_loss=1441.28 train/value_explained_variance=-0.333347 train/approx_kl=0 train/clip_epsilon=0.05 train/actor_lr=0 train/post_transition_steps=0 rollout/episode_return_std=0.0829788 train/grad_norm=405.255
[V25 PPO] phase=0 rollout/transitions=327680 safety/h_hard_min=6.26228 train/value_loss=741.839 train/value_explained_variance=-0.31301 train/approx_kl=0 train/clip_epsilon=0.05 train/actor_lr=0 train/post_transition_steps=0 rollout/episode_return_std=nan train/grad_norm=306.199
[V25 PPO] phase=0 rollout/transitions=331776 safety/h_hard_min=6.26228 train/value_loss=669.89 train/value_explained_variance=-0.00551558 train/approx_kl=0 train/clip_epsilon=0.05 train/actor_lr=0 train/post_transition_steps=0 rollout/episode_return_std=nan train/grad_norm=306.656
[V25 PPO] phase=0 rollout/transitions=335872 safety/h_hard_min=6.26228 train/value_loss=660.689 train/value_explained_variance=0 train/approx_kl=0 train/clip_epsilon=0.05 train/actor_lr=0 train/post_transition_steps=0 rollout/episode_return_std=nan train/grad_norm=308.732
[V25 PPO] phase=0 rollout/transitions=339968 safety/h_hard_min=6.26228 train/value_loss=632.873 train/value_explained_variance=0 train/approx_kl=0 train/clip_epsilon=0.05 train/actor_lr=0 train/post_transition_steps=0 rollout/episode_return_std=nan train/grad_norm=299.889
[V25 PPO] phase=0 rollout/transitions=344064 safety/h_hard_min=6.26228 train/value_loss=638.93 train/value_explained_variance=0 train/approx_kl=0 train/clip_epsilon=0.05 train/actor_lr=0 train/post_transition_steps=0 rollout/episode_return_std=nan train/grad_norm=300.607
[V25 PPO] phase=0 rollout/transitions=348160 safety/h_hard_min=6.26228 train/value_loss=638.071 train/value_explained_variance=0 train/approx_kl=0 train/clip_epsilon=0.05 train/actor_lr=0 train/post_transition_steps=0 rollout/episode_return_std=nan train/grad_norm=301.204
[V25 PPO] phase=0 rollout/transitions=352256 safety/h_hard_min=5.52079 train/value_loss=608.855 train/value_explained_variance=0.201376 train/approx_kl=0 train/clip_epsilon=0.05 train/actor_lr=0 train/post_transition_steps=0 rollout/episode_return_std=0.0917476 train/grad_norm=288.915
[V25 PPO] phase=0 rollout/transitions=356352 safety/h_hard_min=5.28262 train/value_loss=1343.42 train/value_explained_variance=-0.231688 train/approx_kl=0 train/clip_epsilon=0.05 train/actor_lr=0 train/post_transition_steps=0 rollout/episode_return_std=nan train/grad_norm=400.658
[V25 PPO] phase=0 rollout/transitions=360448 safety/h_hard_min=6.26228 train/value_loss=708.618 train/value_explained_variance=-0.130572 train/approx_kl=0 train/clip_epsilon=0.05 train/actor_lr=0 train/post_transition_steps=0 rollout/episode_return_std=nan train/grad_norm=314.825
[V25 PPO] phase=0 rollout/transitions=364544 safety/h_hard_min=6.26228 train/value_loss=634.488 train/value_explained_variance=-0.0019604 train/approx_kl=0 train/clip_epsilon=0.05 train/actor_lr=0 train/post_transition_steps=0 rollout/episode_return_std=nan train/grad_norm=299.108
[V25 PPO] phase=0 rollout/transitions=368640 safety/h_hard_min=6.26228 train/value_loss=674.845 train/value_explained_variance=5.96046e-08 train/approx_kl=0 train/clip_epsilon=0.05 train/actor_lr=0 train/post_transition_steps=0 rollout/episode_return_std=nan train/grad_norm=314.325
[V25 PPO] phase=0 rollout/transitions=372736 safety/h_hard_min=6.26228 train/value_loss=633.187 train/value_explained_variance=1.19209e-07 train/approx_kl=0 train/clip_epsilon=0.05 train/actor_lr=0 train/post_transition_steps=0 rollout/episode_return_std=nan train/grad_norm=297.667
[V25 PPO] phase=0 rollout/transitions=376832 safety/h_hard_min=6.26228 train/value_loss=682.886 train/value_explained_variance=1.19209e-07 train/approx_kl=0 train/clip_epsilon=0.05 train/actor_lr=0 train/post_transition_steps=0 rollout/episode_return_std=nan train/grad_norm=315.119
[V25 PPO] phase=0 rollout/transitions=380928 safety/h_hard_min=6.26228 train/value_loss=618.408 train/value_explained_variance=0 train/approx_kl=0 train/clip_epsilon=0.05 train/actor_lr=0 train/post_transition_steps=0 rollout/episode_return_std=nan train/grad_norm=296.734
[V25 PPO] phase=0 rollout/transitions=385024 safety/h_hard_min=4.25324 train/value_loss=571.261 train/value_explained_variance=0.183575 train/approx_kl=0 train/clip_epsilon=0.05 train/actor_lr=0 train/post_transition_steps=0 rollout/episode_return_std=0.105288 train/grad_norm=261.094
[V25 PPO] phase=0 rollout/transitions=389120 safety/h_hard_min=6.17577 train/value_loss=1148.18 train/value_explained_variance=-0.69135 train/approx_kl=0 train/clip_epsilon=0.05 train/actor_lr=0 train/post_transition_steps=0 rollout/episode_return_std=nan train/grad_norm=363.8
[V25 PPO] phase=0 rollout/transitions=393216 safety/h_hard_min=6.26228 train/value_loss=661.055 train/value_explained_variance=-0.0160089 train/approx_kl=0 train/clip_epsilon=0.05 train/actor_lr=0 train/post_transition_steps=0 rollout/episode_return_std=nan train/grad_norm=307.245
[V25 PPO] phase=0 rollout/transitions=397312 safety/h_hard_min=6.26228 train/value_loss=646.933 train/value_explained_variance=-5.96046e-06 train/approx_kl=0 train/clip_epsilon=0.05 train/actor_lr=0 train/post_transition_steps=0 rollout/episode_return_std=nan train/grad_norm=306.655
[V25 PPO] phase=0 rollout/transitions=401408 safety/h_hard_min=6.26228 train/value_loss=642.85 train/value_explained_variance=0 train/approx_kl=0 train/clip_epsilon=0.05 train/actor_lr=0 train/post_transition_steps=0 rollout/episode_return_std=nan train/grad_norm=306.795
[V25 PPO] phase=0 rollout/transitions=405504 safety/h_hard_min=6.26228 train/value_loss=636.628 train/value_explained_variance=0 train/approx_kl=0 train/clip_epsilon=0.05 train/actor_lr=0 train/post_transition_steps=0 rollout/episode_return_std=nan train/grad_norm=300.841
[V25 PPO] phase=0 rollout/transitions=409600 safety/h_hard_min=6.26228 train/value_loss=615.963 train/value_explained_variance=5.96046e-08 train/approx_kl=0 train/clip_epsilon=0.05 train/actor_lr=0 train/post_transition_steps=0 rollout/episode_return_std=nan train/grad_norm=296.065
[V25 PPO] phase=0 rollout/transitions=413696 safety/h_hard_min=6.26228 train/value_loss=604.242 train/value_explained_variance=0 train/approx_kl=0 train/clip_epsilon=0.05 train/actor_lr=0 train/post_transition_steps=0 rollout/episode_return_std=nan train/grad_norm=292.228
[V25 PPO] phase=0 rollout/transitions=417792 safety/h_hard_min=2.49917 train/value_loss=737.599 train/value_explained_variance=-0.280997 train/approx_kl=0 train/clip_epsilon=0.05 train/actor_lr=0 train/post_transition_steps=0 rollout/episode_return_std=0.102388 train/grad_norm=272.165
[V25 PPO] phase=0 rollout/transitions=421888 safety/h_hard_min=6.26228 train/value_loss=909.16 train/value_explained_variance=-1.1567 train/approx_kl=0 train/clip_epsilon=0.05 train/actor_lr=0 train/post_transition_steps=0 rollout/episode_return_std=nan train/grad_norm=322.899
[V25 PPO] phase=0 rollout/transitions=425984 safety/h_hard_min=6.26228 train/value_loss=615.811 train/value_explained_variance=-0.0105085 train/approx_kl=0 train/clip_epsilon=0.05 train/actor_lr=0 train/post_transition_steps=0 rollout/episode_return_std=nan train/grad_norm=294.881
[V25 PPO] phase=0 rollout/transitions=430080 safety/h_hard_min=6.26228 train/value_loss=623.128 train/value_explained_variance=-1.19209e-07 train/approx_kl=0 train/clip_epsilon=0.05 train/actor_lr=0 train/post_transition_steps=0 rollout/episode_return_std=nan train/grad_norm=298.092
[V25 PPO] phase=0 rollout/transitions=434176 safety/h_hard_min=6.26228 train/value_loss=599.73 train/value_explained_variance=0 train/approx_kl=0 train/clip_epsilon=0.05 train/actor_lr=0 train/post_transition_steps=0 rollout/episode_return_std=nan train/grad_norm=289.981
[V25 PPO] phase=0 rollout/transitions=438272 safety/h_hard_min=6.26228 train/value_loss=616.781 train/value_explained_variance=0 train/approx_kl=0 train/clip_epsilon=0.05 train/actor_lr=0 train/post_transition_steps=0 rollout/episode_return_std=nan train/grad_norm=295.796
[V25 PPO] phase=0 rollout/transitions=442368 safety/h_hard_min=6.26228 train/value_loss=622.691 train/value_explained_variance=1.78814e-07 train/approx_kl=0 train/clip_epsilon=0.05 train/actor_lr=0 train/post_transition_steps=0 rollout/episode_return_std=nan train/grad_norm=299.85
[V25 PPO] phase=0 rollout/transitions=446464 safety/h_hard_min=6.26228 train/value_loss=593.927 train/value_explained_variance=0 train/approx_kl=0 train/clip_epsilon=0.05 train/actor_lr=0 train/post_transition_steps=0 rollout/episode_return_std=nan train/grad_norm=288.383
[V25 PPO] phase=0 rollout/transitions=450560 safety/h_hard_min=2.03782 train/value_loss=943.408 train/value_explained_variance=-0.395577 train/approx_kl=0 train/clip_epsilon=0.05 train/actor_lr=0 train/post_transition_steps=0 rollout/episode_return_std=0.111101 train/grad_norm=309.652
[V25 PPO] phase=0 rollout/transitions=454656 safety/h_hard_min=6.26228 train/value_loss=824.374 train/value_explained_variance=-1.0917 train/approx_kl=0 train/clip_epsilon=0.05 train/actor_lr=0 train/post_transition_steps=0 rollout/episode_return_std=nan train/grad_norm=313.205
[V25 PPO] phase=0 rollout/transitions=458752 safety/h_hard_min=6.26228 train/value_loss=599.057 train/value_explained_variance=-0.0155104 train/approx_kl=0 train/clip_epsilon=0.05 train/actor_lr=0 train/post_transition_steps=0 rollout/episode_return_std=nan train/grad_norm=292.686
[V25 PPO] phase=0 rollout/transitions=462848 safety/h_hard_min=6.26228 train/value_loss=597.795 train/value_explained_variance=1.19209e-07 train/approx_kl=0 train/clip_epsilon=0.05 train/actor_lr=0 train/post_transition_steps=0 rollout/episode_return_std=nan train/grad_norm=293.131
[V25 PPO] phase=0 rollout/transitions=466944 safety/h_hard_min=6.26228 train/value_loss=591.823 train/value_explained_variance=1.19209e-07 train/approx_kl=0 train/clip_epsilon=0.05 train/actor_lr=0 train/post_transition_steps=0 rollout/episode_return_std=nan train/grad_norm=288.802
[V25 PPO] phase=0 rollout/transitions=471040 safety/h_hard_min=6.26228 train/value_loss=612.182 train/value_explained_variance=-1.19209e-07 train/approx_kl=0 train/clip_epsilon=0.05 train/actor_lr=0 train/post_transition_steps=0 rollout/episode_return_std=nan train/grad_norm=299.031
[V25 PPO] phase=0 rollout/transitions=475136 safety/h_hard_min=6.26228 train/value_loss=597.735 train/value_explained_variance=5.96046e-08 train/approx_kl=0 train/clip_epsilon=0.05 train/actor_lr=0 train/post_transition_steps=0 rollout/episode_return_std=nan train/grad_norm=291.413
[V25 PPO] phase=0 rollout/transitions=479232 safety/h_hard_min=6.26228 train/value_loss=595.534 train/value_explained_variance=2.38419e-07 train/approx_kl=0 train/clip_epsilon=0.05 train/actor_lr=0 train/post_transition_steps=0 rollout/episode_return_std=nan train/grad_norm=289.568
[V25 PPO] phase=0 rollout/transitions=483328 safety/h_hard_min=3.21971 train/value_loss=1290.39 train/value_explained_variance=-0.535753 train/approx_kl=0 train/clip_epsilon=0.05 train/actor_lr=0 train/post_transition_steps=0 rollout/episode_return_std=0.100198 train/grad_norm=373.178
[V25 PPO] phase=0 rollout/transitions=487424 safety/h_hard_min=6.26228 train/value_loss=716.466 train/value_explained_variance=-0.782962 train/approx_kl=0 train/clip_epsilon=0.05 train/actor_lr=0 train/post_transition_steps=0 rollout/episode_return_std=nan train/grad_norm=295.893
[V25 PPO] phase=0 rollout/transitions=491520 safety/h_hard_min=6.26228 train/value_loss=605.693 train/value_explained_variance=-0.0123396 train/approx_kl=0 train/clip_epsilon=0.05 train/actor_lr=0 train/post_transition_steps=0 rollout/episode_return_std=nan train/grad_norm=293.105
[V25 PPO] phase=0 rollout/transitions=495616 safety/h_hard_min=6.26228 train/value_loss=620.144 train/value_explained_variance=1.78814e-07 train/approx_kl=0 train/clip_epsilon=0.05 train/actor_lr=0 train/post_transition_steps=0 rollout/episode_return_std=nan train/grad_norm=302.007
[V25 PPO] phase=0 rollout/transitions=499712 safety/h_hard_min=6.26228 train/value_loss=570.205 train/value_explained_variance=0 train/approx_kl=0 train/clip_epsilon=0.05 train/actor_lr=0 train/post_transition_steps=0 rollout/episode_return_std=nan train/grad_norm=285.326
[V25 PPO] phase=0 rollout/transitions=503808 safety/h_hard_min=6.26228 train/value_loss=575.631 train/value_explained_variance=-1.19209e-07 train/approx_kl=0 train/clip_epsilon=0.05 train/actor_lr=0 train/post_transition_steps=0 rollout/episode_return_std=nan train/grad_norm=285.74
[V25 PPO] phase=0 rollout/transitions=507904 safety/h_hard_min=6.26228 train/value_loss=572.008 train/value_explained_variance=1.19209e-07 train/approx_kl=0 train/clip_epsilon=0.05 train/actor_lr=0 train/post_transition_steps=0 rollout/episode_return_std=nan train/grad_norm=285.976
[V25 PPO] phase=0 rollout/transitions=512000 safety/h_hard_min=6.26228 train/value_loss=535.664 train/value_explained_variance=5.96046e-08 train/approx_kl=0 train/clip_epsilon=0.05 train/actor_lr=0 train/post_transition_steps=0 rollout/episode_return_std=0.105471 train/grad_norm=274.852
[V25 PPO] phase=0 rollout/transitions=516096 safety/h_hard_min=4.82701 train/value_loss=1473.94 train/value_explained_variance=-0.352386 train/approx_kl=0 train/clip_epsilon=0.05 train/actor_lr=0 train/post_transition_steps=0 rollout/episode_return_std=nan train/grad_norm=414.588
[V25 PPO] phase=0 rollout/transitions=520192 safety/h_hard_min=6.26228 train/value_loss=643.888 train/value_explained_variance=-0.335794 train/approx_kl=0 train/clip_epsilon=0.05 train/actor_lr=0 train/post_transition_steps=0 rollout/episode_return_std=nan train/grad_norm=288.522
[V25 PPO] phase=0 rollout/transitions=524288 safety/h_hard_min=6.26228 train/value_loss=561.518 train/value_explained_variance=-0.0043056 train/approx_kl=0 train/clip_epsilon=0.05 train/actor_lr=0 train/post_transition_steps=0 rollout/episode_return_std=nan train/grad_norm=282.028
[V25 PPO] phase=0 rollout/transitions=528384 safety/h_hard_min=6.26228 train/value_loss=570.784 train/value_explained_variance=-1.19209e-07 train/approx_kl=0 train/clip_epsilon=0.05 train/actor_lr=0 train/post_transition_steps=0 rollout/episode_return_std=nan train/grad_norm=284.35
[V25 PPO] phase=0 rollout/transitions=532480 safety/h_hard_min=6.26228 train/value_loss=542.449 train/value_explained_variance=0 train/approx_kl=0 train/clip_epsilon=0.05 train/actor_lr=0 train/post_transition_steps=0 rollout/episode_return_std=nan train/grad_norm=275.427
[V25 PPO] phase=0 rollout/transitions=536576 safety/h_hard_min=6.26228 train/value_loss=571.651 train/value_explained_variance=0 train/approx_kl=0 train/clip_epsilon=0.05 train/actor_lr=0 train/post_transition_steps=0 rollout/episode_return_std=nan train/grad_norm=285.029
[V25 PPO] phase=0 rollout/transitions=540672 safety/h_hard_min=6.26228 train/value_loss=561.494 train/value_explained_variance=0 train/approx_kl=0 train/clip_epsilon=0.05 train/actor_lr=0 train/post_transition_steps=0 rollout/episode_return_std=nan train/grad_norm=282.88
[V25 PPO] phase=0 rollout/transitions=544768 safety/h_hard_min=4.80854 train/value_loss=510.7 train/value_explained_variance=0.354992 train/approx_kl=0 train/clip_epsilon=0.05 train/actor_lr=0 train/post_transition_steps=0 rollout/episode_return_std=0.094422 train/grad_norm=250.847
[V25 PPO] phase=0 rollout/transitions=548864 safety/h_hard_min=5.98049 train/value_loss=1222.06 train/value_explained_variance=-0.958336 train/approx_kl=0 train/clip_epsilon=0.05 train/actor_lr=0 train/post_transition_steps=0 rollout/episode_return_std=nan train/grad_norm=382.372
[V25 PPO] phase=0 rollout/transitions=552960 safety/h_hard_min=6.26228 train/value_loss=581.716 train/value_explained_variance=-0.0421565 train/approx_kl=0 train/clip_epsilon=0.05 train/actor_lr=0 train/post_transition_steps=0 rollout/episode_return_std=nan train/grad_norm=285.385
[V25 PPO] phase=0 rollout/transitions=557056 safety/h_hard_min=6.26228 train/value_loss=553.98 train/value_explained_variance=-0.000338912 train/approx_kl=0 train/clip_epsilon=0.05 train/actor_lr=0 train/post_transition_steps=0 rollout/episode_return_std=nan train/grad_norm=281.271
[V25 PPO] phase=0 rollout/transitions=561152 safety/h_hard_min=6.26228 train/value_loss=577.339 train/value_explained_variance=-1.19209e-07 train/approx_kl=0 train/clip_epsilon=0.05 train/actor_lr=0 train/post_transition_steps=0 rollout/episode_return_std=nan train/grad_norm=290.256
[V25 PPO] phase=0 rollout/transitions=565248 safety/h_hard_min=6.26228 train/value_loss=543.709 train/value_explained_variance=1.19209e-07 train/approx_kl=0 train/clip_epsilon=0.05 train/actor_lr=0 train/post_transition_steps=0 rollout/episode_return_std=nan train/grad_norm=277.098
[V25 PPO] phase=0 rollout/transitions=569344 safety/h_hard_min=6.26228 train/value_loss=530.734 train/value_explained_variance=-1.19209e-07 train/approx_kl=0 train/clip_epsilon=0.05 train/actor_lr=0 train/post_transition_steps=0 rollout/episode_return_std=nan train/grad_norm=272.212
[V25 PPO] phase=0 rollout/transitions=573440 safety/h_hard_min=6.26228 train/value_loss=521.374 train/value_explained_variance=-1.19209e-07 train/approx_kl=0 train/clip_epsilon=0.05 train/actor_lr=0 train/post_transition_steps=0 rollout/episode_return_std=nan train/grad_norm=271.545
[V25 PPO] phase=0 rollout/transitions=577536 safety/h_hard_min=3.01619 train/value_loss=558.391 train/value_explained_variance=0.00990707 train/approx_kl=0 train/clip_epsilon=0.05 train/actor_lr=0 train/post_transition_steps=0 rollout/episode_return_std=0.108777 train/grad_norm=238.172
[V25 PPO] phase=0 rollout/transitions=581632 safety/h_hard_min=6.26228 train/value_loss=995.799 train/value_explained_variance=-1.98375 train/approx_kl=0 train/clip_epsilon=0.05 train/actor_lr=0 train/post_transition_steps=0 rollout/episode_return_std=nan train/grad_norm=340.98
[V25 PPO] phase=0 rollout/transitions=585728 safety/h_hard_min=6.26228 train/value_loss=543.65 train/value_explained_variance=-0.016029 train/approx_kl=0 train/clip_epsilon=0.05 train/actor_lr=0 train/post_transition_steps=0 rollout/episode_return_std=nan train/grad_norm=280.036
[V25 PPO] phase=0 rollout/transitions=589824 safety/h_hard_min=6.26228 train/value_loss=526.346 train/value_explained_variance=-1.19209e-07 train/approx_kl=0 train/clip_epsilon=0.05 train/actor_lr=0 train/post_transition_steps=0 rollout/episode_return_std=nan train/grad_norm=272.518
[V25 PPO] phase=0 rollout/transitions=593920 safety/h_hard_min=6.26228 train/value_loss=523.114 train/value_explained_variance=0 train/approx_kl=0 train/clip_epsilon=0.05 train/actor_lr=0 train/post_transition_steps=0 rollout/episode_return_std=nan train/grad_norm=273.145
[V25 PPO] phase=0 rollout/transitions=598016 safety/h_hard_min=6.26228 train/value_loss=553.298 train/value_explained_variance=0 train/approx_kl=0 train/clip_epsilon=0.05 train/actor_lr=0 train/post_transition_steps=0 rollout/episode_return_std=nan train/grad_norm=283.745
[V25 PPO] phase=0 rollout/transitions=602112 safety/h_hard_min=6.26228 train/value_loss=544.143 train/value_explained_variance=0 train/approx_kl=0 train/clip_epsilon=0.05 train/actor_lr=0 train/post_transition_steps=0 rollout/episode_return_std=nan train/grad_norm=280.498
[V25 PPO] phase=0 rollout/transitions=606208 safety/h_hard_min=6.26228 train/value_loss=540.784 train/value_explained_variance=0 train/approx_kl=0 train/clip_epsilon=0.05 train/actor_lr=0 train/post_transition_steps=0 rollout/episode_return_std=nan train/grad_norm=278.95
[V25 PPO] phase=0 rollout/transitions=610304 safety/h_hard_min=2.02062 train/value_loss=817.323 train/value_explained_variance=-0.543745 train/approx_kl=0 train/clip_epsilon=0.05 train/actor_lr=0 train/post_transition_steps=0 rollout/episode_return_std=0.10275 train/grad_norm=282.724
[V25 PPO] phase=0 rollout/transitions=614400 safety/h_hard_min=6.26228 train/value_loss=817.742 train/value_explained_variance=-2.07937 train/approx_kl=0 train/clip_epsilon=0.05 train/actor_lr=0 train/post_transition_steps=0 rollout/episode_return_std=nan train/grad_norm=306.594
[V25 PPO] phase=0 rollout/transitions=618496 safety/h_hard_min=6.26228 train/value_loss=516.153 train/value_explained_variance=-0.020506 train/approx_kl=0 train/clip_epsilon=0.05 train/actor_lr=0 train/post_transition_steps=0 rollout/episode_return_std=nan train/grad_norm=269.847
[V25 PPO] phase=0 rollout/transitions=622592 safety/h_hard_min=6.26228 train/value_loss=509.039 train/value_explained_variance=5.96046e-08 train/approx_kl=0 train/clip_epsilon=0.05 train/actor_lr=0 train/post_transition_steps=0 rollout/episode_return_std=nan train/grad_norm=267.63
[V25 PPO] phase=0 rollout/transitions=626688 safety/h_hard_min=6.26228 train/value_loss=517.464 train/value_explained_variance=-1.19209e-07 train/approx_kl=0 train/clip_epsilon=0.05 train/actor_lr=0 train/post_transition_steps=0 rollout/episode_return_std=nan train/grad_norm=272.055
[V25 PPO] phase=0 rollout/transitions=630784 safety/h_hard_min=6.26228 train/value_loss=527.864 train/value_explained_variance=2.98023e-07 train/approx_kl=0 train/clip_epsilon=0.05 train/actor_lr=0 train/post_transition_steps=0 rollout/episode_return_std=nan train/grad_norm=276.301
[V25 PPO] phase=0 rollout/transitions=634880 safety/h_hard_min=6.26228 train/value_loss=531.911 train/value_explained_variance=0 train/approx_kl=0 train/clip_epsilon=0.05 train/actor_lr=0 train/post_transition_steps=0 rollout/episode_return_std=nan train/grad_norm=280.044
[V25 PPO] phase=0 rollout/transitions=638976 safety/h_hard_min=6.26228 train/value_loss=506.358 train/value_explained_variance=1.78814e-07 train/approx_kl=0 train/clip_epsilon=0.05 train/actor_lr=0 train/post_transition_steps=0 rollout/episode_return_std=nan train/grad_norm=269.155
[V25 PPO] phase=0 rollout/transitions=643072 safety/h_hard_min=2.67008 train/value_loss=1014.55 train/value_explained_variance=-0.965779 train/approx_kl=0 train/clip_epsilon=0.05 train/actor_lr=0 train/post_transition_steps=0 rollout/episode_return_std=0.0869934 train/grad_norm=318.939
[V25 PPO] phase=0 rollout/transitions=647168 safety/h_hard_min=6.26228 train/value_loss=712.296 train/value_explained_variance=-1.48573 train/approx_kl=0 train/clip_epsilon=0.05 train/actor_lr=0 train/post_transition_steps=0 rollout/episode_return_std=nan train/grad_norm=291.98
[V25 PPO] phase=0 rollout/transitions=651264 safety/h_hard_min=6.26228 train/value_loss=524.944 train/value_explained_variance=-0.0212877 train/approx_kl=0 train/clip_epsilon=0.05 train/actor_lr=0 train/post_transition_steps=0 rollout/episode_return_std=nan train/grad_norm=275.145
[V25 PPO] phase=0 rollout/transitions=655360 safety/h_hard_min=6.26228 train/value_loss=508.432 train/value_explained_variance=-1.19209e-07 train/approx_kl=0 train/clip_epsilon=0.05 train/actor_lr=0 train/post_transition_steps=0 rollout/episode_return_std=nan train/grad_norm=268.912
[V25 PPO] phase=0 rollout/transitions=659456 safety/h_hard_min=6.26228 train/value_loss=489.025 train/value_explained_variance=-1.19209e-07 train/approx_kl=0 train/clip_epsilon=0.05 train/actor_lr=0 train/post_transition_steps=0 rollout/episode_return_std=nan train/grad_norm=263.742
[V25 PPO] phase=0 rollout/transitions=663552 safety/h_hard_min=6.26228 train/value_loss=494.703 train/value_explained_variance=-1.19209e-07 train/approx_kl=0 train/clip_epsilon=0.05 train/actor_lr=0 train/post_transition_steps=0 rollout/episode_return_std=nan train/grad_norm=266.23
[V25 PPO] phase=0 rollout/transitions=667648 safety/h_hard_min=6.26228 train/value_loss=494.393 train/value_explained_variance=5.96046e-08 train/approx_kl=0 train/clip_epsilon=0.05 train/actor_lr=0 train/post_transition_steps=0 rollout/episode_return_std=nan train/grad_norm=263.425
[V25 PPO] phase=0 rollout/transitions=671744 safety/h_hard_min=6.26228 train/value_loss=501.072 train/value_explained_variance=1.19209e-07 train/approx_kl=0 train/clip_epsilon=0.05 train/actor_lr=0 train/post_transition_steps=0 rollout/episode_return_std=nan train/grad_norm=266.656
[V25 PPO] phase=0 rollout/transitions=675840 safety/h_hard_min=4.33751 train/value_loss=1352.27 train/value_explained_variance=-0.685013 train/approx_kl=0 train/clip_epsilon=0.05 train/actor_lr=0 train/post_transition_steps=0 rollout/episode_return_std=0.0944062 train/grad_norm=385.799
[V25 PPO] phase=0 rollout/transitions=679936 safety/h_hard_min=6.26228 train/value_loss=615.792 train/value_explained_variance=-0.804857 train/approx_kl=0 train/clip_epsilon=0.05 train/actor_lr=0 train/post_transition_steps=0 rollout/episode_return_std=nan train/grad_norm=275.626
[V25 PPO] phase=0 rollout/transitions=684032 safety/h_hard_min=6.26228 train/value_loss=500.509 train/value_explained_variance=-0.0116736 train/approx_kl=0 train/clip_epsilon=0.05 train/actor_lr=0 train/post_transition_steps=0 rollout/episode_return_std=nan train/grad_norm=266.584
[V25 PPO] phase=0 rollout/transitions=688128 safety/h_hard_min=6.26228 train/value_loss=482.025 train/value_explained_variance=0 train/approx_kl=0 train/clip_epsilon=0.05 train/actor_lr=0 train/post_transition_steps=0 rollout/episode_return_std=nan train/grad_norm=263.715
[V25 PPO] phase=0 rollout/transitions=692224 safety/h_hard_min=6.26228 train/value_loss=488.836 train/value_explained_variance=-2.38419e-07 train/approx_kl=0 train/clip_epsilon=0.05 train/actor_lr=0 train/post_transition_steps=0 rollout/episode_return_std=nan train/grad_norm=262.459
[V25 PPO] phase=0 rollout/transitions=696320 safety/h_hard_min=6.26228 train/value_loss=525.968 train/value_explained_variance=0 train/approx_kl=0 train/clip_epsilon=0.05 train/actor_lr=0 train/post_transition_steps=0 rollout/episode_return_std=nan train/grad_norm=278.282
[V25 PPO] phase=0 rollout/transitions=700416 safety/h_hard_min=6.26228 train/value_loss=481.986 train/value_explained_variance=-2.38419e-07 train/approx_kl=0 train/clip_epsilon=0.05 train/actor_lr=0 train/post_transition_steps=0 rollout/episode_return_std=nan train/grad_norm=262.058
[V25 PPO] phase=0 rollout/transitions=704512 safety/h_hard_min=5.24559 train/value_loss=426.199 train/value_explained_variance=0.460188 train/approx_kl=0 train/clip_epsilon=0.05 train/actor_lr=0 train/post_transition_steps=0 rollout/episode_return_std=0.0973468 train/grad_norm=234.757
[V25 PPO] phase=0 rollout/transitions=708608 safety/h_hard_min=5.67415 train/value_loss=1238.07 train/value_explained_variance=-0.957275 train/approx_kl=0 train/clip_epsilon=0.05 train/actor_lr=0 train/post_transition_steps=0 rollout/episode_return_std=nan train/grad_norm=386.809
[V25 PPO] phase=0 rollout/transitions=712704 safety/h_hard_min=6.26228 train/value_loss=511.178 train/value_explained_variance=-0.114149 train/approx_kl=0 train/clip_epsilon=0.05 train/actor_lr=0 train/post_transition_steps=0 rollout/episode_return_std=nan train/grad_norm=267.091
[V25 PPO] phase=0 rollout/transitions=716800 safety/h_hard_min=6.26228 train/value_loss=489.905 train/value_explained_variance=-0.00190771 train/approx_kl=0 train/clip_epsilon=0.05 train/actor_lr=0 train/post_transition_steps=0 rollout/episode_return_std=nan train/grad_norm=263.951
[V25 PPO] phase=0 rollout/transitions=720896 safety/h_hard_min=6.26228 train/value_loss=507.795 train/value_explained_variance=1.78814e-07 train/approx_kl=0 train/clip_epsilon=0.05 train/actor_lr=0 train/post_transition_steps=0 rollout/episode_return_std=nan train/grad_norm=270.78
[V25 PPO] phase=0 rollout/transitions=724992 safety/h_hard_min=6.26228 train/value_loss=491.226 train/value_explained_variance=0 train/approx_kl=0 train/clip_epsilon=0.05 train/actor_lr=0 train/post_transition_steps=0 rollout/episode_return_std=nan train/grad_norm=265.199
[V25 PPO] phase=0 rollout/transitions=729088 safety/h_hard_min=6.26228 train/value_loss=453.242 train/value_explained_variance=0 train/approx_kl=0 train/clip_epsilon=0.05 train/actor_lr=0 train/post_transition_steps=0 rollout/episode_return_std=nan train/grad_norm=251.304
[V25 PPO] phase=0 rollout/transitions=733184 safety/h_hard_min=6.26228 train/value_loss=459.443 train/value_explained_variance=-1.19209e-07 train/approx_kl=0 train/clip_epsilon=0.05 train/actor_lr=0 train/post_transition_steps=0 rollout/episode_return_std=nan train/grad_norm=253.489
[V25 PPO] phase=0 rollout/transitions=737280 safety/h_hard_min=3.6325 train/value_loss=558.52 train/value_explained_variance=0.136772 train/approx_kl=0 train/clip_epsilon=0.05 train/actor_lr=0 train/post_transition_steps=0 rollout/episode_return_std=0.107674 train/grad_norm=243.331
[V25 PPO] phase=0 rollout/transitions=741376 safety/h_hard_min=6.25664 train/value_loss=947.966 train/value_explained_variance=-2.95059 train/approx_kl=0 train/clip_epsilon=0.05 train/actor_lr=0 train/post_transition_steps=0 rollout/episode_return_std=nan train/grad_norm=326.279
[V25 PPO] phase=0 rollout/transitions=745472 safety/h_hard_min=6.26228 train/value_loss=500.387 train/value_explained_variance=-0.018791 train/approx_kl=0 train/clip_epsilon=0.05 train/actor_lr=0 train/post_transition_steps=0 rollout/episode_return_std=nan train/grad_norm=266.664
[V25 PPO] phase=0 rollout/transitions=749568 safety/h_hard_min=6.26228 train/value_loss=466.067 train/value_explained_variance=-1.54972e-06 train/approx_kl=0 train/clip_epsilon=0.05 train/actor_lr=0 train/post_transition_steps=0 rollout/episode_return_std=nan train/grad_norm=259.025
[V25 PPO] phase=0 rollout/transitions=753664 safety/h_hard_min=6.26228 train/value_loss=471.292 train/value_explained_variance=1.19209e-07 train/approx_kl=0 train/clip_epsilon=0.05 train/actor_lr=0 train/post_transition_steps=0 rollout/episode_return_std=nan train/grad_norm=262.88
[V25 PPO] phase=0 rollout/transitions=757760 safety/h_hard_min=6.26228 train/value_loss=449.28 train/value_explained_variance=-1.19209e-07 train/approx_kl=0 train/clip_epsilon=0.05 train/actor_lr=0 train/post_transition_steps=0 rollout/episode_return_std=nan train/grad_norm=250.883
[V25 PPO] phase=0 rollout/transitions=761856 safety/h_hard_min=6.26228 train/value_loss=473.152 train/value_explained_variance=0 train/approx_kl=0 train/clip_epsilon=0.05 train/actor_lr=0 train/post_transition_steps=0 rollout/episode_return_std=nan train/grad_norm=259.511
[V25 PPO] phase=0 rollout/transitions=765952 safety/h_hard_min=6.26228 train/value_loss=473.439 train/value_explained_variance=1.78814e-07 train/approx_kl=0 train/clip_epsilon=0.05 train/actor_lr=0 train/post_transition_steps=0 rollout/episode_return_std=nan train/grad_norm=260.611
[V25 PPO] phase=0 rollout/transitions=770048 safety/h_hard_min=2.16836 train/value_loss=669.951 train/value_explained_variance=-0.22812 train/approx_kl=0 train/clip_epsilon=0.05 train/actor_lr=0 train/post_transition_steps=0 rollout/episode_return_std=0.0993837 train/grad_norm=252.33
[V25 PPO] phase=0 rollout/transitions=774144 safety/h_hard_min=6.26228 train/value_loss=837.896 train/value_explained_variance=-3.60043 train/approx_kl=0 train/clip_epsilon=0.05 train/actor_lr=0 train/post_transition_steps=0 rollout/episode_return_std=nan train/grad_norm=304.491
[V25 PPO] phase=0 rollout/transitions=778240 safety/h_hard_min=6.26228 train/value_loss=477.556 train/value_explained_variance=-0.0252717 train/approx_kl=0 train/clip_epsilon=0.05 train/actor_lr=0 train/post_transition_steps=0 rollout/episode_return_std=nan train/grad_norm=261.1
[V25 PPO] phase=0 rollout/transitions=782336 safety/h_hard_min=6.26228 train/value_loss=441.975 train/value_explained_variance=5.96046e-08 train/approx_kl=0 train/clip_epsilon=0.05 train/actor_lr=0 train/post_transition_steps=0 rollout/episode_return_std=nan train/grad_norm=248.16
[V25 PPO] phase=0 rollout/transitions=786432 safety/h_hard_min=6.26228 train/value_loss=456.652 train/value_explained_variance=2.38419e-07 train/approx_kl=0 train/clip_epsilon=0.05 train/actor_lr=0 train/post_transition_steps=0 rollout/episode_return_std=nan train/grad_norm=255.46
[V25 PPO] phase=0 rollout/transitions=790528 safety/h_hard_min=6.26228 train/value_loss=438.055 train/value_explained_variance=1.78814e-07 train/approx_kl=0 train/clip_epsilon=0.05 train/actor_lr=0 train/post_transition_steps=0 rollout/episode_return_std=nan train/grad_norm=248.466
[V25 PPO] phase=0 rollout/transitions=794624 safety/h_hard_min=6.26228 train/value_loss=467.243 train/value_explained_variance=1.78814e-07 train/approx_kl=0 train/clip_epsilon=0.05 train/actor_lr=0 train/post_transition_steps=0 rollout/episode_return_std=nan train/grad_norm=258.915
[V25 PPO] phase=0 rollout/transitions=798720 safety/h_hard_min=6.26228 train/value_loss=441.587 train/value_explained_variance=-1.19209e-07 train/approx_kl=0 train/clip_epsilon=0.05 train/actor_lr=0 train/post_transition_steps=0 rollout/episode_return_std=nan train/grad_norm=250.696
[V25 PPO] phase=0 rollout/transitions=802816 safety/h_hard_min=2.24477 train/value_loss=995.499 train/value_explained_variance=-0.670364 train/approx_kl=0 train/clip_epsilon=0.05 train/actor_lr=0 train/post_transition_steps=0 rollout/episode_return_std=0.0995828 train/grad_norm=313.012
[V25 PPO] phase=0 rollout/transitions=806912 safety/h_hard_min=6.26228 train/value_loss=692.93 train/value_explained_variance=-2.54113 train/approx_kl=0 train/clip_epsilon=0.05 train/actor_lr=0 train/post_transition_steps=0 rollout/episode_return_std=nan train/grad_norm=284.659
[V25 PPO] phase=0 rollout/transitions=811008 safety/h_hard_min=6.26228 train/value_loss=471.047 train/value_explained_variance=-0.0300965 train/approx_kl=0 train/clip_epsilon=0.05 train/actor_lr=0 train/post_transition_steps=0 rollout/episode_return_std=nan train/grad_norm=260.04
[V25 PPO] phase=0 rollout/transitions=815104 safety/h_hard_min=6.26228 train/value_loss=447.907 train/value_explained_variance=1.78814e-07 train/approx_kl=0 train/clip_epsilon=0.05 train/actor_lr=0 train/post_transition_steps=0 rollout/episode_return_std=nan train/grad_norm=253.943
[V25 PPO] phase=0 rollout/transitions=819200 safety/h_hard_min=6.26228 train/value_loss=456.882 train/value_explained_variance=1.19209e-07 train/approx_kl=0 train/clip_epsilon=0.05 train/actor_lr=0 train/post_transition_steps=0 rollout/episode_return_std=nan train/grad_norm=258.994
[V25 PPO] phase=0 rollout/transitions=823296 safety/h_hard_min=6.26228 train/value_loss=432.204 train/value_explained_variance=-1.19209e-07 train/approx_kl=0 train/clip_epsilon=0.05 train/actor_lr=0 train/post_transition_steps=0 rollout/episode_return_std=nan train/grad_norm=247.573
[V25 PPO] phase=0 rollout/transitions=827392 safety/h_hard_min=6.26228 train/value_loss=441.152 train/value_explained_variance=-1.19209e-07 train/approx_kl=0 train/clip_epsilon=0.05 train/actor_lr=0 train/post_transition_steps=0 rollout/episode_return_std=nan train/grad_norm=251.823
[V25 PPO] phase=0 rollout/transitions=831488 safety/h_hard_min=6.26228 train/value_loss=440.535 train/value_explained_variance=1.19209e-07 train/approx_kl=0 train/clip_epsilon=0.05 train/actor_lr=0 train/post_transition_steps=0 rollout/episode_return_std=nan train/grad_norm=252.245
[V25 PPO] phase=0 rollout/transitions=835584 safety/h_hard_min=3.79511 train/value_loss=1291.2 train/value_explained_variance=-1.56394 train/approx_kl=0 train/clip_epsilon=0.05 train/actor_lr=0 train/post_transition_steps=0 rollout/episode_return_std=0.111039 train/grad_norm=382.388
[V25 PPO] phase=0 rollout/transitions=839680 safety/h_hard_min=6.26228 train/value_loss=617.733 train/value_explained_variance=-1.38369 train/approx_kl=0 train/clip_epsilon=0.05 train/actor_lr=0 train/post_transition_steps=0 rollout/episode_return_std=nan train/grad_norm=272.561
[V25 PPO] phase=0 rollout/transitions=843776 safety/h_hard_min=6.26228 train/value_loss=421.277 train/value_explained_variance=-0.0193634 train/approx_kl=0 train/clip_epsilon=0.05 train/actor_lr=0 train/post_transition_steps=0 rollout/episode_return_std=nan train/grad_norm=244.43
[V25 PPO] phase=0 rollout/transitions=847872 safety/h_hard_min=6.26228 train/value_loss=423.91 train/value_explained_variance=0 train/approx_kl=0 train/clip_epsilon=0.05 train/actor_lr=0 train/post_transition_steps=0 rollout/episode_return_std=nan train/grad_norm=243.492
[V25 PPO] phase=0 rollout/transitions=851968 safety/h_hard_min=6.26228 train/value_loss=436.986 train/value_explained_variance=1.19209e-07 train/approx_kl=0 train/clip_epsilon=0.05 train/actor_lr=0 train/post_transition_steps=0 rollout/episode_return_std=nan train/grad_norm=251.686
[V25 PPO] phase=0 rollout/transitions=856064 safety/h_hard_min=6.26228 train/value_loss=418.15 train/value_explained_variance=5.96046e-08 train/approx_kl=0 train/clip_epsilon=0.05 train/actor_lr=0 train/post_transition_steps=0 rollout/episode_return_std=nan train/grad_norm=243.695
[V25 PPO] phase=0 rollout/transitions=860160 safety/h_hard_min=6.26228 train/value_loss=418.409 train/value_explained_variance=1.78814e-07 train/approx_kl=0 train/clip_epsilon=0.05 train/actor_lr=0 train/post_transition_steps=0 rollout/episode_return_std=nan train/grad_norm=243.73
[V25 PPO] phase=0 rollout/transitions=864256 safety/h_hard_min=5.52139 train/value_loss=401.26 train/value_explained_variance=0.517632 train/approx_kl=0 train/clip_epsilon=0.05 train/actor_lr=0 train/post_transition_steps=0 rollout/episode_return_std=0.0874569 train/grad_norm=234.776
[V25 PPO] phase=0 rollout/transitions=868352 safety/h_hard_min=5.28501 train/value_loss=1321.37 train/value_explained_variance=-0.839658 train/approx_kl=0 train/clip_epsilon=0.05 train/actor_lr=0 train/post_transition_steps=0 rollout/episode_return_std=nan train/grad_norm=403.489
[V25 PPO] phase=0 rollout/transitions=872448 safety/h_hard_min=6.26228 train/value_loss=476.491 train/value_explained_variance=-0.406707 train/approx_kl=0 train/clip_epsilon=0.05 train/actor_lr=0 train/post_transition_steps=0 rollout/episode_return_std=nan train/grad_norm=251.862
[V25 PPO] phase=0 rollout/transitions=876544 safety/h_hard_min=6.26228 train/value_loss=445.154 train/value_explained_variance=-0.00531924 train/approx_kl=0 train/clip_epsilon=0.05 train/actor_lr=0 train/post_transition_steps=0 rollout/episode_return_std=nan train/grad_norm=255.83
[V25 PPO] phase=0 rollout/transitions=880640 safety/h_hard_min=6.26228 train/value_loss=403.989 train/value_explained_variance=1.19209e-07 train/approx_kl=0 train/clip_epsilon=0.05 train/actor_lr=0 train/post_transition_steps=0 rollout/episode_return_std=nan train/grad_norm=240.182
[V25 PPO] phase=0 rollout/transitions=884736 safety/h_hard_min=6.26228 train/value_loss=420.917 train/value_explained_variance=0 train/approx_kl=0 train/clip_epsilon=0.05 train/actor_lr=0 train/post_transition_steps=0 rollout/episode_return_std=nan train/grad_norm=245.027
[V25 PPO] phase=0 rollout/transitions=888832 safety/h_hard_min=6.26228 train/value_loss=406.089 train/value_explained_variance=1.78814e-07 train/approx_kl=0 train/clip_epsilon=0.05 train/actor_lr=0 train/post_transition_steps=0 rollout/episode_return_std=nan train/grad_norm=240.776
[V25 PPO] phase=0 rollout/transitions=892928 safety/h_hard_min=6.26228 train/value_loss=425.166 train/value_explained_variance=1.19209e-07 train/approx_kl=0 train/clip_epsilon=0.05 train/actor_lr=0 train/post_transition_steps=0 rollout/episode_return_std=nan train/grad_norm=247.028
[V25 PPO] phase=0 rollout/transitions=897024 safety/h_hard_min=4.25335 train/value_loss=360.058 train/value_explained_variance=0.575598 train/approx_kl=0 train/clip_epsilon=0.05 train/actor_lr=0 train/post_transition_steps=0 rollout/episode_return_std=0.0951138 train/grad_norm=200.566
[V25 PPO] phase=0 rollout/transitions=901120 safety/h_hard_min=6.17743 train/value_loss=1082.03 train/value_explained_variance=-4.12416 train/approx_kl=0 train/clip_epsilon=0.05 train/actor_lr=0 train/post_transition_steps=0 rollout/episode_return_std=nan train/grad_norm=356.938
[V25 PPO] phase=0 rollout/transitions=905216 safety/h_hard_min=6.26228 train/value_loss=417.854 train/value_explained_variance=-0.0458406 train/approx_kl=0 train/clip_epsilon=0.05 train/actor_lr=0 train/post_transition_steps=0 rollout/episode_return_std=nan train/grad_norm=243.847
[V25 PPO] phase=0 rollout/transitions=909312 safety/h_hard_min=6.26228 train/value_loss=407.909 train/value_explained_variance=-3.19481e-05 train/approx_kl=0 train/clip_epsilon=0.05 train/actor_lr=0 train/post_transition_steps=0 rollout/episode_return_std=nan train/grad_norm=241.187
[V25 PPO] phase=0 rollout/transitions=913408 safety/h_hard_min=6.26228 train/value_loss=399.218 train/value_explained_variance=-1.19209e-07 train/approx_kl=0 train/clip_epsilon=0.05 train/actor_lr=0 train/post_transition_steps=0 rollout/episode_return_std=nan train/grad_norm=238.306
[V25 PPO] phase=0 rollout/transitions=917504 safety/h_hard_min=6.26228 train/value_loss=412.89 train/value_explained_variance=0 train/approx_kl=0 train/clip_epsilon=0.05 train/actor_lr=0 train/post_transition_steps=0 rollout/episode_return_std=nan train/grad_norm=243.355
[V25 PPO] phase=0 rollout/transitions=921600 safety/h_hard_min=6.26228 train/value_loss=400.406 train/value_explained_variance=1.78814e-07 train/approx_kl=0 train/clip_epsilon=0.05 train/actor_lr=0 train/post_transition_steps=0 rollout/episode_return_std=nan train/grad_norm=239.336
[V25 PPO] phase=0 rollout/transitions=925696 safety/h_hard_min=6.26228 train/value_loss=393.32 train/value_explained_variance=5.96046e-08 train/approx_kl=0 train/clip_epsilon=0.05 train/actor_lr=0 train/post_transition_steps=0 rollout/episode_return_std=nan train/grad_norm=235.019
[V25 PPO] phase=0 rollout/transitions=929792 safety/h_hard_min=2.49939 train/value_loss=556.603 train/value_explained_variance=-0.102409 train/approx_kl=0 train/clip_epsilon=0.05 train/actor_lr=0 train/post_transition_steps=0 rollout/episode_return_std=0.0898524 train/grad_norm=232.268
[V25 PPO] phase=0 rollout/transitions=933888 safety/h_hard_min=6.26228 train/value_loss=950.58 train/value_explained_variance=-8.46587 train/approx_kl=0 train/clip_epsilon=0.05 train/actor_lr=0 train/post_transition_steps=0 rollout/episode_return_std=nan train/grad_norm=331.664
[V25 PPO] phase=0 rollout/transitions=937984 safety/h_hard_min=6.26228 train/value_loss=391.494 train/value_explained_variance=-0.0282893 train/approx_kl=0 train/clip_epsilon=0.05 train/actor_lr=0 train/post_transition_steps=0 rollout/episode_return_std=nan train/grad_norm=235.715
[V25 PPO] phase=0 rollout/transitions=942080 safety/h_hard_min=6.26228 train/value_loss=390.938 train/value_explained_variance=-4.76837e-07 train/approx_kl=0 train/clip_epsilon=0.05 train/actor_lr=0 train/post_transition_steps=0 rollout/episode_return_std=nan train/grad_norm=237.442
[V25 PPO] phase=0 rollout/transitions=946176 safety/h_hard_min=6.26228 train/value_loss=391.496 train/value_explained_variance=1.19209e-07 train/approx_kl=0 train/clip_epsilon=0.05 train/actor_lr=0 train/post_transition_steps=0 rollout/episode_return_std=nan train/grad_norm=237.081
[V25 PPO] phase=0 rollout/transitions=950272 safety/h_hard_min=6.26228 train/value_loss=417.031 train/value_explained_variance=-2.38419e-07 train/approx_kl=0 train/clip_epsilon=0.05 train/actor_lr=0 train/post_transition_steps=0 rollout/episode_return_std=nan train/grad_norm=247.148
[V25 PPO] phase=0 rollout/transitions=954368 safety/h_hard_min=6.26228 train/value_loss=382.96 train/value_explained_variance=0 train/approx_kl=0 train/clip_epsilon=0.05 train/actor_lr=0 train/post_transition_steps=0 rollout/episode_return_std=nan train/grad_norm=233.711
[V25 PPO] phase=0 rollout/transitions=958464 safety/h_hard_min=6.26228 train/value_loss=369.491 train/value_explained_variance=-4.76837e-07 train/approx_kl=0 train/clip_epsilon=0.05 train/actor_lr=0 train/post_transition_steps=0 rollout/episode_return_std=nan train/grad_norm=230.659
[V25 PPO] phase=0 rollout/transitions=962560 safety/h_hard_min=2.03773 train/value_loss=835.941 train/value_explained_variance=-0.657507 train/approx_kl=0 train/clip_epsilon=0.05 train/actor_lr=0 train/post_transition_steps=0 rollout/episode_return_std=0.0944617 train/grad_norm=286.323
[V25 PPO] phase=0 rollout/transitions=966656 safety/h_hard_min=6.26228 train/value_loss=686.54 train/value_explained_variance=-3.81623 train/approx_kl=0 train/clip_epsilon=0.05 train/actor_lr=0 train/post_transition_steps=0 rollout/episode_return_std=nan train/grad_norm=276.602
[V25 PPO] phase=0 rollout/transitions=970752 safety/h_hard_min=6.26228 train/value_loss=391.335 train/value_explained_variance=-0.0424182 train/approx_kl=0 train/clip_epsilon=0.05 train/actor_lr=0 train/post_transition_steps=0 rollout/episode_return_std=nan train/grad_norm=237.827
[V25 PPO] phase=0 rollout/transitions=974848 safety/h_hard_min=6.26228 train/value_loss=370.922 train/value_explained_variance=0 train/approx_kl=0 train/clip_epsilon=0.05 train/actor_lr=0 train/post_transition_steps=0 rollout/episode_return_std=nan train/grad_norm=229.687
[V25 PPO] phase=0 rollout/transitions=978944 safety/h_hard_min=6.26228 train/value_loss=383.783 train/value_explained_variance=-1.19209e-07 train/approx_kl=0 train/clip_epsilon=0.05 train/actor_lr=0 train/post_transition_steps=0 rollout/episode_return_std=nan train/grad_norm=235.279
[V25 PPO] phase=0 rollout/transitions=983040 safety/h_hard_min=6.26228 train/value_loss=373.979 train/value_explained_variance=-2.38419e-07 train/approx_kl=0 train/clip_epsilon=0.05 train/actor_lr=0 train/post_transition_steps=0 rollout/episode_return_std=nan train/grad_norm=229.871
[V25 PPO] phase=0 rollout/transitions=987136 safety/h_hard_min=6.26228 train/value_loss=380.423 train/value_explained_variance=-2.38419e-07 train/approx_kl=0 train/clip_epsilon=0.05 train/actor_lr=0 train/post_transition_steps=0 rollout/episode_return_std=nan train/grad_norm=233.61
[V25 PPO] phase=0 rollout/transitions=991232 safety/h_hard_min=6.26228 train/value_loss=386.223 train/value_explained_variance=-1.19209e-07 train/approx_kl=0 train/clip_epsilon=0.05 train/actor_lr=0 train/post_transition_steps=0 rollout/episode_return_std=nan train/grad_norm=238.038
[V25 PPO] phase=0 rollout/transitions=995328 safety/h_hard_min=3.21754 train/value_loss=1174.4 train/value_explained_variance=-1.53666 train/approx_kl=0 train/clip_epsilon=0.05 train/actor_lr=0 train/post_transition_steps=0 rollout/episode_return_std=0.11501 train/grad_norm=354.992
[V25 PPO] phase=0 rollout/transitions=999424 safety/h_hard_min=6.26228 train/value_loss=593.251 train/value_explained_variance=-2.78135 train/approx_kl=0 train/clip_epsilon=0.05 train/actor_lr=0 train/post_transition_steps=0 rollout/episode_return_std=nan train/grad_norm=261.45
[V25 PPO] phase=0 rollout/transitions=1003520 safety/h_hard_min=6.26228 train/value_loss=370.51 train/value_explained_variance=-0.0310671 train/approx_kl=0 train/clip_epsilon=0.05 train/actor_lr=0 train/post_transition_steps=0 rollout/episode_return_std=nan train/grad_norm=231.371
[V25 PPO] phase=0 rollout/transitions=1007616 safety/h_hard_min=6.26228 train/value_loss=367.487 train/value_explained_variance=-2.38419e-07 train/approx_kl=0 train/clip_epsilon=0.05 train/actor_lr=0 train/post_transition_steps=0 rollout/episode_return_std=nan train/grad_norm=228.953
[HALT][V25] reason=watchdog halt
wandb: 
wandb: Run history:
wandb:                 critic_warmup_active ▁▁▁▁▁▁▁▁▁▁▁▁▁▁▁▁▁▁▁▁▁▁▁▁▁▁▁▁▁▁▁▁▁▁▁▁▁▁▁▁
wandb:                  critic_warmup_steps ▁▁▁▁▁▂▂▂▂▃▃▃▃▃▃▄▄▄▄▄▅▅▅▅▅▅▆▆▆▆▇▇▇▇▇▇████
wandb:                          elapsed_sec ▁▁▁▂▂▂▂▂▃▃▃▃▃▃▄▄▄▄▅▅▅▅▅▅▅▆▆▆▆▆▆▆▇▇▇▇▇▇▇█
wandb:         episode_return_zero_variance ▁▁▁▁▁▁▁▁▁▁▁▁▁▁▁▁▁▁▁▁▁▁▁▁▁▁▁▁▁▁▁▁▁▁▁▁▁▁▁▁
wandb:    explained_variance_stuck_negative ▁▁▁▁▁▁▁▁▁▁▁▁▁▁▁▁▁▁▁▁▁▁▁▁▁▁▁▁▁▁▁▁▁▁▁▁▁▁▁▁
wandb:                            grad_norm █▇▆▆▅▅▅▅▇█▅▃▆▄▄▄▄▄▄▄▆▄▄▄▅▃▃▃▃▂▄▃▄▃▂▃▂▁▂▂
wandb:                                phase ▁▁▁▁▁▁▁▁▁▁▁▁▁▁▁▁▁▁▁▁▁▁▁▁▁▁▁▁▁▁▁▁▁▁▁▁▁▁▁▁
wandb: rollout/arena_projection_active_rate ████████▁██▃████▁██▂██████▁█████████▅██▁
wandb:              rollout/cbf_active_rate ████████▆▃████████▁█▅▄█▁████▃███████▂█▅█
wandb:  rollout/cbf_arena_projection_active ▁▁▁▁▁▁▁▁▁▁▁▁▁▁▁▁▁▁▁▁▁▁▁▁▁▁▁▁▁▁▁▁▁▁▁▁▁▁▁▁
wandb:                                  +44 ...
wandb: 
wandb: Run summary:
wandb:                 critic_warmup_active 0
wandb:                  critic_warmup_steps 1007616
wandb:                          elapsed_sec 507.77484
wandb:         episode_return_zero_variance 0
wandb:    explained_variance_stuck_negative 1
wandb:                            grad_norm 228.95314
wandb:                                phase 0
wandb:                           phase_name critic_warmup
wandb: rollout/arena_projection_active_rate 1
wandb:              rollout/cbf_active_rate 1
wandb:                                  +45 ...
wandb: 
wandb: You can sync this run to the cloud by running:
wandb: wandb sync /data/uav_project/ParallelCBF/runs/v02_attempt5_20260503T114723Z/wandb/wandb/offline-run-20260503_194726-gucmlofn
wandb: Find logs at: ./runs/v02_attempt5_20260503T114723Z/wandb/wandb/offline-run-20260503_194726-gucmlofn/logs
