output_dir=/data/uav_project/ParallelCBF/runs/v02_attempt7_kf005_4x_20260503T155101Z
tb_logdir=/data/uav_project/ParallelCBF/runs/v02_attempt7_kf005_4x_20260503T155101Z/tb
pre_registration_manifest_sha256=80cc153947515063c529a07d7aa3e412094ea9218f7284b301568eb3ae513cc9
bc_checkpoint_sha256=40c70226bbae24e2bce4c00878fd31173337fb4e411b7f45107a71198f5719e0
bc_dataset_sha256=50e59d2f7886dcc00f3c2405ae449cdbaa879b1b5be79b7dcd2993ce65bb5145
============================================================
WATCHDOG REGISTRY (V25 PPO training):
  - Train Loss Explosion: metric=train_loss, threshold=1000000.0, when=>, phases=ppo,critic_warmup
  - Grad Norm Blowup: metric=grad_norm, threshold=10000.0, when=>, phases=ppo,critic_warmup
  - Val Overfit: metric=val_overfit_ratio, threshold=5.0, when=>, phases=ppo,critic_warmup
  - critic_warmup_did_not_converge: metric=phase, threshold=1500000, when=sustained_phase, phases=critic_warmup
  - value_loss_increasing_warmup: metric=value_loss_slope, threshold=0.001, when=>, phases=critic_warmup
  - episode_return_zero_variance: metric=episode_return_zero_variance, threshold=0.5, when=>, phases=ppo,critic_warmup
  - explained_variance_stuck_negative: metric=explained_variance_stuck_negative, threshold=0.5, when=>, phases=critic_warmup
  - explained_variance_dropping_full_ppo: metric=train/value_explained_variance, threshold=0.5, when=<, phases=ppo
  - arena_projection_saturation: metric=arena_projection_active_rate, threshold=0.5, when=>, phases=ppo,critic_warmup
============================================================
[INFO][V25] phase=0 (CRITIC_WARMUP) entered cleanly
loaded_actor_parameters=3167235
[INFO][V25] algo.learn entry reached
wandb: WARNING The anonymous setting has no effect and will be removed in a future version.
wandb: Tracking run with wandb version 0.26.1
wandb: W&B syncing is set to `offline` in this directory. Run `wandb online` or set WANDB_MODE=online to enable cloud syncing.
wandb: Run data is saved locally in /data/uav_project/ParallelCBF/runs/v02_attempt7_kf005_4x_20260503T155101Z/wandb/wandb/offline-run-20260503_235104-wpiqh5n1
wandb: WARNING URL not available in offline run
wandb_status=initialized mode=offline url=unavailable
tensorboard_status=initialized logdir=/data/uav_project/ParallelCBF/runs/v02_attempt7_kf005_4x_20260503T155101Z/tb
[V25 PPO] phase=0 rollout/transitions=4096 safety/h_hard_min=4.92418 train/value_loss=1492.48 train/value_explained_variance=0.00391358 train/approx_kl=0 train/clip_epsilon=0.05 train/actor_lr=0 train/post_transition_steps=0 rollout/episode_return_std=nan rollout/potential_delta_std=0.0246332 rollout/shaping_reward_share=0.0206393 train/grad_norm=414.86
[V25 PPO] phase=0 rollout/transitions=8192 safety/h_hard_min=6.26228 train/value_loss=879.643 train/value_explained_variance=-0.000565052 train/approx_kl=0 train/clip_epsilon=0.05 train/actor_lr=0 train/post_transition_steps=0 rollout/episode_return_std=nan rollout/potential_delta_std=0.00193474 rollout/shaping_reward_share=0.0117081 train/grad_norm=345.757
[V25 PPO] phase=0 rollout/transitions=12288 safety/h_hard_min=6.26228 train/value_loss=851.886 train/value_explained_variance=-6.31809e-05 train/approx_kl=0 train/clip_epsilon=0.05 train/actor_lr=0 train/post_transition_steps=0 rollout/episode_return_std=nan rollout/potential_delta_std=0 rollout/shaping_reward_share=0.0121402 train/grad_norm=350.181
[V25 PPO] phase=0 rollout/transitions=16384 safety/h_hard_min=6.26228 train/value_loss=815.67 train/value_explained_variance=0 train/approx_kl=0 train/clip_epsilon=0.05 train/actor_lr=0 train/post_transition_steps=0 rollout/episode_return_std=nan rollout/potential_delta_std=0 rollout/shaping_reward_share=0.0121402 train/grad_norm=342.023
[V25 PPO] phase=0 rollout/transitions=20480 safety/h_hard_min=6.26228 train/value_loss=839.878 train/value_explained_variance=1.19209e-07 train/approx_kl=0 train/clip_epsilon=0.05 train/actor_lr=0 train/post_transition_steps=0 rollout/episode_return_std=nan rollout/potential_delta_std=0 rollout/shaping_reward_share=0.0121402 train/grad_norm=349.897
[V25 PPO] phase=0 rollout/transitions=24576 safety/h_hard_min=6.26228 train/value_loss=835.308 train/value_explained_variance=-1.19209e-07 train/approx_kl=0 train/clip_epsilon=0.05 train/actor_lr=0 train/post_transition_steps=0 rollout/episode_return_std=nan rollout/potential_delta_std=0 rollout/shaping_reward_share=0.0121401 train/grad_norm=347.154
[V25 PPO] phase=0 rollout/transitions=28672 safety/h_hard_min=6.26228 train/value_loss=807.514 train/value_explained_variance=5.96046e-08 train/approx_kl=0 train/clip_epsilon=0.05 train/actor_lr=0 train/post_transition_steps=0 rollout/episode_return_std=nan rollout/potential_delta_std=0 rollout/shaping_reward_share=0.0121402 train/grad_norm=337.456
[V25 PPO] phase=0 rollout/transitions=32768 safety/h_hard_min=4.80856 train/value_loss=680.079 train/value_explained_variance=0.0149286 train/approx_kl=0 train/clip_epsilon=0.05 train/actor_lr=0 train/post_transition_steps=0 rollout/episode_return_std=0.0955428 rollout/potential_delta_std=0.0199801 rollout/shaping_reward_share=0.0144039 train/grad_norm=294.247
[V25 PPO] phase=0 rollout/transitions=36864 safety/h_hard_min=5.98099 train/value_loss=1233.44 train/value_explained_variance=-0.0293598 train/approx_kl=0 train/clip_epsilon=0.05 train/actor_lr=0 train/post_transition_steps=0 rollout/episode_return_std=nan rollout/potential_delta_std=0.0270173 rollout/shaping_reward_share=0.0191671 train/grad_norm=385.223
[V25 PPO] phase=0 rollout/transitions=40960 safety/h_hard_min=6.26228 train/value_loss=828.875 train/value_explained_variance=-0.00188708 train/approx_kl=0 train/clip_epsilon=0.05 train/actor_lr=0 train/post_transition_steps=0 rollout/episode_return_std=nan rollout/potential_delta_std=0.000300841 rollout/shaping_reward_share=0.0121101 train/grad_norm=341.284
[V25 PPO] phase=0 rollout/transitions=45056 safety/h_hard_min=6.26228 train/value_loss=790.164 train/value_explained_variance=-2.36034e-05 train/approx_kl=0 train/clip_epsilon=0.05 train/actor_lr=0 train/post_transition_steps=0 rollout/episode_return_std=nan rollout/potential_delta_std=0 rollout/shaping_reward_share=0.0121402 train/grad_norm=336.553
[V25 PPO] phase=0 rollout/transitions=49152 safety/h_hard_min=6.26228 train/value_loss=830.93 train/value_explained_variance=1.19209e-07 train/approx_kl=0 train/clip_epsilon=0.05 train/actor_lr=0 train/post_transition_steps=0 rollout/episode_return_std=nan rollout/potential_delta_std=0 rollout/shaping_reward_share=0.0121402 train/grad_norm=344.687
[V25 PPO] phase=0 rollout/transitions=53248 safety/h_hard_min=6.26228 train/value_loss=810.954 train/value_explained_variance=0 train/approx_kl=0 train/clip_epsilon=0.05 train/actor_lr=0 train/post_transition_steps=0 rollout/episode_return_std=nan rollout/potential_delta_std=0 rollout/shaping_reward_share=0.0121402 train/grad_norm=343.585
[V25 PPO] phase=0 rollout/transitions=57344 safety/h_hard_min=6.26228 train/value_loss=793.39 train/value_explained_variance=0 train/approx_kl=0 train/clip_epsilon=0.05 train/actor_lr=0 train/post_transition_steps=0 rollout/episode_return_std=nan rollout/potential_delta_std=0 rollout/shaping_reward_share=0.0121402 train/grad_norm=335.114
[V25 PPO] phase=0 rollout/transitions=61440 safety/h_hard_min=6.26228 train/value_loss=762.012 train/value_explained_variance=0 train/approx_kl=0 train/clip_epsilon=0.05 train/actor_lr=0 train/post_transition_steps=0 rollout/episode_return_std=nan rollout/potential_delta_std=0 rollout/shaping_reward_share=0.0121402 train/grad_norm=326.001
[V25 PPO] phase=0 rollout/transitions=65536 safety/h_hard_min=3.01674 train/value_loss=750.016 train/value_explained_variance=-0.0439168 train/approx_kl=0 train/clip_epsilon=0.05 train/actor_lr=0 train/post_transition_steps=0 rollout/episode_return_std=0.107574 rollout/potential_delta_std=0.0273902 rollout/shaping_reward_share=0.0172243 train/grad_norm=280.505
[V25 PPO] phase=0 rollout/transitions=69632 safety/h_hard_min=6.26228 train/value_loss=1058.34 train/value_explained_variance=-0.101417 train/approx_kl=0 train/clip_epsilon=0.05 train/actor_lr=0 train/post_transition_steps=0 rollout/episode_return_std=nan rollout/potential_delta_std=0.0224145 rollout/shaping_reward_share=0.0165251 train/grad_norm=354.472
[V25 PPO] phase=0 rollout/transitions=73728 safety/h_hard_min=6.26228 train/value_loss=774.862 train/value_explained_variance=-0.00108004 train/approx_kl=0 train/clip_epsilon=0.05 train/actor_lr=0 train/post_transition_steps=0 rollout/episode_return_std=nan rollout/potential_delta_std=0 rollout/shaping_reward_share=0.0121328 train/grad_norm=330.45
[V25 PPO] phase=0 rollout/transitions=77824 safety/h_hard_min=6.26228 train/value_loss=774.414 train/value_explained_variance=-1.19209e-07 train/approx_kl=0 train/clip_epsilon=0.05 train/actor_lr=0 train/post_transition_steps=0 rollout/episode_return_std=nan rollout/potential_delta_std=0 rollout/shaping_reward_share=0.0121401 train/grad_norm=333.384
[V25 PPO] phase=0 rollout/transitions=81920 safety/h_hard_min=6.26228 train/value_loss=823.932 train/value_explained_variance=1.19209e-07 train/approx_kl=0 train/clip_epsilon=0.05 train/actor_lr=0 train/post_transition_steps=0 rollout/episode_return_std=nan rollout/potential_delta_std=0 rollout/shaping_reward_share=0.0121402 train/grad_norm=345.373
[V25 PPO] phase=0 rollout/transitions=86016 safety/h_hard_min=6.26228 train/value_loss=772.535 train/value_explained_variance=-3.57628e-07 train/approx_kl=0 train/clip_epsilon=0.05 train/actor_lr=0 train/post_transition_steps=0 rollout/episode_return_std=nan rollout/potential_delta_std=0 rollout/shaping_reward_share=0.0121402 train/grad_norm=333.077
[V25 PPO] phase=0 rollout/transitions=90112 safety/h_hard_min=6.26228 train/value_loss=792.911 train/value_explained_variance=0 train/approx_kl=0 train/clip_epsilon=0.05 train/actor_lr=0 train/post_transition_steps=0 rollout/episode_return_std=nan rollout/potential_delta_std=0 rollout/shaping_reward_share=0.0121402 train/grad_norm=338.105
[V25 PPO] phase=0 rollout/transitions=94208 safety/h_hard_min=6.26228 train/value_loss=761.658 train/value_explained_variance=1.19209e-07 train/approx_kl=0 train/clip_epsilon=0.05 train/actor_lr=0 train/post_transition_steps=0 rollout/episode_return_std=nan rollout/potential_delta_std=0 rollout/shaping_reward_share=0.0121401 train/grad_norm=328.969
[V25 PPO] phase=0 rollout/transitions=98304 safety/h_hard_min=2.02064 train/value_loss=1046.44 train/value_explained_variance=-0.0841061 train/approx_kl=0 train/clip_epsilon=0.05 train/actor_lr=0 train/post_transition_steps=0 rollout/episode_return_std=0.111734 rollout/potential_delta_std=0.0270875 rollout/shaping_reward_share=0.0193069 train/grad_norm=327.828
[V25 PPO] phase=0 rollout/transitions=102400 safety/h_hard_min=6.26228 train/value_loss=877.339 train/value_explained_variance=-0.158789 train/approx_kl=0 train/clip_epsilon=0.05 train/actor_lr=0 train/post_transition_steps=0 rollout/episode_return_std=nan rollout/potential_delta_std=0.0155993 rollout/shaping_reward_share=0.0138448 train/grad_norm=322.136
[V25 PPO] phase=0 rollout/transitions=106496 safety/h_hard_min=6.26228 train/value_loss=743.729 train/value_explained_variance=-0.00270951 train/approx_kl=0 train/clip_epsilon=0.05 train/actor_lr=0 train/post_transition_steps=0 rollout/episode_return_std=nan rollout/potential_delta_std=0 rollout/shaping_reward_share=0.0121361 train/grad_norm=325.413
[V25 PPO] phase=0 rollout/transitions=110592 safety/h_hard_min=6.26228 train/value_loss=735.884 train/value_explained_variance=1.19209e-07 train/approx_kl=0 train/clip_epsilon=0.05 train/actor_lr=0 train/post_transition_steps=0 rollout/episode_return_std=nan rollout/potential_delta_std=0 rollout/shaping_reward_share=0.0121401 train/grad_norm=324.322
[V25 PPO] phase=0 rollout/transitions=114688 safety/h_hard_min=6.26228 train/value_loss=726.873 train/value_explained_variance=-1.19209e-07 train/approx_kl=0 train/clip_epsilon=0.05 train/actor_lr=0 train/post_transition_steps=0 rollout/episode_return_std=nan rollout/potential_delta_std=0 rollout/shaping_reward_share=0.0121401 train/grad_norm=322.325
[V25 PPO] phase=0 rollout/transitions=118784 safety/h_hard_min=6.26228 train/value_loss=748.179 train/value_explained_variance=-1.19209e-07 train/approx_kl=0 train/clip_epsilon=0.05 train/actor_lr=0 train/post_transition_steps=0 rollout/episode_return_std=nan rollout/potential_delta_std=0 rollout/shaping_reward_share=0.0121402 train/grad_norm=326.242
[V25 PPO] phase=0 rollout/transitions=122880 safety/h_hard_min=6.26228 train/value_loss=774.798 train/value_explained_variance=1.19209e-07 train/approx_kl=0 train/clip_epsilon=0.05 train/actor_lr=0 train/post_transition_steps=0 rollout/episode_return_std=nan rollout/potential_delta_std=0 rollout/shaping_reward_share=0.0121401 train/grad_norm=338.691
[V25 PPO] phase=0 rollout/transitions=126976 safety/h_hard_min=6.26228 train/value_loss=756.175 train/value_explained_variance=0 train/approx_kl=0 train/clip_epsilon=0.05 train/actor_lr=0 train/post_transition_steps=0 rollout/episode_return_std=nan rollout/potential_delta_std=0 rollout/shaping_reward_share=0.0121402 train/grad_norm=330.209
[V25 PPO] phase=0 rollout/transitions=131072 safety/h_hard_min=2.6665 train/value_loss=1145.68 train/value_explained_variance=-0.130956 train/approx_kl=0 train/clip_epsilon=0.05 train/actor_lr=0 train/post_transition_steps=0 rollout/episode_return_std=0.114376 rollout/potential_delta_std=0.0248063 rollout/shaping_reward_share=0.0206127 train/grad_norm=340.557
[V25 PPO] phase=0 rollout/transitions=135168 safety/h_hard_min=6.26228 train/value_loss=813.041 train/value_explained_variance=-0.174302 train/approx_kl=0 train/clip_epsilon=0.05 train/actor_lr=0 train/post_transition_steps=0 rollout/episode_return_std=nan rollout/potential_delta_std=0.00357864 rollout/shaping_reward_share=0.0118289 train/grad_norm=315.715
[V25 PPO] phase=0 rollout/transitions=139264 safety/h_hard_min=6.26228 train/value_loss=775.857 train/value_explained_variance=-0.00404859 train/approx_kl=0 train/clip_epsilon=0.05 train/actor_lr=0 train/post_transition_steps=0 rollout/episode_return_std=nan rollout/potential_delta_std=0 rollout/shaping_reward_share=0.0121388 train/grad_norm=335.147
[V25 PPO] phase=0 rollout/transitions=143360 safety/h_hard_min=6.26228 train/value_loss=723.461 train/value_explained_variance=0 train/approx_kl=0 train/clip_epsilon=0.05 train/actor_lr=0 train/post_transition_steps=0 rollout/episode_return_std=nan rollout/potential_delta_std=0 rollout/shaping_reward_share=0.0121401 train/grad_norm=319.713
[V25 PPO] phase=0 rollout/transitions=147456 safety/h_hard_min=6.26228 train/value_loss=719.656 train/value_explained_variance=-2.38419e-07 train/approx_kl=0 train/clip_epsilon=0.05 train/actor_lr=0 train/post_transition_steps=0 rollout/episode_return_std=nan rollout/potential_delta_std=0 rollout/shaping_reward_share=0.0121402 train/grad_norm=318.774
[V25 PPO] phase=0 rollout/transitions=151552 safety/h_hard_min=6.26228 train/value_loss=761.927 train/value_explained_variance=0 train/approx_kl=0 train/clip_epsilon=0.05 train/actor_lr=0 train/post_transition_steps=0 rollout/episode_return_std=nan rollout/potential_delta_std=0 rollout/shaping_reward_share=0.0121402 train/grad_norm=332.651
[V25 PPO] phase=0 rollout/transitions=155648 safety/h_hard_min=6.26228 train/value_loss=766.283 train/value_explained_variance=1.19209e-07 train/approx_kl=0 train/clip_epsilon=0.05 train/actor_lr=0 train/post_transition_steps=0 rollout/episode_return_std=nan rollout/potential_delta_std=0 rollout/shaping_reward_share=0.0121401 train/grad_norm=332.19
[V25 PPO] phase=0 rollout/transitions=159744 safety/h_hard_min=6.26228 train/value_loss=696.241 train/value_explained_variance=1.19209e-07 train/approx_kl=0 train/clip_epsilon=0.05 train/actor_lr=0 train/post_transition_steps=0 rollout/episode_return_std=nan rollout/potential_delta_std=0 rollout/shaping_reward_share=0.0121401 train/grad_norm=312.815
[V25 PPO] phase=0 rollout/transitions=163840 safety/h_hard_min=4.34133 train/value_loss=1292.31 train/value_explained_variance=-0.132025 train/approx_kl=0 train/clip_epsilon=0.05 train/actor_lr=0 train/post_transition_steps=0 rollout/episode_return_std=0.104408 rollout/potential_delta_std=0.0235777 rollout/shaping_reward_share=0.020628 train/grad_norm=373.637
[V25 PPO] phase=0 rollout/transitions=167936 safety/h_hard_min=6.26228 train/value_loss=779.164 train/value_explained_variance=-0.129641 train/approx_kl=0 train/clip_epsilon=0.05 train/actor_lr=0 train/post_transition_steps=0 rollout/episode_return_std=nan rollout/potential_delta_std=0.0024799 rollout/shaping_reward_share=0.0116403 train/grad_norm=314.481
[V25 PPO] phase=0 rollout/transitions=172032 safety/h_hard_min=6.26228 train/value_loss=739.407 train/value_explained_variance=-0.00237262 train/approx_kl=0 train/clip_epsilon=0.05 train/actor_lr=0 train/post_transition_steps=0 rollout/episode_return_std=nan rollout/potential_delta_std=0 rollout/shaping_reward_share=0.0121401 train/grad_norm=325.258
[V25 PPO] phase=0 rollout/transitions=176128 safety/h_hard_min=6.26228 train/value_loss=740.727 train/value_explained_variance=5.96046e-08 train/approx_kl=0 train/clip_epsilon=0.05 train/actor_lr=0 train/post_transition_steps=0 rollout/episode_return_std=nan rollout/potential_delta_std=0 rollout/shaping_reward_share=0.0121402 train/grad_norm=327.871
[V25 PPO] phase=0 rollout/transitions=180224 safety/h_hard_min=6.26228 train/value_loss=750.367 train/value_explained_variance=-1.19209e-07 train/approx_kl=0 train/clip_epsilon=0.05 train/actor_lr=0 train/post_transition_steps=0 rollout/episode_return_std=nan rollout/potential_delta_std=0 rollout/shaping_reward_share=0.0121402 train/grad_norm=329.978
[V25 PPO] phase=0 rollout/transitions=184320 safety/h_hard_min=6.26228 train/value_loss=717.422 train/value_explained_variance=0 train/approx_kl=0 train/clip_epsilon=0.05 train/actor_lr=0 train/post_transition_steps=0 rollout/episode_return_std=nan rollout/potential_delta_std=0 rollout/shaping_reward_share=0.0121402 train/grad_norm=319.307
[V25 PPO] phase=0 rollout/transitions=188416 safety/h_hard_min=6.26228 train/value_loss=797.533 train/value_explained_variance=-1.19209e-07 train/approx_kl=0 train/clip_epsilon=0.05 train/actor_lr=0 train/post_transition_steps=0 rollout/episode_return_std=nan rollout/potential_delta_std=0 rollout/shaping_reward_share=0.0121402 train/grad_norm=345.197
[V25 PPO] phase=0 rollout/transitions=192512 safety/h_hard_min=5.24536 train/value_loss=654.231 train/value_explained_variance=0.129031 train/approx_kl=0 train/clip_epsilon=0.05 train/actor_lr=0 train/post_transition_steps=0 rollout/episode_return_std=0.11002 rollout/potential_delta_std=0.0157192 rollout/shaping_reward_share=0.0135082 train/grad_norm=295.62
[V25 PPO] phase=0 rollout/transitions=196608 safety/h_hard_min=5.67701 train/value_loss=1342.85 train/value_explained_variance=-0.171542 train/approx_kl=0 train/clip_epsilon=0.05 train/actor_lr=0 train/post_transition_steps=0 rollout/episode_return_std=nan rollout/potential_delta_std=0.0268937 rollout/shaping_reward_share=0.0198207 train/grad_norm=405.787
[V25 PPO] phase=0 rollout/transitions=200704 safety/h_hard_min=6.26228 train/value_loss=747.225 train/value_explained_variance=-0.0368048 train/approx_kl=0 train/clip_epsilon=0.05 train/actor_lr=0 train/post_transition_steps=0 rollout/episode_return_std=nan rollout/potential_delta_std=0.000764368 rollout/shaping_reward_share=0.012018 train/grad_norm=323.226
[V25 PPO] phase=0 rollout/transitions=204800 safety/h_hard_min=6.26228 train/value_loss=701.664 train/value_explained_variance=-0.000510216 train/approx_kl=0 train/clip_epsilon=0.05 train/actor_lr=0 train/post_transition_steps=0 rollout/episode_return_std=nan rollout/potential_delta_std=0 rollout/shaping_reward_share=0.0121402 train/grad_norm=313.253
[V25 PPO] phase=0 rollout/transitions=208896 safety/h_hard_min=6.26228 train/value_loss=730.477 train/value_explained_variance=-1.19209e-07 train/approx_kl=0 train/clip_epsilon=0.05 train/actor_lr=0 train/post_transition_steps=0 rollout/episode_return_std=nan rollout/potential_delta_std=0 rollout/shaping_reward_share=0.0121402 train/grad_norm=324.122
[V25 PPO] phase=0 rollout/transitions=212992 safety/h_hard_min=6.26228 train/value_loss=724.735 train/value_explained_variance=0 train/approx_kl=0 train/clip_epsilon=0.05 train/actor_lr=0 train/post_transition_steps=0 rollout/episode_return_std=nan rollout/potential_delta_std=0 rollout/shaping_reward_share=0.0121402 train/grad_norm=323.401
[V25 PPO] phase=0 rollout/transitions=217088 safety/h_hard_min=6.26228 train/value_loss=656.069 train/value_explained_variance=0 train/approx_kl=0 train/clip_epsilon=0.05 train/actor_lr=0 train/post_transition_steps=0 rollout/episode_return_std=nan rollout/potential_delta_std=0 rollout/shaping_reward_share=0.0121402 train/grad_norm=304.441
[V25 PPO] phase=0 rollout/transitions=221184 safety/h_hard_min=6.26228 train/value_loss=689.312 train/value_explained_variance=1.19209e-07 train/approx_kl=0 train/clip_epsilon=0.05 train/actor_lr=0 train/post_transition_steps=0 rollout/episode_return_std=nan rollout/potential_delta_std=0 rollout/shaping_reward_share=0.0121402 train/grad_norm=311.763
[V25 PPO] phase=0 rollout/transitions=225280 safety/h_hard_min=3.63593 train/value_loss=641.335 train/value_explained_variance=-0.0146569 train/approx_kl=0 train/clip_epsilon=0.05 train/actor_lr=0 train/post_transition_steps=0 rollout/episode_return_std=0.0947368 rollout/potential_delta_std=0.0258528 rollout/shaping_reward_share=0.016314 train/grad_norm=273.456
[V25 PPO] phase=0 rollout/transitions=229376 safety/h_hard_min=6.25682 train/value_loss=1143.92 train/value_explained_variance=-0.39126 train/approx_kl=0 train/clip_epsilon=0.05 train/actor_lr=0 train/post_transition_steps=0 rollout/episode_return_std=nan rollout/potential_delta_std=0.0245298 rollout/shaping_reward_share=0.0174862 train/grad_norm=371.56
[V25 PPO] phase=0 rollout/transitions=233472 safety/h_hard_min=6.26228 train/value_loss=713.519 train/value_explained_variance=-0.00559068 train/approx_kl=0 train/clip_epsilon=0.05 train/actor_lr=0 train/post_transition_steps=0 rollout/episode_return_std=nan rollout/potential_delta_std=0.000115772 rollout/shaping_reward_share=0.0121383 train/grad_norm=318.536
[V25 PPO] phase=0 rollout/transitions=237568 safety/h_hard_min=6.26228 train/value_loss=687.359 train/value_explained_variance=-2.38419e-07 train/approx_kl=0 train/clip_epsilon=0.05 train/actor_lr=0 train/post_transition_steps=0 rollout/episode_return_std=nan rollout/potential_delta_std=0 rollout/shaping_reward_share=0.0121402 train/grad_norm=311.232
[V25 PPO] phase=0 rollout/transitions=241664 safety/h_hard_min=6.26228 train/value_loss=703.393 train/value_explained_variance=0 train/approx_kl=0 train/clip_epsilon=0.05 train/actor_lr=0 train/post_transition_steps=0 rollout/episode_return_std=nan rollout/potential_delta_std=0 rollout/shaping_reward_share=0.0121401 train/grad_norm=318.504
[V25 PPO] phase=0 rollout/transitions=245760 safety/h_hard_min=6.26228 train/value_loss=706.636 train/value_explained_variance=0 train/approx_kl=0 train/clip_epsilon=0.05 train/actor_lr=0 train/post_transition_steps=0 rollout/episode_return_std=nan rollout/potential_delta_std=0 rollout/shaping_reward_share=0.0121401 train/grad_norm=319.354
[V25 PPO] phase=0 rollout/transitions=249856 safety/h_hard_min=6.26228 train/value_loss=705.55 train/value_explained_variance=-1.19209e-07 train/approx_kl=0 train/clip_epsilon=0.05 train/actor_lr=0 train/post_transition_steps=0 rollout/episode_return_std=nan rollout/potential_delta_std=0 rollout/shaping_reward_share=0.0121401 train/grad_norm=318.075
[V25 PPO] phase=0 rollout/transitions=253952 safety/h_hard_min=6.26228 train/value_loss=661.82 train/value_explained_variance=0 train/approx_kl=0 train/clip_epsilon=0.05 train/actor_lr=0 train/post_transition_steps=0 rollout/episode_return_std=nan rollout/potential_delta_std=0 rollout/shaping_reward_share=0.0121402 train/grad_norm=308.599
[V25 PPO] phase=0 rollout/transitions=258048 safety/h_hard_min=2.17747 train/value_loss=756.907 train/value_explained_variance=-0.232063 train/approx_kl=0 train/clip_epsilon=0.05 train/actor_lr=0 train/post_transition_steps=0 rollout/episode_return_std=0.0851411 rollout/potential_delta_std=0.0274017 rollout/shaping_reward_share=0.0185301 train/grad_norm=274.502
[V25 PPO] phase=0 rollout/transitions=262144 safety/h_hard_min=6.26228 train/value_loss=918.044 train/value_explained_variance=-0.593428 train/approx_kl=0 train/clip_epsilon=0.05 train/actor_lr=0 train/post_transition_steps=0 rollout/episode_return_std=nan rollout/potential_delta_std=0.0189892 rollout/shaping_reward_share=0.0149041 train/grad_norm=328.04
[V25 PPO] phase=0 rollout/transitions=266240 safety/h_hard_min=6.26228 train/value_loss=637.403 train/value_explained_variance=-0.00697422 train/approx_kl=0 train/clip_epsilon=0.05 train/actor_lr=0 train/post_transition_steps=0 rollout/episode_return_std=nan rollout/potential_delta_std=0 rollout/shaping_reward_share=0.012135 train/grad_norm=296.462
[V25 PPO] phase=0 rollout/transitions=270336 safety/h_hard_min=6.26228 train/value_loss=650.863 train/value_explained_variance=2.38419e-07 train/approx_kl=0 train/clip_epsilon=0.05 train/actor_lr=0 train/post_transition_steps=0 rollout/episode_return_std=nan rollout/potential_delta_std=0 rollout/shaping_reward_share=0.0121401 train/grad_norm=304.834
[V25 PPO] phase=0 rollout/transitions=274432 safety/h_hard_min=6.26228 train/value_loss=682.219 train/value_explained_variance=1.19209e-07 train/approx_kl=0 train/clip_epsilon=0.05 train/actor_lr=0 train/post_transition_steps=0 rollout/episode_return_std=nan rollout/potential_delta_std=0 rollout/shaping_reward_share=0.0121402 train/grad_norm=311.964
[V25 PPO] phase=0 rollout/transitions=278528 safety/h_hard_min=6.26228 train/value_loss=672.604 train/value_explained_variance=0 train/approx_kl=0 train/clip_epsilon=0.05 train/actor_lr=0 train/post_transition_steps=0 rollout/episode_return_std=nan rollout/potential_delta_std=0 rollout/shaping_reward_share=0.0121402 train/grad_norm=309.322
[V25 PPO] phase=0 rollout/transitions=282624 safety/h_hard_min=6.26228 train/value_loss=679.775 train/value_explained_variance=0 train/approx_kl=0 train/clip_epsilon=0.05 train/actor_lr=0 train/post_transition_steps=0 rollout/episode_return_std=nan rollout/potential_delta_std=0 rollout/shaping_reward_share=0.0121401 train/grad_norm=313.497
[V25 PPO] phase=0 rollout/transitions=286720 safety/h_hard_min=6.26228 train/value_loss=680.017 train/value_explained_variance=0 train/approx_kl=0 train/clip_epsilon=0.05 train/actor_lr=0 train/post_transition_steps=0 rollout/episode_return_std=nan rollout/potential_delta_std=0 rollout/shaping_reward_share=0.0121402 train/grad_norm=313.018
[V25 PPO] phase=0 rollout/transitions=290816 safety/h_hard_min=2.24571 train/value_loss=1046.77 train/value_explained_variance=-0.341056 train/approx_kl=0 train/clip_epsilon=0.05 train/actor_lr=0 train/post_transition_steps=0 rollout/episode_return_std=0.0935845 rollout/potential_delta_std=0.0249949 rollout/shaping_reward_share=0.0207402 train/grad_norm=326.946
[V25 PPO] phase=0 rollout/transitions=294912 safety/h_hard_min=6.26228 train/value_loss=785.586 train/value_explained_variance=-0.489041 train/approx_kl=0 train/clip_epsilon=0.05 train/actor_lr=0 train/post_transition_steps=0 rollout/episode_return_std=nan rollout/potential_delta_std=0.00363413 rollout/shaping_reward_share=0.0117598 train/grad_norm=305.145
[V25 PPO] phase=0 rollout/transitions=299008 safety/h_hard_min=6.26228 train/value_loss=656.845 train/value_explained_variance=-0.00874877 train/approx_kl=0 train/clip_epsilon=0.05 train/actor_lr=0 train/post_transition_steps=0 rollout/episode_return_std=nan rollout/potential_delta_std=0 rollout/shaping_reward_share=0.0121379 train/grad_norm=305.593
[V25 PPO] phase=0 rollout/transitions=303104 safety/h_hard_min=6.26228 train/value_loss=664.427 train/value_explained_variance=-1.19209e-07 train/approx_kl=0 train/clip_epsilon=0.05 train/actor_lr=0 train/post_transition_steps=0 rollout/episode_return_std=nan rollout/potential_delta_std=0 rollout/shaping_reward_share=0.0121402 train/grad_norm=309.104
[V25 PPO] phase=0 rollout/transitions=307200 safety/h_hard_min=6.26228 train/value_loss=673.726 train/value_explained_variance=0 train/approx_kl=0 train/clip_epsilon=0.05 train/actor_lr=0 train/post_transition_steps=0 rollout/episode_return_std=nan rollout/potential_delta_std=0 rollout/shaping_reward_share=0.0121401 train/grad_norm=312.606
[V25 PPO] phase=0 rollout/transitions=311296 safety/h_hard_min=6.26228 train/value_loss=643.202 train/value_explained_variance=0 train/approx_kl=0 train/clip_epsilon=0.05 train/actor_lr=0 train/post_transition_steps=0 rollout/episode_return_std=nan rollout/potential_delta_std=0 rollout/shaping_reward_share=0.0121402 train/grad_norm=301.265
[V25 PPO] phase=0 rollout/transitions=315392 safety/h_hard_min=6.26228 train/value_loss=623.967 train/value_explained_variance=1.19209e-07 train/approx_kl=0 train/clip_epsilon=0.05 train/actor_lr=0 train/post_transition_steps=0 rollout/episode_return_std=nan rollout/potential_delta_std=0 rollout/shaping_reward_share=0.0121402 train/grad_norm=294.571
[V25 PPO] phase=0 rollout/transitions=319488 safety/h_hard_min=6.26228 train/value_loss=660.233 train/value_explained_variance=-1.19209e-07 train/approx_kl=0 train/clip_epsilon=0.05 train/actor_lr=0 train/post_transition_steps=0 rollout/episode_return_std=nan rollout/potential_delta_std=0 rollout/shaping_reward_share=0.0121401 train/grad_norm=309.224
[V25 PPO] phase=0 rollout/transitions=323584 safety/h_hard_min=3.79921 train/value_loss=1377.43 train/value_explained_variance=-0.345112 train/approx_kl=0 train/clip_epsilon=0.05 train/actor_lr=0 train/post_transition_steps=0 rollout/episode_return_std=0.0821561 rollout/potential_delta_std=0.0242577 rollout/shaping_reward_share=0.020516 train/grad_norm=396.496
[V25 PPO] phase=0 rollout/transitions=327680 safety/h_hard_min=6.26228 train/value_loss=723.272 train/value_explained_variance=-0.318374 train/approx_kl=0 train/clip_epsilon=0.05 train/actor_lr=0 train/post_transition_steps=0 rollout/episode_return_std=nan rollout/potential_delta_std=0.00334334 rollout/shaping_reward_share=0.0118308 train/grad_norm=302.271
[V25 PPO] phase=0 rollout/transitions=331776 safety/h_hard_min=6.26228 train/value_loss=651.788 train/value_explained_variance=-0.00559866 train/approx_kl=0 train/clip_epsilon=0.05 train/actor_lr=0 train/post_transition_steps=0 rollout/episode_return_std=nan rollout/potential_delta_std=0 rollout/shaping_reward_share=0.0121399 train/grad_norm=302.478
[V25 PPO] phase=0 rollout/transitions=335872 safety/h_hard_min=6.26228 train/value_loss=642.775 train/value_explained_variance=0 train/approx_kl=0 train/clip_epsilon=0.05 train/actor_lr=0 train/post_transition_steps=0 rollout/episode_return_std=nan rollout/potential_delta_std=0 rollout/shaping_reward_share=0.0121402 train/grad_norm=304.513
[V25 PPO] phase=0 rollout/transitions=339968 safety/h_hard_min=6.26228 train/value_loss=615.68 train/value_explained_variance=0 train/approx_kl=0 train/clip_epsilon=0.05 train/actor_lr=0 train/post_transition_steps=0 rollout/episode_return_std=nan rollout/potential_delta_std=0 rollout/shaping_reward_share=0.0121402 train/grad_norm=295.783
[V25 PPO] phase=0 rollout/transitions=344064 safety/h_hard_min=6.26228 train/value_loss=621.545 train/value_explained_variance=1.19209e-07 train/approx_kl=0 train/clip_epsilon=0.05 train/actor_lr=0 train/post_transition_steps=0 rollout/episode_return_std=nan rollout/potential_delta_std=0 rollout/shaping_reward_share=0.0121402 train/grad_norm=296.484
[V25 PPO] phase=0 rollout/transitions=348160 safety/h_hard_min=6.26228 train/value_loss=620.681 train/value_explained_variance=0 train/approx_kl=0 train/clip_epsilon=0.05 train/actor_lr=0 train/post_transition_steps=0 rollout/episode_return_std=nan rollout/potential_delta_std=0 rollout/shaping_reward_share=0.0121401 train/grad_norm=297.066
[V25 PPO] phase=0 rollout/transitions=352256 safety/h_hard_min=5.52079 train/value_loss=592.195 train/value_explained_variance=0.204484 train/approx_kl=0 train/clip_epsilon=0.05 train/actor_lr=0 train/post_transition_steps=0 rollout/episode_return_std=0.090837 rollout/potential_delta_std=0.0101446 rollout/shaping_reward_share=0.0127015 train/grad_norm=284.928
[V25 PPO] phase=0 rollout/transitions=356352 safety/h_hard_min=5.28262 train/value_loss=1287.81 train/value_explained_variance=-0.239813 train/approx_kl=0 train/clip_epsilon=0.05 train/actor_lr=0 train/post_transition_steps=0 rollout/episode_return_std=nan rollout/potential_delta_std=0.0257827 rollout/shaping_reward_share=0.0203306 train/grad_norm=392.701
[V25 PPO] phase=0 rollout/transitions=360448 safety/h_hard_min=6.26228 train/value_loss=689.778 train/value_explained_variance=-0.132745 train/approx_kl=0 train/clip_epsilon=0.05 train/actor_lr=0 train/post_transition_steps=0 rollout/episode_return_std=nan rollout/potential_delta_std=0.00140957 rollout/shaping_reward_share=0.011865 train/grad_norm=310.583
[V25 PPO] phase=0 rollout/transitions=364544 safety/h_hard_min=6.26228 train/value_loss=617.108 train/value_explained_variance=-0.00198805 train/approx_kl=0 train/clip_epsilon=0.05 train/actor_lr=0 train/post_transition_steps=0 rollout/episode_return_std=nan rollout/potential_delta_std=0 rollout/shaping_reward_share=0.0121402 train/grad_norm=294.977
[V25 PPO] phase=0 rollout/transitions=368640 safety/h_hard_min=6.26228 train/value_loss=656.318 train/value_explained_variance=-1.19209e-07 train/approx_kl=0 train/clip_epsilon=0.05 train/actor_lr=0 train/post_transition_steps=0 rollout/episode_return_std=nan rollout/potential_delta_std=0 rollout/shaping_reward_share=0.0121403 train/grad_norm=309.976
[V25 PPO] phase=0 rollout/transitions=372736 safety/h_hard_min=6.26228 train/value_loss=615.772 train/value_explained_variance=0 train/approx_kl=0 train/clip_epsilon=0.05 train/actor_lr=0 train/post_transition_steps=0 rollout/episode_return_std=nan rollout/potential_delta_std=0 rollout/shaping_reward_share=0.0121401 train/grad_norm=293.539
[V25 PPO] phase=0 rollout/transitions=376832 safety/h_hard_min=6.26228 train/value_loss=664.077 train/value_explained_variance=1.19209e-07 train/approx_kl=0 train/clip_epsilon=0.05 train/actor_lr=0 train/post_transition_steps=0 rollout/episode_return_std=nan rollout/potential_delta_std=0 rollout/shaping_reward_share=0.0121402 train/grad_norm=310.745
[V25 PPO] phase=0 rollout/transitions=380928 safety/h_hard_min=6.26228 train/value_loss=601.339 train/value_explained_variance=5.96046e-08 train/approx_kl=0 train/clip_epsilon=0.05 train/actor_lr=0 train/post_transition_steps=0 rollout/episode_return_std=nan rollout/potential_delta_std=0 rollout/shaping_reward_share=0.0121402 train/grad_norm=292.605
[V25 PPO] phase=0 rollout/transitions=385024 safety/h_hard_min=4.25324 train/value_loss=552.385 train/value_explained_variance=0.197199 train/approx_kl=0 train/clip_epsilon=0.05 train/actor_lr=0 train/post_transition_steps=0 rollout/episode_return_std=0.10423 rollout/potential_delta_std=0.0233575 rollout/shaping_reward_share=0.0153556 train/grad_norm=256.857
[V25 PPO] phase=0 rollout/transitions=389120 safety/h_hard_min=6.17577 train/value_loss=1107.98 train/value_explained_variance=-0.720231 train/approx_kl=0 train/clip_epsilon=0.05 train/actor_lr=0 train/post_transition_steps=0 rollout/episode_return_std=nan rollout/potential_delta_std=0.0261701 rollout/shaping_reward_share=0.0183793 train/grad_norm=357.732
[V25 PPO] phase=0 rollout/transitions=393216 safety/h_hard_min=6.26228 train/value_loss=642.828 train/value_explained_variance=-0.0162616 train/approx_kl=0 train/clip_epsilon=0.05 train/actor_lr=0 train/post_transition_steps=0 rollout/episode_return_std=nan rollout/potential_delta_std=0.000192181 rollout/shaping_reward_share=0.0121439 train/grad_norm=302.975
[V25 PPO] phase=0 rollout/transitions=397312 safety/h_hard_min=6.26228 train/value_loss=628.975 train/value_explained_variance=-5.96046e-06 train/approx_kl=0 train/clip_epsilon=0.05 train/actor_lr=0 train/post_transition_steps=0 rollout/episode_return_std=nan rollout/potential_delta_std=0 rollout/shaping_reward_share=0.0121402 train/grad_norm=302.365
[V25 PPO] phase=0 rollout/transitions=401408 safety/h_hard_min=6.26228 train/value_loss=624.97 train/value_explained_variance=0 train/approx_kl=0 train/clip_epsilon=0.05 train/actor_lr=0 train/post_transition_steps=0 rollout/episode_return_std=nan rollout/potential_delta_std=0 rollout/shaping_reward_share=0.0121402 train/grad_norm=302.494
[V25 PPO] phase=0 rollout/transitions=405504 safety/h_hard_min=6.26228 train/value_loss=618.892 train/value_explained_variance=0 train/approx_kl=0 train/clip_epsilon=0.05 train/actor_lr=0 train/post_transition_steps=0 rollout/episode_return_std=nan rollout/potential_delta_std=0 rollout/shaping_reward_share=0.0121401 train/grad_norm=296.615
[V25 PPO] phase=0 rollout/transitions=409600 safety/h_hard_min=6.26228 train/value_loss=598.771 train/value_explained_variance=5.96046e-08 train/approx_kl=0 train/clip_epsilon=0.05 train/actor_lr=0 train/post_transition_steps=0 rollout/episode_return_std=nan rollout/potential_delta_std=0 rollout/shaping_reward_share=0.0121402 train/grad_norm=291.899
[V25 PPO] phase=0 rollout/transitions=413696 safety/h_hard_min=6.26228 train/value_loss=587.348 train/value_explained_variance=0 train/approx_kl=0 train/clip_epsilon=0.05 train/actor_lr=0 train/post_transition_steps=0 rollout/episode_return_std=nan rollout/potential_delta_std=0 rollout/shaping_reward_share=0.0121402 train/grad_norm=288.108
[V25 PPO] phase=0 rollout/transitions=417792 safety/h_hard_min=2.49917 train/value_loss=706.828 train/value_explained_variance=-0.26983 train/approx_kl=0 train/clip_epsilon=0.05 train/actor_lr=0 train/post_transition_steps=0 rollout/episode_return_std=0.101365 rollout/potential_delta_std=0.0278351 rollout/shaping_reward_share=0.0179836 train/grad_norm=266.726
[V25 PPO] phase=0 rollout/transitions=421888 safety/h_hard_min=6.26228 train/value_loss=882.995 train/value_explained_variance=-1.19148 train/approx_kl=0 train/clip_epsilon=0.05 train/actor_lr=0 train/post_transition_steps=0 rollout/episode_return_std=nan rollout/potential_delta_std=0.0204031 rollout/shaping_reward_share=0.0156245 train/grad_norm=318.35
[V25 PPO] phase=0 rollout/transitions=425984 safety/h_hard_min=6.26228 train/value_loss=598.574 train/value_explained_variance=-0.0107105 train/approx_kl=0 train/clip_epsilon=0.05 train/actor_lr=0 train/post_transition_steps=0 rollout/episode_return_std=nan rollout/potential_delta_std=0 rollout/shaping_reward_share=0.0121339 train/grad_norm=290.719
[V25 PPO] phase=0 rollout/transitions=430080 safety/h_hard_min=6.26228 train/value_loss=605.604 train/value_explained_variance=0 train/approx_kl=0 train/clip_epsilon=0.05 train/actor_lr=0 train/post_transition_steps=0 rollout/episode_return_std=nan rollout/potential_delta_std=0 rollout/shaping_reward_share=0.0121402 train/grad_norm=293.865
[V25 PPO] phase=0 rollout/transitions=434176 safety/h_hard_min=6.26228 train/value_loss=582.83 train/value_explained_variance=1.19209e-07 train/approx_kl=0 train/clip_epsilon=0.05 train/actor_lr=0 train/post_transition_steps=0 rollout/episode_return_std=nan rollout/potential_delta_std=0 rollout/shaping_reward_share=0.0121402 train/grad_norm=285.86
[V25 PPO] phase=0 rollout/transitions=438272 safety/h_hard_min=6.26228 train/value_loss=599.372 train/value_explained_variance=5.96046e-08 train/approx_kl=0 train/clip_epsilon=0.05 train/actor_lr=0 train/post_transition_steps=0 rollout/episode_return_std=nan rollout/potential_delta_std=0 rollout/shaping_reward_share=0.0121402 train/grad_norm=291.586
[V25 PPO] phase=0 rollout/transitions=442368 safety/h_hard_min=6.26228 train/value_loss=605.085 train/value_explained_variance=-1.19209e-07 train/approx_kl=0 train/clip_epsilon=0.05 train/actor_lr=0 train/post_transition_steps=0 rollout/episode_return_std=nan rollout/potential_delta_std=0 rollout/shaping_reward_share=0.0121401 train/grad_norm=295.576
[V25 PPO] phase=0 rollout/transitions=446464 safety/h_hard_min=6.26228 train/value_loss=577.103 train/value_explained_variance=2.38419e-07 train/approx_kl=0 train/clip_epsilon=0.05 train/actor_lr=0 train/post_transition_steps=0 rollout/episode_return_std=nan rollout/potential_delta_std=0 rollout/shaping_reward_share=0.0121402 train/grad_norm=284.263
[V25 PPO] phase=0 rollout/transitions=450560 safety/h_hard_min=2.03782 train/value_loss=899.457 train/value_explained_variance=-0.395609 train/approx_kl=0 train/clip_epsilon=0.05 train/actor_lr=0 train/post_transition_steps=0 rollout/episode_return_std=0.11002 rollout/potential_delta_std=0.0262946 rollout/shaping_reward_share=0.0200852 train/grad_norm=302.523
[V25 PPO] phase=0 rollout/transitions=454656 safety/h_hard_min=6.26228 train/value_loss=803.845 train/value_explained_variance=-1.11373 train/approx_kl=0 train/clip_epsilon=0.05 train/actor_lr=0 train/post_transition_steps=0 rollout/episode_return_std=nan rollout/potential_delta_std=0.0107438 rollout/shaping_reward_share=0.0127321 train/grad_norm=309.22
[V25 PPO] phase=0 rollout/transitions=458752 safety/h_hard_min=6.26228 train/value_loss=582.067 train/value_explained_variance=-0.0157708 train/approx_kl=0 train/clip_epsilon=0.05 train/actor_lr=0 train/post_transition_steps=0 rollout/episode_return_std=nan rollout/potential_delta_std=0 rollout/shaping_reward_share=0.0121371 train/grad_norm=288.5
[V25 PPO] phase=0 rollout/transitions=462848 safety/h_hard_min=6.26228 train/value_loss=580.76 train/value_explained_variance=-1.19209e-07 train/approx_kl=0 train/clip_epsilon=0.05 train/actor_lr=0 train/post_transition_steps=0 rollout/episode_return_std=nan rollout/potential_delta_std=0 rollout/shaping_reward_share=0.0121402 train/grad_norm=288.919
[V25 PPO] phase=0 rollout/transitions=466944 safety/h_hard_min=6.26228 train/value_loss=574.928 train/value_explained_variance=1.19209e-07 train/approx_kl=0 train/clip_epsilon=0.05 train/actor_lr=0 train/post_transition_steps=0 rollout/episode_return_std=nan rollout/potential_delta_std=0 rollout/shaping_reward_share=0.0121402 train/grad_norm=284.644
[V25 PPO] phase=0 rollout/transitions=471040 safety/h_hard_min=6.26228 train/value_loss=594.674 train/value_explained_variance=-1.19209e-07 train/approx_kl=0 train/clip_epsilon=0.05 train/actor_lr=0 train/post_transition_steps=0 rollout/episode_return_std=nan rollout/potential_delta_std=0 rollout/shaping_reward_share=0.0121401 train/grad_norm=294.72
[V25 PPO] phase=0 rollout/transitions=475136 safety/h_hard_min=6.26228 train/value_loss=580.612 train/value_explained_variance=0 train/approx_kl=0 train/clip_epsilon=0.05 train/actor_lr=0 train/post_transition_steps=0 rollout/episode_return_std=nan rollout/potential_delta_std=0 rollout/shaping_reward_share=0.0121401 train/grad_norm=287.203
[V25 PPO] phase=0 rollout/transitions=479232 safety/h_hard_min=6.26228 train/value_loss=578.444 train/value_explained_variance=1.19209e-07 train/approx_kl=0 train/clip_epsilon=0.05 train/actor_lr=0 train/post_transition_steps=0 rollout/episode_return_std=nan rollout/potential_delta_std=0 rollout/shaping_reward_share=0.0121403 train/grad_norm=285.377
[V25 PPO] phase=0 rollout/transitions=483328 safety/h_hard_min=3.21971 train/value_loss=1232.07 train/value_explained_variance=-0.554792 train/approx_kl=0 train/clip_epsilon=0.05 train/actor_lr=0 train/post_transition_steps=0 rollout/episode_return_std=0.099221 rollout/potential_delta_std=0.0246616 rollout/shaping_reward_share=0.0205154 train/grad_norm=364.98
[V25 PPO] phase=0 rollout/transitions=487424 safety/h_hard_min=6.26228 train/value_loss=698.392 train/value_explained_variance=-0.797949 train/approx_kl=0 train/clip_epsilon=0.05 train/actor_lr=0 train/post_transition_steps=0 rollout/episode_return_std=nan rollout/potential_delta_std=0.00355922 rollout/shaping_reward_share=0.0118868 train/grad_norm=292.025
[V25 PPO] phase=0 rollout/transitions=491520 safety/h_hard_min=6.26228 train/value_loss=588.289 train/value_explained_variance=-0.0125344 train/approx_kl=0 train/clip_epsilon=0.05 train/actor_lr=0 train/post_transition_steps=0 rollout/episode_return_std=nan rollout/potential_delta_std=0 rollout/shaping_reward_share=0.0121393 train/grad_norm=288.857
[V25 PPO] phase=0 rollout/transitions=495616 safety/h_hard_min=6.26228 train/value_loss=602.243 train/value_explained_variance=0 train/approx_kl=0 train/clip_epsilon=0.05 train/actor_lr=0 train/post_transition_steps=0 rollout/episode_return_std=nan rollout/potential_delta_std=0 rollout/shaping_reward_share=0.0121403 train/grad_norm=297.612
[V25 PPO] phase=0 rollout/transitions=499712 safety/h_hard_min=6.26228 train/value_loss=553.71 train/value_explained_variance=5.96046e-08 train/approx_kl=0 train/clip_epsilon=0.05 train/actor_lr=0 train/post_transition_steps=0 rollout/episode_return_std=nan rollout/potential_delta_std=0 rollout/shaping_reward_share=0.0121401 train/grad_norm=281.164
[V25 PPO] phase=0 rollout/transitions=503808 safety/h_hard_min=6.26228 train/value_loss=558.951 train/value_explained_variance=5.96046e-08 train/approx_kl=0 train/clip_epsilon=0.05 train/actor_lr=0 train/post_transition_steps=0 rollout/episode_return_std=nan rollout/potential_delta_std=0 rollout/shaping_reward_share=0.0121402 train/grad_norm=281.564
[V25 PPO] phase=0 rollout/transitions=507904 safety/h_hard_min=6.26228 train/value_loss=555.403 train/value_explained_variance=-1.19209e-07 train/approx_kl=0 train/clip_epsilon=0.05 train/actor_lr=0 train/post_transition_steps=0 rollout/episode_return_std=nan rollout/potential_delta_std=0 rollout/shaping_reward_share=0.0121402 train/grad_norm=281.789
[V25 PPO] phase=0 rollout/transitions=512000 safety/h_hard_min=6.26228 train/value_loss=520.082 train/value_explained_variance=-2.38419e-07 train/approx_kl=0 train/clip_epsilon=0.05 train/actor_lr=0 train/post_transition_steps=0 rollout/episode_return_std=0.104438 rollout/potential_delta_std=0 rollout/shaping_reward_share=0.0121402 train/grad_norm=270.819
[V25 PPO] phase=0 rollout/transitions=516096 safety/h_hard_min=4.82701 train/value_loss=1409.06 train/value_explained_variance=-0.365102 train/approx_kl=0 train/clip_epsilon=0.05 train/actor_lr=0 train/post_transition_steps=0 rollout/episode_return_std=nan rollout/potential_delta_std=0.023626 rollout/shaping_reward_share=0.0206003 train/grad_norm=405.667
[V25 PPO] phase=0 rollout/transitions=520192 safety/h_hard_min=6.26228 train/value_loss=626.473 train/value_explained_variance=-0.342425 train/approx_kl=0 train/clip_epsilon=0.05 train/actor_lr=0 train/post_transition_steps=0 rollout/episode_return_std=nan rollout/potential_delta_std=0.00205974 rollout/shaping_reward_share=0.0116636 train/grad_norm=284.509
[V25 PPO] phase=0 rollout/transitions=524288 safety/h_hard_min=6.26228 train/value_loss=545.138 train/value_explained_variance=-0.00437045 train/approx_kl=0 train/clip_epsilon=0.05 train/actor_lr=0 train/post_transition_steps=0 rollout/episode_return_std=nan rollout/potential_delta_std=0 rollout/shaping_reward_share=0.0121402 train/grad_norm=277.878
[V25 PPO] phase=0 rollout/transitions=528384 safety/h_hard_min=6.26228 train/value_loss=554.085 train/value_explained_variance=5.96046e-08 train/approx_kl=0 train/clip_epsilon=0.05 train/actor_lr=0 train/post_transition_steps=0 rollout/episode_return_std=nan rollout/potential_delta_std=0 rollout/shaping_reward_share=0.0121402 train/grad_norm=280.154
[V25 PPO] phase=0 rollout/transitions=532480 safety/h_hard_min=6.26228 train/value_loss=526.546 train/value_explained_variance=-1.19209e-07 train/approx_kl=0 train/clip_epsilon=0.05 train/actor_lr=0 train/post_transition_steps=0 rollout/episode_return_std=nan rollout/potential_delta_std=0 rollout/shaping_reward_share=0.0121402 train/grad_norm=271.354
[V25 PPO] phase=0 rollout/transitions=536576 safety/h_hard_min=6.26228 train/value_loss=554.866 train/value_explained_variance=0 train/approx_kl=0 train/clip_epsilon=0.05 train/actor_lr=0 train/post_transition_steps=0 rollout/episode_return_std=nan rollout/potential_delta_std=0 rollout/shaping_reward_share=0.0121401 train/grad_norm=280.807
[V25 PPO] phase=0 rollout/transitions=540672 safety/h_hard_min=6.26228 train/value_loss=544.976 train/value_explained_variance=0 train/approx_kl=0 train/clip_epsilon=0.05 train/actor_lr=0 train/post_transition_steps=0 rollout/episode_return_std=nan rollout/potential_delta_std=0 rollout/shaping_reward_share=0.0121402 train/grad_norm=278.682
[V25 PPO] phase=0 rollout/transitions=544768 safety/h_hard_min=4.80854 train/value_loss=494.202 train/value_explained_variance=0.36659 train/approx_kl=0 train/clip_epsilon=0.05 train/actor_lr=0 train/post_transition_steps=0 rollout/episode_return_std=0.0934923 rollout/potential_delta_std=0.0199786 rollout/shaping_reward_share=0.0144038 train/grad_norm=246.789
[V25 PPO] phase=0 rollout/transitions=548864 safety/h_hard_min=5.98049 train/value_loss=1176.39 train/value_explained_variance=-1.00428 train/approx_kl=0 train/clip_epsilon=0.05 train/actor_lr=0 train/post_transition_steps=0 rollout/episode_return_std=nan rollout/potential_delta_std=0.0270059 rollout/shaping_reward_share=0.0191665 train/grad_norm=375.526
[V25 PPO] phase=0 rollout/transitions=552960 safety/h_hard_min=6.26228 train/value_loss=564.714 train/value_explained_variance=-0.0428325 train/approx_kl=0 train/clip_epsilon=0.05 train/actor_lr=0 train/post_transition_steps=0 rollout/episode_return_std=nan rollout/potential_delta_std=0.000301057 rollout/shaping_reward_share=0.0121101 train/grad_norm=281.176
[V25 PPO] phase=0 rollout/transitions=557056 safety/h_hard_min=6.26228 train/value_loss=537.584 train/value_explained_variance=-0.000343561 train/approx_kl=0 train/clip_epsilon=0.05 train/actor_lr=0 train/post_transition_steps=0 rollout/episode_return_std=nan rollout/potential_delta_std=0 rollout/shaping_reward_share=0.0121402 train/grad_norm=277.072
[V25 PPO] phase=0 rollout/transitions=561152 safety/h_hard_min=6.26228 train/value_loss=560.218 train/value_explained_variance=-2.38419e-07 train/approx_kl=0 train/clip_epsilon=0.05 train/actor_lr=0 train/post_transition_steps=0 rollout/episode_return_std=nan rollout/potential_delta_std=0 rollout/shaping_reward_share=0.0121402 train/grad_norm=285.915
[V25 PPO] phase=0 rollout/transitions=565248 safety/h_hard_min=6.26228 train/value_loss=527.553 train/value_explained_variance=0 train/approx_kl=0 train/clip_epsilon=0.05 train/actor_lr=0 train/post_transition_steps=0 rollout/episode_return_std=nan rollout/potential_delta_std=0 rollout/shaping_reward_share=0.0121402 train/grad_norm=272.944
[V25 PPO] phase=0 rollout/transitions=569344 safety/h_hard_min=6.26228 train/value_loss=514.933 train/value_explained_variance=-1.19209e-07 train/approx_kl=0 train/clip_epsilon=0.05 train/actor_lr=0 train/post_transition_steps=0 rollout/episode_return_std=nan rollout/potential_delta_std=0 rollout/shaping_reward_share=0.0121401 train/grad_norm=268.123
[V25 PPO] phase=0 rollout/transitions=573440 safety/h_hard_min=6.26228 train/value_loss=505.821 train/value_explained_variance=0 train/approx_kl=0 train/clip_epsilon=0.05 train/actor_lr=0 train/post_transition_steps=0 rollout/episode_return_std=nan rollout/potential_delta_std=0 rollout/shaping_reward_share=0.0121402 train/grad_norm=267.458
[V25 PPO] phase=0 rollout/transitions=577536 safety/h_hard_min=3.01619 train/value_loss=535.962 train/value_explained_variance=0.0339491 train/approx_kl=0 train/clip_epsilon=0.05 train/actor_lr=0 train/post_transition_steps=0 rollout/episode_return_std=0.107674 rollout/potential_delta_std=0.0273891 rollout/shaping_reward_share=0.0172242 train/grad_norm=233.596
[V25 PPO] phase=0 rollout/transitions=581632 safety/h_hard_min=6.26228 train/value_loss=965.243 train/value_explained_variance=-2.07192 train/approx_kl=0 train/clip_epsilon=0.05 train/actor_lr=0 train/post_transition_steps=0 rollout/episode_return_std=nan rollout/potential_delta_std=0.0224144 rollout/shaping_reward_share=0.0165252 train/grad_norm=335.878
[V25 PPO] phase=0 rollout/transitions=585728 safety/h_hard_min=6.26228 train/value_loss=527.432 train/value_explained_variance=-0.0163486 train/approx_kl=0 train/clip_epsilon=0.05 train/actor_lr=0 train/post_transition_steps=0 rollout/episode_return_std=nan rollout/potential_delta_std=0 rollout/shaping_reward_share=0.0121327 train/grad_norm=275.823
[V25 PPO] phase=0 rollout/transitions=589824 safety/h_hard_min=6.26228 train/value_loss=510.547 train/value_explained_variance=1.19209e-07 train/approx_kl=0 train/clip_epsilon=0.05 train/actor_lr=0 train/post_transition_steps=0 rollout/episode_return_std=nan rollout/potential_delta_std=0 rollout/shaping_reward_share=0.0121402 train/grad_norm=268.391
[V25 PPO] phase=0 rollout/transitions=593920 safety/h_hard_min=6.26228 train/value_loss=507.379 train/value_explained_variance=0 train/approx_kl=0 train/clip_epsilon=0.05 train/actor_lr=0 train/post_transition_steps=0 rollout/episode_return_std=nan rollout/potential_delta_std=0 rollout/shaping_reward_share=0.0121402 train/grad_norm=269
[V25 PPO] phase=0 rollout/transitions=598016 safety/h_hard_min=6.26228 train/value_loss=536.628 train/value_explained_variance=5.96046e-08 train/approx_kl=0 train/clip_epsilon=0.05 train/actor_lr=0 train/post_transition_steps=0 rollout/episode_return_std=nan rollout/potential_delta_std=0 rollout/shaping_reward_share=0.0121401 train/grad_norm=279.434
[V25 PPO] phase=0 rollout/transitions=602112 safety/h_hard_min=6.26228 train/value_loss=527.718 train/value_explained_variance=-1.19209e-07 train/approx_kl=0 train/clip_epsilon=0.05 train/actor_lr=0 train/post_transition_steps=0 rollout/episode_return_std=nan rollout/potential_delta_std=0 rollout/shaping_reward_share=0.0121401 train/grad_norm=276.227
[V25 PPO] phase=0 rollout/transitions=606208 safety/h_hard_min=6.26228 train/value_loss=524.43 train/value_explained_variance=-1.19209e-07 train/approx_kl=0 train/clip_epsilon=0.05 train/actor_lr=0 train/post_transition_steps=0 rollout/episode_return_std=nan rollout/potential_delta_std=0 rollout/shaping_reward_share=0.0121402 train/grad_norm=274.694
[V25 PPO] phase=0 rollout/transitions=610304 safety/h_hard_min=2.02062 train/value_loss=780.004 train/value_explained_variance=-0.528356 train/approx_kl=0 train/clip_epsilon=0.05 train/actor_lr=0 train/post_transition_steps=0 rollout/episode_return_std=0.101723 rollout/potential_delta_std=0.0270867 rollout/shaping_reward_share=0.0193064 train/grad_norm=276.416
[V25 PPO] phase=0 rollout/transitions=614400 safety/h_hard_min=6.26228 train/value_loss=795.968 train/value_explained_variance=-2.13353 train/approx_kl=0 train/clip_epsilon=0.05 train/actor_lr=0 train/post_transition_steps=0 rollout/episode_return_std=nan rollout/potential_delta_std=0.0156023 rollout/shaping_reward_share=0.0138456 train/grad_norm=302.458
[V25 PPO] phase=0 rollout/transitions=618496 safety/h_hard_min=6.26228 train/value_loss=500.532 train/value_explained_variance=-0.0208738 train/approx_kl=0 train/clip_epsilon=0.05 train/actor_lr=0 train/post_transition_steps=0 rollout/episode_return_std=nan rollout/potential_delta_std=0 rollout/shaping_reward_share=0.012136 train/grad_norm=265.726
[V25 PPO] phase=0 rollout/transitions=622592 safety/h_hard_min=6.26228 train/value_loss=493.545 train/value_explained_variance=-1.19209e-07 train/approx_kl=0 train/clip_epsilon=0.05 train/actor_lr=0 train/post_transition_steps=0 rollout/episode_return_std=nan rollout/potential_delta_std=0 rollout/shaping_reward_share=0.0121403 train/grad_norm=263.519
[V25 PPO] phase=0 rollout/transitions=626688 safety/h_hard_min=6.26228 train/value_loss=501.682 train/value_explained_variance=1.78814e-07 train/approx_kl=0 train/clip_epsilon=0.05 train/actor_lr=0 train/post_transition_steps=0 rollout/episode_return_std=nan rollout/potential_delta_std=0 rollout/shaping_reward_share=0.0121402 train/grad_norm=267.868
[V25 PPO] phase=0 rollout/transitions=630784 safety/h_hard_min=6.26228 train/value_loss=511.736 train/value_explained_variance=0 train/approx_kl=0 train/clip_epsilon=0.05 train/actor_lr=0 train/post_transition_steps=0 rollout/episode_return_std=nan rollout/potential_delta_std=0 rollout/shaping_reward_share=0.0121402 train/grad_norm=272.042
[V25 PPO] phase=0 rollout/transitions=634880 safety/h_hard_min=6.26228 train/value_loss=515.628 train/value_explained_variance=1.19209e-07 train/approx_kl=0 train/clip_epsilon=0.05 train/actor_lr=0 train/post_transition_steps=0 rollout/episode_return_std=nan rollout/potential_delta_std=0 rollout/shaping_reward_share=0.0121401 train/grad_norm=275.72
[V25 PPO] phase=0 rollout/transitions=638976 safety/h_hard_min=6.26228 train/value_loss=490.826 train/value_explained_variance=-1.19209e-07 train/approx_kl=0 train/clip_epsilon=0.05 train/actor_lr=0 train/post_transition_steps=0 rollout/episode_return_std=nan rollout/potential_delta_std=0 rollout/shaping_reward_share=0.0121402 train/grad_norm=264.989
[V25 PPO] phase=0 rollout/transitions=643072 safety/h_hard_min=2.67008 train/value_loss=966.669 train/value_explained_variance=-0.996554 train/approx_kl=0 train/clip_epsilon=0.05 train/actor_lr=0 train/post_transition_steps=0 rollout/episode_return_std=0.0861388 rollout/potential_delta_std=0.0247808 rollout/shaping_reward_share=0.0206098 train/grad_norm=311.596
[V25 PPO] phase=0 rollout/transitions=647168 safety/h_hard_min=6.26228 train/value_loss=693.932 train/value_explained_variance=-1.51829 train/approx_kl=0 train/clip_epsilon=0.05 train/actor_lr=0 train/post_transition_steps=0 rollout/episode_return_std=nan rollout/potential_delta_std=0.00358877 rollout/shaping_reward_share=0.0118302 train/grad_norm=288.056
[V25 PPO] phase=0 rollout/transitions=651264 safety/h_hard_min=6.26228 train/value_loss=508.834 train/value_explained_variance=-0.0216447 train/approx_kl=0 train/clip_epsilon=0.05 train/actor_lr=0 train/post_transition_steps=0 rollout/episode_return_std=nan rollout/potential_delta_std=0 rollout/shaping_reward_share=0.0121388 train/grad_norm=270.883
[V25 PPO] phase=0 rollout/transitions=655360 safety/h_hard_min=6.26228 train/value_loss=492.741 train/value_explained_variance=0 train/approx_kl=0 train/clip_epsilon=0.05 train/actor_lr=0 train/post_transition_steps=0 rollout/episode_return_std=nan rollout/potential_delta_std=0 rollout/shaping_reward_share=0.0121402 train/grad_norm=264.724
[V25 PPO] phase=0 rollout/transitions=659456 safety/h_hard_min=6.26228 train/value_loss=473.899 train/value_explained_variance=5.96046e-08 train/approx_kl=0 train/clip_epsilon=0.05 train/actor_lr=0 train/post_transition_steps=0 rollout/episode_return_std=nan rollout/potential_delta_std=0 rollout/shaping_reward_share=0.0121402 train/grad_norm=259.625
[V25 PPO] phase=0 rollout/transitions=663552 safety/h_hard_min=6.26228 train/value_loss=479.373 train/value_explained_variance=-2.38419e-07 train/approx_kl=0 train/clip_epsilon=0.05 train/actor_lr=0 train/post_transition_steps=0 rollout/episode_return_std=nan rollout/potential_delta_std=0 rollout/shaping_reward_share=0.0121402 train/grad_norm=262.066
[V25 PPO] phase=0 rollout/transitions=667648 safety/h_hard_min=6.26228 train/value_loss=479.046 train/value_explained_variance=1.78814e-07 train/approx_kl=0 train/clip_epsilon=0.05 train/actor_lr=0 train/post_transition_steps=0 rollout/episode_return_std=nan rollout/potential_delta_std=0 rollout/shaping_reward_share=0.0121402 train/grad_norm=259.297
[V25 PPO] phase=0 rollout/transitions=671744 safety/h_hard_min=6.26228 train/value_loss=485.489 train/value_explained_variance=0 train/approx_kl=0 train/clip_epsilon=0.05 train/actor_lr=0 train/post_transition_steps=0 rollout/episode_return_std=nan rollout/potential_delta_std=0 rollout/shaping_reward_share=0.0121401 train/grad_norm=262.471
[V25 PPO] phase=0 rollout/transitions=675840 safety/h_hard_min=4.33751 train/value_loss=1291.26 train/value_explained_variance=-0.712231 train/approx_kl=0 train/clip_epsilon=0.05 train/actor_lr=0 train/post_transition_steps=0 rollout/episode_return_std=0.093485 rollout/potential_delta_std=0.0235648 rollout/shaping_reward_share=0.0206274 train/grad_norm=377.243
[V25 PPO] phase=0 rollout/transitions=679936 safety/h_hard_min=6.26228 train/value_loss=599.109 train/value_explained_variance=-0.823199 train/approx_kl=0 train/clip_epsilon=0.05 train/actor_lr=0 train/post_transition_steps=0 rollout/episode_return_std=nan rollout/potential_delta_std=0.00248118 rollout/shaping_reward_share=0.0116401 train/grad_norm=271.702
[V25 PPO] phase=0 rollout/transitions=684032 safety/h_hard_min=6.26228 train/value_loss=484.914 train/value_explained_variance=-0.0118639 train/approx_kl=0 train/clip_epsilon=0.05 train/actor_lr=0 train/post_transition_steps=0 rollout/episode_return_std=nan rollout/potential_delta_std=0 rollout/shaping_reward_share=0.0121401 train/grad_norm=262.391
[V25 PPO] phase=0 rollout/transitions=688128 safety/h_hard_min=6.26228 train/value_loss=466.934 train/value_explained_variance=0 train/approx_kl=0 train/clip_epsilon=0.05 train/actor_lr=0 train/post_transition_steps=0 rollout/episode_return_std=nan rollout/potential_delta_std=0 rollout/shaping_reward_share=0.0121402 train/grad_norm=259.548
[V25 PPO] phase=0 rollout/transitions=692224 safety/h_hard_min=6.26228 train/value_loss=473.504 train/value_explained_variance=1.19209e-07 train/approx_kl=0 train/clip_epsilon=0.05 train/actor_lr=0 train/post_transition_steps=0 rollout/episode_return_std=nan rollout/potential_delta_std=0 rollout/shaping_reward_share=0.0121402 train/grad_norm=258.304
[V25 PPO] phase=0 rollout/transitions=696320 safety/h_hard_min=6.26228 train/value_loss=509.443 train/value_explained_variance=-1.19209e-07 train/approx_kl=0 train/clip_epsilon=0.05 train/actor_lr=0 train/post_transition_steps=0 rollout/episode_return_std=nan rollout/potential_delta_std=0 rollout/shaping_reward_share=0.0121402 train/grad_norm=273.871
[V25 PPO] phase=0 rollout/transitions=700416 safety/h_hard_min=6.26228 train/value_loss=466.809 train/value_explained_variance=-3.57628e-07 train/approx_kl=0 train/clip_epsilon=0.05 train/actor_lr=0 train/post_transition_steps=0 rollout/episode_return_std=nan rollout/potential_delta_std=0 rollout/shaping_reward_share=0.0121401 train/grad_norm=257.893
[V25 PPO] phase=0 rollout/transitions=704512 safety/h_hard_min=5.24559 train/value_loss=412.528 train/value_explained_variance=0.467695 train/approx_kl=0 train/clip_epsilon=0.05 train/actor_lr=0 train/post_transition_steps=0 rollout/episode_return_std=0.0963708 rollout/potential_delta_std=0.0157152 rollout/shaping_reward_share=0.0135076 train/grad_norm=230.941
[V25 PPO] phase=0 rollout/transitions=708608 safety/h_hard_min=5.67415 train/value_loss=1188.46 train/value_explained_variance=-1.00871 train/approx_kl=0 train/clip_epsilon=0.05 train/actor_lr=0 train/post_transition_steps=0 rollout/episode_return_std=nan rollout/potential_delta_std=0.0268824 rollout/shaping_reward_share=0.0198208 train/grad_norm=379.419
[V25 PPO] phase=0 rollout/transitions=712704 safety/h_hard_min=6.26228 train/value_loss=495.402 train/value_explained_variance=-0.116339 train/approx_kl=0 train/clip_epsilon=0.05 train/actor_lr=0 train/post_transition_steps=0 rollout/episode_return_std=nan rollout/potential_delta_std=0.000765627 rollout/shaping_reward_share=0.0120177 train/grad_norm=262.914
[V25 PPO] phase=0 rollout/transitions=716800 safety/h_hard_min=6.26228 train/value_loss=474.389 train/value_explained_variance=-0.00193775 train/approx_kl=0 train/clip_epsilon=0.05 train/actor_lr=0 train/post_transition_steps=0 rollout/episode_return_std=nan rollout/potential_delta_std=0 rollout/shaping_reward_share=0.0121402 train/grad_norm=259.732
[V25 PPO] phase=0 rollout/transitions=720896 safety/h_hard_min=6.26228 train/value_loss=491.672 train/value_explained_variance=0 train/approx_kl=0 train/clip_epsilon=0.05 train/actor_lr=0 train/post_transition_steps=0 rollout/episode_return_std=nan rollout/potential_delta_std=0 rollout/shaping_reward_share=0.0121402 train/grad_norm=266.441
[V25 PPO] phase=0 rollout/transitions=724992 safety/h_hard_min=6.26228 train/value_loss=475.596 train/value_explained_variance=-1.19209e-07 train/approx_kl=0 train/clip_epsilon=0.05 train/actor_lr=0 train/post_transition_steps=0 rollout/episode_return_std=nan rollout/potential_delta_std=0 rollout/shaping_reward_share=0.0121402 train/grad_norm=260.941
[V25 PPO] phase=0 rollout/transitions=729088 safety/h_hard_min=6.26228 train/value_loss=438.788 train/value_explained_variance=5.96046e-08 train/approx_kl=0 train/clip_epsilon=0.05 train/actor_lr=0 train/post_transition_steps=0 rollout/episode_return_std=nan rollout/potential_delta_std=0 rollout/shaping_reward_share=0.0121401 train/grad_norm=247.257
[V25 PPO] phase=0 rollout/transitions=733184 safety/h_hard_min=6.26228 train/value_loss=444.765 train/value_explained_variance=2.98023e-07 train/approx_kl=0 train/clip_epsilon=0.05 train/actor_lr=0 train/post_transition_steps=0 rollout/episode_return_std=nan rollout/potential_delta_std=0 rollout/shaping_reward_share=0.0121402 train/grad_norm=249.399
[V25 PPO] phase=0 rollout/transitions=737280 safety/h_hard_min=3.6325 train/value_loss=535.113 train/value_explained_variance=0.170802 train/approx_kl=0 train/clip_epsilon=0.05 train/actor_lr=0 train/post_transition_steps=0 rollout/episode_return_std=0.10664 rollout/potential_delta_std=0.0258502 rollout/shaping_reward_share=0.0163134 train/grad_norm=238.368
[V25 PPO] phase=0 rollout/transitions=741376 safety/h_hard_min=6.25664 train/value_loss=917.101 train/value_explained_variance=-3.13253 train/approx_kl=0 train/clip_epsilon=0.05 train/actor_lr=0 train/post_transition_steps=0 rollout/episode_return_std=nan rollout/potential_delta_std=0.0245179 rollout/shaping_reward_share=0.0174861 train/grad_norm=321.168
[V25 PPO] phase=0 rollout/transitions=745472 safety/h_hard_min=6.26228 train/value_loss=484.421 train/value_explained_variance=-0.0191783 train/approx_kl=0 train/clip_epsilon=0.05 train/actor_lr=0 train/post_transition_steps=0 rollout/episode_return_std=nan rollout/potential_delta_std=0.000116233 rollout/shaping_reward_share=0.0121385 train/grad_norm=262.37
[V25 PPO] phase=0 rollout/transitions=749568 safety/h_hard_min=6.26228 train/value_loss=451.076 train/value_explained_variance=-1.3113e-06 train/approx_kl=0 train/clip_epsilon=0.05 train/actor_lr=0 train/post_transition_steps=0 rollout/episode_return_std=nan rollout/potential_delta_std=0 rollout/shaping_reward_share=0.0121403 train/grad_norm=254.819
[V25 PPO] phase=0 rollout/transitions=753664 safety/h_hard_min=6.26228 train/value_loss=456.099 train/value_explained_variance=1.19209e-07 train/approx_kl=0 train/clip_epsilon=0.05 train/actor_lr=0 train/post_transition_steps=0 rollout/episode_return_std=nan rollout/potential_delta_std=0 rollout/shaping_reward_share=0.0121403 train/grad_norm=258.603
[V25 PPO] phase=0 rollout/transitions=757760 safety/h_hard_min=6.26228 train/value_loss=434.767 train/value_explained_variance=0 train/approx_kl=0 train/clip_epsilon=0.05 train/actor_lr=0 train/post_transition_steps=0 rollout/episode_return_std=nan rollout/potential_delta_std=0 rollout/shaping_reward_share=0.0121402 train/grad_norm=246.79
[V25 PPO] phase=0 rollout/transitions=761856 safety/h_hard_min=6.26228 train/value_loss=457.842 train/value_explained_variance=5.96046e-08 train/approx_kl=0 train/clip_epsilon=0.05 train/actor_lr=0 train/post_transition_steps=0 rollout/episode_return_std=nan rollout/potential_delta_std=0 rollout/shaping_reward_share=0.0121402 train/grad_norm=255.272
[V25 PPO] phase=0 rollout/transitions=765952 safety/h_hard_min=6.26228 train/value_loss=458.089 train/value_explained_variance=1.78814e-07 train/approx_kl=0 train/clip_epsilon=0.05 train/actor_lr=0 train/post_transition_steps=0 rollout/episode_return_std=nan rollout/potential_delta_std=0 rollout/shaping_reward_share=0.0121402 train/grad_norm=256.346
[V25 PPO] phase=0 rollout/transitions=770048 safety/h_hard_min=2.16836 train/value_loss=639.026 train/value_explained_variance=-0.196004 train/approx_kl=0 train/clip_epsilon=0.05 train/actor_lr=0 train/post_transition_steps=0 rollout/episode_return_std=0.09838 rollout/potential_delta_std=0.0274181 rollout/shaping_reward_share=0.0185364 train/grad_norm=246.66
[V25 PPO] phase=0 rollout/transitions=774144 safety/h_hard_min=6.26228 train/value_loss=814.496 train/value_explained_variance=-3.72497 train/approx_kl=0 train/clip_epsilon=0.05 train/actor_lr=0 train/post_transition_steps=0 rollout/episode_return_std=nan rollout/potential_delta_std=0.0189792 rollout/shaping_reward_share=0.0148975 train/grad_norm=300.225
[V25 PPO] phase=0 rollout/transitions=778240 safety/h_hard_min=6.26228 train/value_loss=462.074 train/value_explained_variance=-0.0257635 train/approx_kl=0 train/clip_epsilon=0.05 train/actor_lr=0 train/post_transition_steps=0 rollout/episode_return_std=nan rollout/potential_delta_std=0 rollout/shaping_reward_share=0.0121351 train/grad_norm=256.827
[V25 PPO] phase=0 rollout/transitions=782336 safety/h_hard_min=6.26228 train/value_loss=427.546 train/value_explained_variance=0 train/approx_kl=0 train/clip_epsilon=0.05 train/actor_lr=0 train/post_transition_steps=0 rollout/episode_return_std=nan rollout/potential_delta_std=0 rollout/shaping_reward_share=0.0121401 train/grad_norm=244.068
[V25 PPO] phase=0 rollout/transitions=786432 safety/h_hard_min=6.26228 train/value_loss=441.712 train/value_explained_variance=5.96046e-08 train/approx_kl=0 train/clip_epsilon=0.05 train/actor_lr=0 train/post_transition_steps=0 rollout/episode_return_std=nan rollout/potential_delta_std=0 rollout/shaping_reward_share=0.0121402 train/grad_norm=251.241
[V25 PPO] phase=0 rollout/transitions=790528 safety/h_hard_min=6.26228 train/value_loss=423.692 train/value_explained_variance=2.98023e-07 train/approx_kl=0 train/clip_epsilon=0.05 train/actor_lr=0 train/post_transition_steps=0 rollout/episode_return_std=nan rollout/potential_delta_std=0 rollout/shaping_reward_share=0.0121401 train/grad_norm=244.352
[V25 PPO] phase=0 rollout/transitions=794624 safety/h_hard_min=6.26228 train/value_loss=451.898 train/value_explained_variance=2.38419e-07 train/approx_kl=0 train/clip_epsilon=0.05 train/actor_lr=0 train/post_transition_steps=0 rollout/episode_return_std=nan rollout/potential_delta_std=0 rollout/shaping_reward_share=0.0121402 train/grad_norm=254.622
[V25 PPO] phase=0 rollout/transitions=798720 safety/h_hard_min=6.26228 train/value_loss=427.051 train/value_explained_variance=-1.19209e-07 train/approx_kl=0 train/clip_epsilon=0.05 train/actor_lr=0 train/post_transition_steps=0 rollout/episode_return_std=nan rollout/potential_delta_std=0 rollout/shaping_reward_share=0.0121402 train/grad_norm=246.529
[V25 PPO] phase=0 rollout/transitions=802816 safety/h_hard_min=2.24477 train/value_loss=946.549 train/value_explained_variance=-0.668612 train/approx_kl=0 train/clip_epsilon=0.05 train/actor_lr=0 train/post_transition_steps=0 rollout/episode_return_std=0.0985992 rollout/potential_delta_std=0.0249855 rollout/shaping_reward_share=0.0207369 train/grad_norm=305.341
[V25 PPO] phase=0 rollout/transitions=806912 safety/h_hard_min=6.26228 train/value_loss=674.85 train/value_explained_variance=-2.60306 train/approx_kl=0 train/clip_epsilon=0.05 train/actor_lr=0 train/post_transition_steps=0 rollout/episode_return_std=nan rollout/potential_delta_std=0.00364376 rollout/shaping_reward_share=0.0117621 train/grad_norm=280.757
[V25 PPO] phase=0 rollout/transitions=811008 safety/h_hard_min=6.26228 train/value_loss=455.553 train/value_explained_variance=-0.0306407 train/approx_kl=0 train/clip_epsilon=0.05 train/actor_lr=0 train/post_transition_steps=0 rollout/episode_return_std=nan rollout/potential_delta_std=0 rollout/shaping_reward_share=0.012138 train/grad_norm=255.721
[V25 PPO] phase=0 rollout/transitions=815104 safety/h_hard_min=6.26228 train/value_loss=433.065 train/value_explained_variance=0 train/approx_kl=0 train/clip_epsilon=0.05 train/actor_lr=0 train/post_transition_steps=0 rollout/episode_return_std=nan rollout/potential_delta_std=0 rollout/shaping_reward_share=0.0121401 train/grad_norm=249.694
[V25 PPO] phase=0 rollout/transitions=819200 safety/h_hard_min=6.26228 train/value_loss=441.71 train/value_explained_variance=2.38419e-07 train/approx_kl=0 train/clip_epsilon=0.05 train/actor_lr=0 train/post_transition_steps=0 rollout/episode_return_std=nan rollout/potential_delta_std=0 rollout/shaping_reward_share=0.0121401 train/grad_norm=254.653
[V25 PPO] phase=0 rollout/transitions=823296 safety/h_hard_min=6.26228 train/value_loss=417.821 train/value_explained_variance=1.78814e-07 train/approx_kl=0 train/clip_epsilon=0.05 train/actor_lr=0 train/post_transition_steps=0 rollout/episode_return_std=nan rollout/potential_delta_std=0 rollout/shaping_reward_share=0.0121402 train/grad_norm=243.412
[V25 PPO] phase=0 rollout/transitions=827392 safety/h_hard_min=6.26228 train/value_loss=426.442 train/value_explained_variance=2.98023e-07 train/approx_kl=0 train/clip_epsilon=0.05 train/actor_lr=0 train/post_transition_steps=0 rollout/episode_return_std=nan rollout/potential_delta_std=0 rollout/shaping_reward_share=0.0121403 train/grad_norm=247.583
[V25 PPO] phase=0 rollout/transitions=831488 safety/h_hard_min=6.26228 train/value_loss=425.816 train/value_explained_variance=-1.19209e-07 train/approx_kl=0 train/clip_epsilon=0.05 train/actor_lr=0 train/post_transition_steps=0 rollout/episode_return_std=nan rollout/potential_delta_std=0 rollout/shaping_reward_share=0.0121402 train/grad_norm=247.99
[V25 PPO] phase=0 rollout/transitions=835584 safety/h_hard_min=3.79511 train/value_loss=1232.7 train/value_explained_variance=-1.64953 train/approx_kl=0 train/clip_epsilon=0.05 train/actor_lr=0 train/post_transition_steps=0 rollout/episode_return_std=0.109968 rollout/potential_delta_std=0.0242555 rollout/shaping_reward_share=0.0205156 train/grad_norm=373.977
[V25 PPO] phase=0 rollout/transitions=839680 safety/h_hard_min=6.26228 train/value_loss=600.745 train/value_explained_variance=-1.41672 train/approx_kl=0 train/clip_epsilon=0.05 train/actor_lr=0 train/post_transition_steps=0 rollout/episode_return_std=nan rollout/potential_delta_std=0.00334378 rollout/shaping_reward_share=0.0118304 train/grad_norm=268.593
[V25 PPO] phase=0 rollout/transitions=843776 safety/h_hard_min=6.26228 train/value_loss=407.184 train/value_explained_variance=-0.0197035 train/approx_kl=0 train/clip_epsilon=0.05 train/actor_lr=0 train/post_transition_steps=0 rollout/episode_return_std=nan rollout/potential_delta_std=0 rollout/shaping_reward_share=0.0121399 train/grad_norm=240.299
[V25 PPO] phase=0 rollout/transitions=847872 safety/h_hard_min=6.26228 train/value_loss=409.65 train/value_explained_variance=0 train/approx_kl=0 train/clip_epsilon=0.05 train/actor_lr=0 train/post_transition_steps=0 rollout/episode_return_std=nan rollout/potential_delta_std=0 rollout/shaping_reward_share=0.0121402 train/grad_norm=239.354
[V25 PPO] phase=0 rollout/transitions=851968 safety/h_hard_min=6.26228 train/value_loss=422.254 train/value_explained_variance=1.78814e-07 train/approx_kl=0 train/clip_epsilon=0.05 train/actor_lr=0 train/post_transition_steps=0 rollout/episode_return_std=nan rollout/potential_delta_std=0 rollout/shaping_reward_share=0.0121402 train/grad_norm=247.401
[V25 PPO] phase=0 rollout/transitions=856064 safety/h_hard_min=6.26228 train/value_loss=404.023 train/value_explained_variance=0 train/approx_kl=0 train/clip_epsilon=0.05 train/actor_lr=0 train/post_transition_steps=0 rollout/episode_return_std=nan rollout/potential_delta_std=0 rollout/shaping_reward_share=0.0121402 train/grad_norm=239.537
[V25 PPO] phase=0 rollout/transitions=860160 safety/h_hard_min=6.26228 train/value_loss=404.243 train/value_explained_variance=5.96046e-07 train/approx_kl=0 train/clip_epsilon=0.05 train/actor_lr=0 train/post_transition_steps=0 rollout/episode_return_std=nan rollout/potential_delta_std=0 rollout/shaping_reward_share=0.0121402 train/grad_norm=239.562
[V25 PPO] phase=0 rollout/transitions=864256 safety/h_hard_min=5.52139 train/value_loss=387.717 train/value_explained_variance=0.524297 train/approx_kl=0 train/clip_epsilon=0.05 train/actor_lr=0 train/post_transition_steps=0 rollout/episode_return_std=0.0866107 rollout/potential_delta_std=0.0101541 rollout/shaping_reward_share=0.0127025 train/grad_norm=230.773
[V25 PPO] phase=0 rollout/transitions=868352 safety/h_hard_min=5.28501 train/value_loss=1263.56 train/value_explained_variance=-0.882926 train/approx_kl=0 train/clip_epsilon=0.05 train/actor_lr=0 train/post_transition_steps=0 rollout/episode_return_std=nan rollout/potential_delta_std=0.0257854 rollout/shaping_reward_share=0.0203299 train/grad_norm=394.965
[V25 PPO] phase=0 rollout/transitions=872448 safety/h_hard_min=6.26228 train/value_loss=461.424 train/value_explained_variance=-0.416259 train/approx_kl=0 train/clip_epsilon=0.05 train/actor_lr=0 train/post_transition_steps=0 rollout/episode_return_std=nan rollout/potential_delta_std=0.00140945 rollout/shaping_reward_share=0.011865 train/grad_norm=247.76
[V25 PPO] phase=0 rollout/transitions=876544 safety/h_hard_min=6.26228 train/value_loss=429.998 train/value_explained_variance=-0.00541103 train/approx_kl=0 train/clip_epsilon=0.05 train/actor_lr=0 train/post_transition_steps=0 rollout/episode_return_std=nan rollout/potential_delta_std=0 rollout/shaping_reward_share=0.0121402 train/grad_norm=251.433
[V25 PPO] phase=0 rollout/transitions=880640 safety/h_hard_min=6.26228 train/value_loss=390.183 train/value_explained_variance=1.78814e-07 train/approx_kl=0 train/clip_epsilon=0.05 train/actor_lr=0 train/post_transition_steps=0 rollout/episode_return_std=nan rollout/potential_delta_std=0 rollout/shaping_reward_share=0.0121402 train/grad_norm=236.036
[V25 PPO] phase=0 rollout/transitions=884736 safety/h_hard_min=6.26228 train/value_loss=406.507 train/value_explained_variance=1.78814e-07 train/approx_kl=0 train/clip_epsilon=0.05 train/actor_lr=0 train/post_transition_steps=0 rollout/episode_return_std=nan rollout/potential_delta_std=0 rollout/shaping_reward_share=0.0121402 train/grad_norm=240.79
[V25 PPO] phase=0 rollout/transitions=888832 safety/h_hard_min=6.26228 train/value_loss=392.154 train/value_explained_variance=-1.19209e-07 train/approx_kl=0 train/clip_epsilon=0.05 train/actor_lr=0 train/post_transition_steps=0 rollout/episode_return_std=nan rollout/potential_delta_std=0 rollout/shaping_reward_share=0.0121402 train/grad_norm=236.602
[V25 PPO] phase=0 rollout/transitions=892928 safety/h_hard_min=6.26228 train/value_loss=410.551 train/value_explained_variance=1.19209e-07 train/approx_kl=0 train/clip_epsilon=0.05 train/actor_lr=0 train/post_transition_steps=0 rollout/episode_return_std=nan rollout/potential_delta_std=0 rollout/shaping_reward_share=0.0121402 train/grad_norm=242.739
[V25 PPO] phase=0 rollout/transitions=897024 safety/h_hard_min=4.25335 train/value_loss=345.221 train/value_explained_variance=0.592685 train/approx_kl=0 train/clip_epsilon=0.05 train/actor_lr=0 train/post_transition_steps=0 rollout/episode_return_std=0.0941843 rollout/potential_delta_std=0.0233653 rollout/shaping_reward_share=0.0153568 train/grad_norm=196.477
[V25 PPO] phase=0 rollout/transitions=901120 safety/h_hard_min=6.17743 train/value_loss=1043.35 train/value_explained_variance=-4.48009 train/approx_kl=0 train/clip_epsilon=0.05 train/actor_lr=0 train/post_transition_steps=0 rollout/episode_return_std=nan rollout/potential_delta_std=0.0261686 rollout/shaping_reward_share=0.0183782 train/grad_norm=350.787
[V25 PPO] phase=0 rollout/transitions=905216 safety/h_hard_min=6.26228 train/value_loss=403.586 train/value_explained_variance=-0.0467663 train/approx_kl=0 train/clip_epsilon=0.05 train/actor_lr=0 train/post_transition_steps=0 rollout/episode_return_std=nan rollout/potential_delta_std=0.000192184 rollout/shaping_reward_share=0.012144 train/grad_norm=239.641
[V25 PPO] phase=0 rollout/transitions=909312 safety/h_hard_min=6.26228 train/value_loss=393.784 train/value_explained_variance=-3.23057e-05 train/approx_kl=0 train/clip_epsilon=0.05 train/actor_lr=0 train/post_transition_steps=0 rollout/episode_return_std=nan rollout/potential_delta_std=0 rollout/shaping_reward_share=0.0121402 train/grad_norm=236.968
[V25 PPO] phase=0 rollout/transitions=913408 safety/h_hard_min=6.26228 train/value_loss=385.359 train/value_explained_variance=2.98023e-07 train/approx_kl=0 train/clip_epsilon=0.05 train/actor_lr=0 train/post_transition_steps=0 rollout/episode_return_std=nan rollout/potential_delta_std=0 rollout/shaping_reward_share=0.0121402 train/grad_norm=234.126
[V25 PPO] phase=0 rollout/transitions=917504 safety/h_hard_min=6.26228 train/value_loss=398.528 train/value_explained_variance=0 train/approx_kl=0 train/clip_epsilon=0.05 train/actor_lr=0 train/post_transition_steps=0 rollout/episode_return_std=nan rollout/potential_delta_std=0 rollout/shaping_reward_share=0.0121402 train/grad_norm=239.079
[V25 PPO] phase=0 rollout/transitions=921600 safety/h_hard_min=6.26228 train/value_loss=386.447 train/value_explained_variance=0 train/approx_kl=0 train/clip_epsilon=0.05 train/actor_lr=0 train/post_transition_steps=0 rollout/episode_return_std=nan rollout/potential_delta_std=0 rollout/shaping_reward_share=0.0121402 train/grad_norm=235.121
[V25 PPO] phase=0 rollout/transitions=925696 safety/h_hard_min=6.26228 train/value_loss=379.579 train/value_explained_variance=2.38419e-07 train/approx_kl=0 train/clip_epsilon=0.05 train/actor_lr=0 train/post_transition_steps=0 rollout/episode_return_std=nan rollout/potential_delta_std=0 rollout/shaping_reward_share=0.0121403 train/grad_norm=230.87
[V25 PPO] phase=0 rollout/transitions=929792 safety/h_hard_min=2.49939 train/value_loss=530.418 train/value_explained_variance=-0.0532147 train/approx_kl=0 train/clip_epsilon=0.05 train/actor_lr=0 train/post_transition_steps=0 rollout/episode_return_std=0.0889652 rollout/potential_delta_std=0.0278429 rollout/shaping_reward_share=0.0179866 train/grad_norm=226.989
[V25 PPO] phase=0 rollout/transitions=933888 safety/h_hard_min=6.26228 train/value_loss=921.599 train/value_explained_variance=-8.97398 train/approx_kl=0 train/clip_epsilon=0.05 train/actor_lr=0 train/post_transition_steps=0 rollout/episode_return_std=nan rollout/potential_delta_std=0.0203971 rollout/shaping_reward_share=0.0156216 train/grad_norm=326.641
[V25 PPO] phase=0 rollout/transitions=937984 safety/h_hard_min=6.26228 train/value_loss=377.821 train/value_explained_variance=-0.0288887 train/approx_kl=0 train/clip_epsilon=0.05 train/actor_lr=0 train/post_transition_steps=0 rollout/episode_return_std=nan rollout/potential_delta_std=0 rollout/shaping_reward_share=0.0121339 train/grad_norm=231.557
[V25 PPO] phase=0 rollout/transitions=942080 safety/h_hard_min=6.26228 train/value_loss=377.179 train/value_explained_variance=-4.76837e-07 train/approx_kl=0 train/clip_epsilon=0.05 train/actor_lr=0 train/post_transition_steps=0 rollout/episode_return_std=nan rollout/potential_delta_std=0 rollout/shaping_reward_share=0.0121401 train/grad_norm=233.22
[V25 PPO] phase=0 rollout/transitions=946176 safety/h_hard_min=6.26228 train/value_loss=377.685 train/value_explained_variance=0 train/approx_kl=0 train/clip_epsilon=0.05 train/actor_lr=0 train/post_transition_steps=0 rollout/episode_return_std=nan rollout/potential_delta_std=0 rollout/shaping_reward_share=0.0121402 train/grad_norm=232.856
[V25 PPO] phase=0 rollout/transitions=950272 safety/h_hard_min=6.26228 train/value_loss=402.293 train/value_explained_variance=0 train/approx_kl=0 train/clip_epsilon=0.05 train/actor_lr=0 train/post_transition_steps=0 rollout/episode_return_std=nan rollout/potential_delta_std=0 rollout/shaping_reward_share=0.0121402 train/grad_norm=242.737
[V25 PPO] phase=0 rollout/transitions=954368 safety/h_hard_min=6.26228 train/value_loss=369.391 train/value_explained_variance=1.19209e-07 train/approx_kl=0 train/clip_epsilon=0.05 train/actor_lr=0 train/post_transition_steps=0 rollout/episode_return_std=nan rollout/potential_delta_std=0 rollout/shaping_reward_share=0.0121401 train/grad_norm=229.526
[V25 PPO] phase=0 rollout/transitions=958464 safety/h_hard_min=6.26228 train/value_loss=356.368 train/value_explained_variance=-1.19209e-07 train/approx_kl=0 train/clip_epsilon=0.05 train/actor_lr=0 train/post_transition_steps=0 rollout/episode_return_std=nan rollout/potential_delta_std=0 rollout/shaping_reward_share=0.0121402 train/grad_norm=226.519
[V25 PPO] phase=0 rollout/transitions=962560 safety/h_hard_min=2.03773 train/value_loss=793.928 train/value_explained_variance=-0.623493 train/approx_kl=0 train/clip_epsilon=0.05 train/actor_lr=0 train/post_transition_steps=0 rollout/episode_return_std=0.0935188 rollout/potential_delta_std=0.0263098 rollout/shaping_reward_share=0.0200929 train/grad_norm=279.158
[V25 PPO] phase=0 rollout/transitions=966656 safety/h_hard_min=6.26228 train/value_loss=668.477 train/value_explained_variance=-3.91165 train/approx_kl=0 train/clip_epsilon=0.05 train/actor_lr=0 train/post_transition_steps=0 rollout/episode_return_std=nan rollout/potential_delta_std=0.0107065 rollout/shaping_reward_share=0.0127237 train/grad_norm=272.763
[V25 PPO] phase=0 rollout/transitions=970752 safety/h_hard_min=6.26228 train/value_loss=377.458 train/value_explained_variance=-0.0432498 train/approx_kl=0 train/clip_epsilon=0.05 train/actor_lr=0 train/post_transition_steps=0 rollout/episode_return_std=nan rollout/potential_delta_std=0 rollout/shaping_reward_share=0.0121369 train/grad_norm=233.565
[V25 PPO] phase=0 rollout/transitions=974848 safety/h_hard_min=6.26228 train/value_loss=357.656 train/value_explained_variance=0 train/approx_kl=0 train/clip_epsilon=0.05 train/actor_lr=0 train/post_transition_steps=0 rollout/episode_return_std=nan rollout/potential_delta_std=0 rollout/shaping_reward_share=0.0121403 train/grad_norm=225.536
[V25 PPO] phase=0 rollout/transitions=978944 safety/h_hard_min=6.26228 train/value_loss=370.026 train/value_explained_variance=-2.38419e-07 train/approx_kl=0 train/clip_epsilon=0.05 train/actor_lr=0 train/post_transition_steps=0 rollout/episode_return_std=nan rollout/potential_delta_std=0 rollout/shaping_reward_share=0.0121401 train/grad_norm=231.018
[V25 PPO] phase=0 rollout/transitions=983040 safety/h_hard_min=6.26228 train/value_loss=360.544 train/value_explained_variance=1.78814e-07 train/approx_kl=0 train/clip_epsilon=0.05 train/actor_lr=0 train/post_transition_steps=0 rollout/episode_return_std=nan rollout/potential_delta_std=0 rollout/shaping_reward_share=0.0121402 train/grad_norm=225.697
[V25 PPO] phase=0 rollout/transitions=987136 safety/h_hard_min=6.26228 train/value_loss=366.728 train/value_explained_variance=-1.19209e-07 train/approx_kl=0 train/clip_epsilon=0.05 train/actor_lr=0 train/post_transition_steps=0 rollout/episode_return_std=nan rollout/potential_delta_std=0 rollout/shaping_reward_share=0.0121402 train/grad_norm=229.36
[V25 PPO] phase=0 rollout/transitions=991232 safety/h_hard_min=6.26228 train/value_loss=372.288 train/value_explained_variance=-2.38419e-07 train/approx_kl=0 train/clip_epsilon=0.05 train/actor_lr=0 train/post_transition_steps=0 rollout/episode_return_std=nan rollout/potential_delta_std=0 rollout/shaping_reward_share=0.0121402 train/grad_norm=233.7
[V25 PPO] phase=0 rollout/transitions=995328 safety/h_hard_min=3.21754 train/value_loss=1118.7 train/value_explained_variance=-1.59912 train/approx_kl=0 train/clip_epsilon=0.05 train/actor_lr=0 train/post_transition_steps=0 rollout/episode_return_std=0.113882 rollout/potential_delta_std=0.0246319 rollout/shaping_reward_share=0.0205132 train/grad_norm=346.793
[V25 PPO] phase=0 rollout/transitions=999424 safety/h_hard_min=6.26228 train/value_loss=577.014 train/value_explained_variance=-2.85316 train/approx_kl=0 train/clip_epsilon=0.05 train/actor_lr=0 train/post_transition_steps=0 rollout/episode_return_std=nan rollout/potential_delta_std=0.00356611 rollout/shaping_reward_share=0.0118864 train/grad_norm=257.573
[V25 PPO] phase=0 rollout/transitions=1000000 safety/h_hard_min=6.26228 train/value_loss=44.6831 train/value_explained_variance=-0.00825334 train/approx_kl=0 train/clip_epsilon=0.05 train/actor_lr=0 train/post_transition_steps=0 rollout/episode_return_std=nan rollout/potential_delta_std=0 rollout/shaping_reward_share=0.012135 train/grad_norm=76.6559
wandb: 
wandb: Run history:
wandb:                 critic_warmup_active ▁▁▁▁▁▁▁▁▁▁▁▁▁▁▁▁▁▁▁▁▁▁▁▁▁▁▁▁▁▁▁▁▁▁▁▁▁▁▁▁
wandb:                  critic_warmup_steps ▁▁▁▂▂▂▂▂▂▃▃▃▃▄▄▄▄▄▅▅▅▅▅▅▅▅▅▆▆▆▆▇▇▇▇█████
wandb:                          elapsed_sec ▁▁▁▁▁▂▂▂▂▂▃▃▃▃▃▃▄▄▄▄▅▅▅▅▅▆▆▆▆▆▇▇▇▇▇█████
wandb:         episode_return_zero_variance ▁▁▁▁▁▁▁▁▁▁▁▁▁▁▁▁▁▁▁▁▁▁▁▁▁▁▁▁▁▁▁▁▁▁▁▁▁▁▁▁
wandb:    explained_variance_stuck_negative ▁▁▁▁▁▁▁▁▁▁▁▁▁▁▁▁▁▁▁▁▁▁▁▁▁▁▁▁▁▁▁▁▁▁▁▁▁▁▁▁
wandb:                            grad_norm ▄▆▆▅▆▅▅▅▆▃▅▄▃█▄▄▄▃▃▇▃▃▃▃▂▃▃▄▃▂▂▁▅▂▂▁▁▅▁▆
wandb:                                phase ▁▁▁▁▁▁▁▁▁▁▁▁▁▁▁▁▁▁▁▁▁▁▁▁▁▁▁▁▁▁▁▁▁▁▁▁▁▁▁▁
wandb: rollout/arena_projection_active_rate ▁█▅████▁█▆█▆█▁███████▅█▇████████▃███████
wandb:             rollout/base_reward_mean ▁████▁██▅█▂██▅███▁██████▂█████████▇█████
wandb:              rollout/cbf_active_rate ███▁██▃████████▁████▄█████▆███▁█▂███▅███
wandb:                                  +58 ...
wandb: 
wandb: Run summary:
wandb:                 critic_warmup_active 0
wandb:                  critic_warmup_steps 1000000
wandb:                          elapsed_sec 483.99416
wandb:         episode_return_zero_variance 0
wandb:    explained_variance_stuck_negative 0
wandb:                            grad_norm 76.65594
wandb:                                phase 0
wandb:                           phase_name critic_warmup
wandb: rollout/arena_projection_active_rate 1
wandb:             rollout/base_reward_mean -2.18923
wandb:                                  +59 ...
wandb: 
wandb: You can sync this run to the cloud by running:
wandb: wandb sync /data/uav_project/ParallelCBF/runs/v02_attempt7_kf005_4x_20260503T155101Z/wandb/wandb/offline-run-20260503_235104-wpiqh5n1
wandb: Find logs at: ./runs/v02_attempt7_kf005_4x_20260503T155101Z/wandb/wandb/offline-run-20260503_235104-wpiqh5n1/logs
[DONE][V25] training complete
