output_dir=/data/uav_project/ParallelCBF/runs/v02_slipper_resume_20260503T064452Z
tb_logdir=/data/uav_project/ParallelCBF/runs/v02_slipper_resume_20260503T064452Z/tb
pre_registration_manifest_sha256=2e5dffd6271c93a356c5eb27d8eee46221d4707378119319f499b0da923fb551
bc_checkpoint_sha256=40c70226bbae24e2bce4c00878fd31173337fb4e411b7f45107a71198f5719e0
bc_dataset_sha256=50e59d2f7886dcc00f3c2405ae449cdbaa879b1b5be79b7dcd2993ce65bb5145
resume_from=/data/uav_project/ParallelCBF/runs/v02_attempt2_20260502T114503Z/checkpoints/last_safe_step.pt
============================================================
WATCHDOG REGISTRY (V25 PPO training):
  - Train Loss Explosion: metric=train_loss, threshold=1000000.0, when=>
  - Grad Norm Blowup: metric=grad_norm, threshold=10000.0, when=>
  - Val Overfit: metric=val_overfit_ratio, threshold=5.0, when=>
  - critic_warmup_did_not_converge: metric=phase, threshold=1500000, when=sustained_phase
  - value_loss_increasing: metric=value_loss_slope, threshold=0.0, when=>
  - episode_return_zero_variance: metric=episode_return_zero_variance, threshold=0.5, when=>
  - explained_variance_stuck_negative: metric=explained_variance_stuck_negative, threshold=0.5, when=>
  - arena_projection_saturation: metric=arena_projection_active_rate, threshold=0.5, when=>
============================================================
[INFO][V25] phase=0 (CRITIC_WARMUP) entered cleanly
/data/IsaacLab/_isaac_sim/exts/omni.isaac.ml_archive/pip_prebundle/torch/_weights_only_unpickler.py:549: UserWarning: Detected pickle protocol 5 in the checkpoint, which was not the default pickle protocol used by `torch.load` (2). The weights_only Unpickler might not support all instructions implemented by this protocol, please file an issue for adding support if you encounter this.
  warnings.warn(
[RESUME][V25] seeded_gate_v2_history=True samples=49 latest_step=1503232 ev_sustain_start_step=1306624
[RESUME][V25] restored optimizer_state_dict=False reason=legacy_checkpoint_missing_optimizer_state
[RESUME][V25] start_transitions=1503232 phase=critic_warmup global_step=1503232
loaded_actor_parameters=3167235
[INFO][V25] algo.learn entry reached
wandb: WARNING The anonymous setting has no effect and will be removed in a future version.
wandb: Tracking run with wandb version 0.26.1
wandb: W&B syncing is set to `offline` in this directory. Run `wandb online` or set WANDB_MODE=online to enable cloud syncing.
wandb: Run data is saved locally in /data/uav_project/ParallelCBF/runs/v02_slipper_resume_20260503T064452Z/wandb/wandb/offline-run-20260503_144456-64v2yn8g
wandb: WARNING URL not available in offline run
wandb_status=initialized mode=offline url=unavailable
tensorboard_status=initialized logdir=/data/uav_project/ParallelCBF/runs/v02_slipper_resume_20260503T064452Z/tb
[V25] phase transition: critic_warmup -> full_ppo global_step=1507328 ev=0.647888 ev_slope_100k=2.7114e-07
[V25 PPO] phase=1 rollout/transitions=1507328 safety/h_hard_min=4.92418 train/value_loss=213.115 train/value_explained_variance=0.663213 train/approx_kl=0.00510179 train/clip_epsilon=0.05 train/actor_lr=0 train/post_transition_steps=0 rollout/episode_return_std=nan train/grad_norm=1330.9
[V25 PPO] phase=1 rollout/transitions=1511424 safety/h_hard_min=4.92098 train/value_loss=138.763 train/value_explained_variance=0.944644 train/approx_kl=0.00122783 train/clip_epsilon=0.062288 train/actor_lr=2.4576e-05 train/post_transition_steps=4096 rollout/episode_return_std=nan train/grad_norm=15.8776
[V25 PPO] phase=1 rollout/transitions=1515520 safety/h_hard_min=4.4839 train/value_loss=88.9831 train/value_explained_variance=0.947619 train/approx_kl=0.000958818 train/clip_epsilon=0.074576 train/actor_lr=4.9152e-05 train/post_transition_steps=8192 rollout/episode_return_std=nan train/grad_norm=3.9166
[V25 PPO] phase=1 rollout/transitions=1519616 safety/h_hard_min=4.51032 train/value_loss=93.7613 train/value_explained_variance=0.936885 train/approx_kl=0.016331 train/clip_epsilon=0.086864 train/actor_lr=7.3728e-05 train/post_transition_steps=12288 rollout/episode_return_std=nan train/grad_norm=13.9749
[V25 PPO] phase=1 rollout/transitions=1523712 safety/h_hard_min=5.03191 train/value_loss=37.3185 train/value_explained_variance=0.970506 train/approx_kl=0.005019 train/clip_epsilon=0.099152 train/actor_lr=9.8304e-05 train/post_transition_steps=16384 rollout/episode_return_std=nan train/grad_norm=24.7027
[V25 PPO] phase=1 rollout/transitions=1527808 safety/h_hard_min=5.02479 train/value_loss=32.8506 train/value_explained_variance=0.962561 train/approx_kl=0.004233 train/clip_epsilon=0.11144 train/actor_lr=0.00012288 train/post_transition_steps=20480 rollout/episode_return_std=nan train/grad_norm=5.65748
[V25 PPO] phase=1 rollout/transitions=1531904 safety/h_hard_min=4.79527 train/value_loss=59.8779 train/value_explained_variance=0.948653 train/approx_kl=0.00595746 train/clip_epsilon=0.123728 train/actor_lr=0.000147456 train/post_transition_steps=24576 rollout/episode_return_std=nan train/grad_norm=14.7186
[V25 PPO] phase=1 rollout/transitions=1536000 safety/h_hard_min=4.69057 train/value_loss=67.7637 train/value_explained_variance=0.965698 train/approx_kl=0.00637064 train/clip_epsilon=0.136016 train/actor_lr=0.000172032 train/post_transition_steps=28672 rollout/episode_return_std=nan train/grad_norm=5.69604
[V25 PPO] phase=1 rollout/transitions=1540096 safety/h_hard_min=4.80973 train/value_loss=37.7108 train/value_explained_variance=0.977739 train/approx_kl=0.00435995 train/clip_epsilon=0.148304 train/actor_lr=0.000196608 train/post_transition_steps=32768 rollout/episode_return_std=nan train/grad_norm=5.20493
[V25 PPO] phase=1 rollout/transitions=1544192 safety/h_hard_min=4.77539 train/value_loss=45.3995 train/value_explained_variance=0.980026 train/approx_kl=0.00556524 train/clip_epsilon=0.160592 train/actor_lr=0.000221184 train/post_transition_steps=36864 rollout/episode_return_std=nan train/grad_norm=0.632207
[V25 PPO] phase=1 rollout/transitions=1548288 safety/h_hard_min=4.83251 train/value_loss=46.6643 train/value_explained_variance=0.961218 train/approx_kl=0.00210828 train/clip_epsilon=0.17288 train/actor_lr=0.00024576 train/post_transition_steps=40960 rollout/episode_return_std=nan train/grad_norm=415.126
[V25 PPO] phase=1 rollout/transitions=1552384 safety/h_hard_min=4.14131 train/value_loss=69.0446 train/value_explained_variance=0.930103 train/approx_kl=0.00680129 train/clip_epsilon=0.185168 train/actor_lr=0.000270336 train/post_transition_steps=45056 rollout/episode_return_std=nan train/grad_norm=189.183
[V25 PPO] phase=1 rollout/transitions=1556480 safety/h_hard_min=4.65945 train/value_loss=38.7656 train/value_explained_variance=0.973942 train/approx_kl=0.00390939 train/clip_epsilon=0.197456 train/actor_lr=0.000294912 train/post_transition_steps=49152 rollout/episode_return_std=nan train/grad_norm=154.215
[V25 PPO] phase=1 rollout/transitions=1560576 safety/h_hard_min=4.9918 train/value_loss=25.7887 train/value_explained_variance=0.983184 train/approx_kl=0.00371373 train/clip_epsilon=0.2 train/actor_lr=0.0003 train/post_transition_steps=53248 rollout/episode_return_std=nan train/grad_norm=109.772
[V25 PPO] phase=1 rollout/transitions=1564672 safety/h_hard_min=4.94541 train/value_loss=17.9019 train/value_explained_variance=0.976969 train/approx_kl=0.00568816 train/clip_epsilon=0.2 train/actor_lr=0.0003 train/post_transition_steps=57344 rollout/episode_return_std=nan train/grad_norm=29.4391
[V25 PPO] phase=1 rollout/transitions=1568768 safety/h_hard_min=4.8304 train/value_loss=26.4069 train/value_explained_variance=0.974501 train/approx_kl=0.00901508 train/clip_epsilon=0.2 train/actor_lr=0.0003 train/post_transition_steps=61440 rollout/episode_return_std=nan train/grad_norm=22.0892
[V25 PPO] phase=1 rollout/transitions=1572864 safety/h_hard_min=4.91699 train/value_loss=19.754 train/value_explained_variance=0.979674 train/approx_kl=0.00524027 train/clip_epsilon=0.2 train/actor_lr=0.0003 train/post_transition_steps=65536 rollout/episode_return_std=nan train/grad_norm=2.68582
[V25 PPO] phase=1 rollout/transitions=1576960 safety/h_hard_min=4.83205 train/value_loss=31.9123 train/value_explained_variance=0.968981 train/approx_kl=0.00558654 train/clip_epsilon=0.2 train/actor_lr=0.0003 train/post_transition_steps=69632 rollout/episode_return_std=nan train/grad_norm=15.6744
[V25 PPO] phase=1 rollout/transitions=1581056 safety/h_hard_min=4.80441 train/value_loss=37.3748 train/value_explained_variance=0.976706 train/approx_kl=0.0162867 train/clip_epsilon=0.2 train/actor_lr=0.0003 train/post_transition_steps=73728 rollout/episode_return_std=nan train/grad_norm=5.53322
[V25 PPO] phase=1 rollout/transitions=1585152 safety/h_hard_min=4.95682 train/value_loss=22.2884 train/value_explained_variance=0.977941 train/approx_kl=0.00375983 train/clip_epsilon=0.2 train/actor_lr=0.0003 train/post_transition_steps=77824 rollout/episode_return_std=nan train/grad_norm=26.7042
[V25 PPO] phase=1 rollout/transitions=1589248 safety/h_hard_min=4.75008 train/value_loss=33.126 train/value_explained_variance=0.979766 train/approx_kl=0.00946712 train/clip_epsilon=0.2 train/actor_lr=0.0003 train/post_transition_steps=81920 rollout/episode_return_std=nan train/grad_norm=63.8345
[V25 PPO] phase=1 rollout/transitions=1593344 safety/h_hard_min=4.53376 train/value_loss=47.9236 train/value_explained_variance=0.966322 train/approx_kl=0.00973824 train/clip_epsilon=0.2 train/actor_lr=0.0003 train/post_transition_steps=86016 rollout/episode_return_std=nan train/grad_norm=2.35076
[V25 PPO] phase=1 rollout/transitions=1597440 safety/h_hard_min=4.85366 train/value_loss=36.6791 train/value_explained_variance=0.971452 train/approx_kl=0.0118742 train/clip_epsilon=0.2 train/actor_lr=0.0003 train/post_transition_steps=90112 rollout/episode_return_std=nan train/grad_norm=16.2283
[V25 PPO] phase=1 rollout/transitions=1601536 safety/h_hard_min=4.48484 train/value_loss=46.2154 train/value_explained_variance=0.972058 train/approx_kl=0.0130736 train/clip_epsilon=0.2 train/actor_lr=0.0003 train/post_transition_steps=94208 rollout/episode_return_std=nan train/grad_norm=30.5252
[V25 PPO] phase=1 rollout/transitions=1605632 safety/h_hard_min=4.65765 train/value_loss=37.3132 train/value_explained_variance=0.965629 train/approx_kl=0.00665501 train/clip_epsilon=0.2 train/actor_lr=0.0003 train/post_transition_steps=98304 rollout/episode_return_std=nan train/grad_norm=25.1585
[V25 PPO] phase=1 rollout/transitions=1609728 safety/h_hard_min=4.63603 train/value_loss=33.6992 train/value_explained_variance=0.977892 train/approx_kl=0.010312 train/clip_epsilon=0.2 train/actor_lr=0.0003 train/post_transition_steps=102400 rollout/episode_return_std=nan train/grad_norm=8.9866
[V25 PPO] phase=1 rollout/transitions=1613824 safety/h_hard_min=5.04963 train/value_loss=24.2097 train/value_explained_variance=0.9833 train/approx_kl=0.00734426 train/clip_epsilon=0.2 train/actor_lr=0.0003 train/post_transition_steps=106496 rollout/episode_return_std=nan train/grad_norm=19.7242
[V25 PPO] phase=1 rollout/transitions=1617920 safety/h_hard_min=4.72109 train/value_loss=29.0207 train/value_explained_variance=0.970996 train/approx_kl=0.00791568 train/clip_epsilon=0.2 train/actor_lr=0.0003 train/post_transition_steps=110592 rollout/episode_return_std=nan train/grad_norm=20.4131
[V25 PPO] phase=1 rollout/transitions=1622016 safety/h_hard_min=4.87048 train/value_loss=22.2312 train/value_explained_variance=0.983933 train/approx_kl=0.00684206 train/clip_epsilon=0.2 train/actor_lr=0.0003 train/post_transition_steps=114688 rollout/episode_return_std=nan train/grad_norm=47.552
[V25 PPO] phase=1 rollout/transitions=1626112 safety/h_hard_min=4.87794 train/value_loss=19.0802 train/value_explained_variance=0.979158 train/approx_kl=0.00634374 train/clip_epsilon=0.2 train/actor_lr=0.0003 train/post_transition_steps=118784 rollout/episode_return_std=nan train/grad_norm=16.4259
[V25 PPO] phase=1 rollout/transitions=1630208 safety/h_hard_min=4.9263 train/value_loss=18.9421 train/value_explained_variance=0.991292 train/approx_kl=0.00695899 train/clip_epsilon=0.2 train/actor_lr=0.0003 train/post_transition_steps=122880 rollout/episode_return_std=nan train/grad_norm=24.9415
[V25 PPO] phase=1 rollout/transitions=1634304 safety/h_hard_min=4.63436 train/value_loss=23.3319 train/value_explained_variance=0.977413 train/approx_kl=0.0104612 train/clip_epsilon=0.2 train/actor_lr=0.0003 train/post_transition_steps=126976 rollout/episode_return_std=nan train/grad_norm=8.05103
[V25 PPO] phase=1 rollout/transitions=1638400 safety/h_hard_min=4.81984 train/value_loss=28.43 train/value_explained_variance=0.991001 train/approx_kl=0.00886796 train/clip_epsilon=0.2 train/actor_lr=0.0003 train/post_transition_steps=131072 rollout/episode_return_std=nan train/grad_norm=46.4237
[V25 PPO] phase=1 rollout/transitions=1642496 safety/h_hard_min=4.90057 train/value_loss=19.287 train/value_explained_variance=0.986501 train/approx_kl=0.00726628 train/clip_epsilon=0.2 train/actor_lr=0.0003 train/post_transition_steps=135168 rollout/episode_return_std=nan train/grad_norm=1.38146
[V25 PPO] phase=1 rollout/transitions=1646592 safety/h_hard_min=4.84698 train/value_loss=25.806 train/value_explained_variance=0.977946 train/approx_kl=0.00906271 train/clip_epsilon=0.2 train/actor_lr=0.0003 train/post_transition_steps=139264 rollout/episode_return_std=nan train/grad_norm=0.57316
[V25 PPO] phase=1 rollout/transitions=1650688 safety/h_hard_min=4.77887 train/value_loss=23.8258 train/value_explained_variance=0.981937 train/approx_kl=0.00740021 train/clip_epsilon=0.2 train/actor_lr=0.0003 train/post_transition_steps=143360 rollout/episode_return_std=nan train/grad_norm=3.60338
[V25 PPO] phase=1 rollout/transitions=1654784 safety/h_hard_min=4.78541 train/value_loss=22.9188 train/value_explained_variance=0.978236 train/approx_kl=0.00640112 train/clip_epsilon=0.2 train/actor_lr=0.0003 train/post_transition_steps=147456 rollout/episode_return_std=nan train/grad_norm=1.69526
[V25 PPO] phase=1 rollout/transitions=1658880 safety/h_hard_min=4.84919 train/value_loss=26.7291 train/value_explained_variance=0.979864 train/approx_kl=0.0110012 train/clip_epsilon=0.2 train/actor_lr=0.0003 train/post_transition_steps=151552 rollout/episode_return_std=nan train/grad_norm=25.3345
[V25 PPO] phase=1 rollout/transitions=1662976 safety/h_hard_min=4.86476 train/value_loss=23.6866 train/value_explained_variance=0.976148 train/approx_kl=0.00720425 train/clip_epsilon=0.2 train/actor_lr=0.0003 train/post_transition_steps=155648 rollout/episode_return_std=nan train/grad_norm=0.647181
[V25 PPO] phase=1 rollout/transitions=1667072 safety/h_hard_min=4.78629 train/value_loss=30.8042 train/value_explained_variance=0.972236 train/approx_kl=0.0123775 train/clip_epsilon=0.2 train/actor_lr=0.0003 train/post_transition_steps=159744 rollout/episode_return_std=nan train/grad_norm=1.7015
[V25 PPO] phase=1 rollout/transitions=1671168 safety/h_hard_min=4.85837 train/value_loss=19.0849 train/value_explained_variance=0.975694 train/approx_kl=0.00823765 train/clip_epsilon=0.2 train/actor_lr=0.0003 train/post_transition_steps=163840 rollout/episode_return_std=nan train/grad_norm=15.3688
[V25 PPO] phase=1 rollout/transitions=1675264 safety/h_hard_min=4.8688 train/value_loss=30.1745 train/value_explained_variance=0.964264 train/approx_kl=0.0109203 train/clip_epsilon=0.2 train/actor_lr=0.0003 train/post_transition_steps=167936 rollout/episode_return_std=nan train/grad_norm=5.85819
[V25 PPO] phase=1 rollout/transitions=1679360 safety/h_hard_min=4.86332 train/value_loss=26.8205 train/value_explained_variance=0.972737 train/approx_kl=0.0101489 train/clip_epsilon=0.2 train/actor_lr=0.0003 train/post_transition_steps=172032 rollout/episode_return_std=nan train/grad_norm=4.19247
[V25 PPO] phase=1 rollout/transitions=1683456 safety/h_hard_min=4.95139 train/value_loss=33.4335 train/value_explained_variance=0.961135 train/approx_kl=0.016058 train/clip_epsilon=0.2 train/actor_lr=0.0003 train/post_transition_steps=176128 rollout/episode_return_std=nan train/grad_norm=7.9318
[V25 PPO] phase=1 rollout/transitions=1687552 safety/h_hard_min=4.68237 train/value_loss=22.331 train/value_explained_variance=0.96858 train/approx_kl=0.0082581 train/clip_epsilon=0.2 train/actor_lr=0.0003 train/post_transition_steps=180224 rollout/episode_return_std=nan train/grad_norm=0.60283
[V25 PPO] phase=1 rollout/transitions=1691648 safety/h_hard_min=4.80943 train/value_loss=34.2279 train/value_explained_variance=0.957144 train/approx_kl=0.00860742 train/clip_epsilon=0.2 train/actor_lr=0.0003 train/post_transition_steps=184320 rollout/episode_return_std=nan train/grad_norm=9.72067
[V25 PPO] phase=1 rollout/transitions=1695744 safety/h_hard_min=4.86896 train/value_loss=26.9743 train/value_explained_variance=0.962504 train/approx_kl=0.00769931 train/clip_epsilon=0.2 train/actor_lr=0.0003 train/post_transition_steps=188416 rollout/episode_return_std=nan train/grad_norm=22.3796
[V25 PPO] phase=1 rollout/transitions=1699840 safety/h_hard_min=4.80104 train/value_loss=21.659 train/value_explained_variance=0.983697 train/approx_kl=0.00224502 train/clip_epsilon=0.2 train/actor_lr=0.0003 train/post_transition_steps=192512 rollout/episode_return_std=nan train/grad_norm=8.4848
[V25 PPO] phase=1 rollout/transitions=1703936 safety/h_hard_min=5.09299 train/value_loss=15.4359 train/value_explained_variance=0.98654 train/approx_kl=0.0053741 train/clip_epsilon=0.2 train/actor_lr=0.0003 train/post_transition_steps=196608 rollout/episode_return_std=nan train/grad_norm=13.2565
[V25 PPO] phase=1 rollout/transitions=1708032 safety/h_hard_min=5.07273 train/value_loss=12.3856 train/value_explained_variance=0.980574 train/approx_kl=0.0075641 train/clip_epsilon=0.2 train/actor_lr=0.0003 train/post_transition_steps=200704 rollout/episode_return_std=nan train/grad_norm=3.39198
[V25 PPO] phase=1 rollout/transitions=1712128 safety/h_hard_min=4.87926 train/value_loss=19.0678 train/value_explained_variance=0.97333 train/approx_kl=0.0103632 train/clip_epsilon=0.2 train/actor_lr=0.0003 train/post_transition_steps=204800 rollout/episode_return_std=nan train/grad_norm=5.11618
[V25 PPO] phase=1 rollout/transitions=1716224 safety/h_hard_min=4.86258 train/value_loss=23.2547 train/value_explained_variance=0.966948 train/approx_kl=0.00997522 train/clip_epsilon=0.2 train/actor_lr=0.0003 train/post_transition_steps=208896 rollout/episode_return_std=nan train/grad_norm=19.9049
[V25 PPO] phase=1 rollout/transitions=1720320 safety/h_hard_min=5.00393 train/value_loss=16.4857 train/value_explained_variance=0.975924 train/approx_kl=0.00504422 train/clip_epsilon=0.2 train/actor_lr=0.0003 train/post_transition_steps=212992 rollout/episode_return_std=nan train/grad_norm=2.35559
[V25 PPO] phase=1 rollout/transitions=1724416 safety/h_hard_min=4.98132 train/value_loss=19.6891 train/value_explained_variance=0.977274 train/approx_kl=0.0155895 train/clip_epsilon=0.2 train/actor_lr=0.0003 train/post_transition_steps=217088 rollout/episode_return_std=nan train/grad_norm=1.94141
[V25 PPO] phase=1 rollout/transitions=1728512 safety/h_hard_min=4.71156 train/value_loss=18.2721 train/value_explained_variance=0.979009 train/approx_kl=0.00765587 train/clip_epsilon=0.2 train/actor_lr=0.0003 train/post_transition_steps=221184 rollout/episode_return_std=nan train/grad_norm=0.813621
[V25 PPO] phase=1 rollout/transitions=1732608 safety/h_hard_min=4.97204 train/value_loss=14.9496 train/value_explained_variance=0.982238 train/approx_kl=0.00900304 train/clip_epsilon=0.2 train/actor_lr=0.0003 train/post_transition_steps=225280 rollout/episode_return_std=nan train/grad_norm=10.9608
[V25 PPO] phase=1 rollout/transitions=1736704 safety/h_hard_min=4.55253 train/value_loss=31.7643 train/value_explained_variance=0.9605 train/approx_kl=0.00792649 train/clip_epsilon=0.2 train/actor_lr=0.0003 train/post_transition_steps=229376 rollout/episode_return_std=nan train/grad_norm=26.4699
[V25 PPO] phase=1 rollout/transitions=1740800 safety/h_hard_min=4.77577 train/value_loss=26.1551 train/value_explained_variance=0.963125 train/approx_kl=0.00879281 train/clip_epsilon=0.2 train/actor_lr=0.0003 train/post_transition_steps=233472 rollout/episode_return_std=nan train/grad_norm=15.1864
[V25 PPO] phase=1 rollout/transitions=1744896 safety/h_hard_min=4.81352 train/value_loss=22.2486 train/value_explained_variance=0.966539 train/approx_kl=0.0101012 train/clip_epsilon=0.2 train/actor_lr=0.0003 train/post_transition_steps=237568 rollout/episode_return_std=nan train/grad_norm=26.2201
[V25 PPO] phase=1 rollout/transitions=1748992 safety/h_hard_min=4.82024 train/value_loss=20.0939 train/value_explained_variance=0.974557 train/approx_kl=0.00511374 train/clip_epsilon=0.2 train/actor_lr=0.0003 train/post_transition_steps=241664 rollout/episode_return_std=nan train/grad_norm=3.59771
[V25 PPO] phase=1 rollout/transitions=1753088 safety/h_hard_min=4.82 train/value_loss=15.8267 train/value_explained_variance=0.976607 train/approx_kl=0.00795717 train/clip_epsilon=0.2 train/actor_lr=0.0003 train/post_transition_steps=245760 rollout/episode_return_std=nan train/grad_norm=6.6949
[V25 PPO] phase=1 rollout/transitions=1757184 safety/h_hard_min=4.77411 train/value_loss=19.0112 train/value_explained_variance=0.971264 train/approx_kl=0.00752487 train/clip_epsilon=0.2 train/actor_lr=0.0003 train/post_transition_steps=249856 rollout/episode_return_std=nan train/grad_norm=3.6248
[V25 PPO] phase=1 rollout/transitions=1761280 safety/h_hard_min=4.92379 train/value_loss=20.1444 train/value_explained_variance=0.968208 train/approx_kl=0.00805647 train/clip_epsilon=0.2 train/actor_lr=0.0003 train/post_transition_steps=253952 rollout/episode_return_std=nan train/grad_norm=4.15502
[V25 PPO] phase=1 rollout/transitions=1765376 safety/h_hard_min=4.78595 train/value_loss=20.6533 train/value_explained_variance=0.974515 train/approx_kl=0.00816391 train/clip_epsilon=0.2 train/actor_lr=0.0003 train/post_transition_steps=258048 rollout/episode_return_std=nan train/grad_norm=0.33935
[V25 PPO] phase=1 rollout/transitions=1769472 safety/h_hard_min=4.84423 train/value_loss=19.6747 train/value_explained_variance=0.96947 train/approx_kl=0.00923179 train/clip_epsilon=0.2 train/actor_lr=0.0003 train/post_transition_steps=262144 rollout/episode_return_std=nan train/grad_norm=2.62185
[V25 PPO] phase=1 rollout/transitions=1773568 safety/h_hard_min=4.93017 train/value_loss=21.5653 train/value_explained_variance=0.963837 train/approx_kl=0.00744576 train/clip_epsilon=0.2 train/actor_lr=0.0003 train/post_transition_steps=266240 rollout/episode_return_std=nan train/grad_norm=2.15203
[V25 PPO] phase=1 rollout/transitions=1777664 safety/h_hard_min=4.81051 train/value_loss=18.7595 train/value_explained_variance=0.968603 train/approx_kl=0.0071607 train/clip_epsilon=0.2 train/actor_lr=0.0003 train/post_transition_steps=270336 rollout/episode_return_std=nan train/grad_norm=1.44372
[V25 PPO] phase=1 rollout/transitions=1781760 safety/h_hard_min=4.87574 train/value_loss=16.9686 train/value_explained_variance=0.976041 train/approx_kl=0.00709105 train/clip_epsilon=0.2 train/actor_lr=0.0003 train/post_transition_steps=274432 rollout/episode_return_std=nan train/grad_norm=18.2504
[V25 PPO] phase=1 rollout/transitions=1785856 safety/h_hard_min=5.04724 train/value_loss=13.3296 train/value_explained_variance=0.982423 train/approx_kl=0.00588397 train/clip_epsilon=0.2 train/actor_lr=0.0003 train/post_transition_steps=278528 rollout/episode_return_std=nan train/grad_norm=12.1075
[V25 PPO] phase=1 rollout/transitions=1789952 safety/h_hard_min=4.85577 train/value_loss=21.2095 train/value_explained_variance=0.978006 train/approx_kl=0.0134485 train/clip_epsilon=0.2 train/actor_lr=0.0003 train/post_transition_steps=282624 rollout/episode_return_std=nan train/grad_norm=0.685415
[V25 PPO] phase=1 rollout/transitions=1794048 safety/h_hard_min=4.87768 train/value_loss=23.5527 train/value_explained_variance=0.97559 train/approx_kl=0.00807038 train/clip_epsilon=0.2 train/actor_lr=0.0003 train/post_transition_steps=286720 rollout/episode_return_std=nan train/grad_norm=30.645
[V25 PPO] phase=1 rollout/transitions=1798144 safety/h_hard_min=4.88405 train/value_loss=16.8329 train/value_explained_variance=0.97903 train/approx_kl=0.00738837 train/clip_epsilon=0.2 train/actor_lr=0.0003 train/post_transition_steps=290816 rollout/episode_return_std=nan train/grad_norm=0.605836
[V25 PPO] phase=1 rollout/transitions=1802240 safety/h_hard_min=4.82843 train/value_loss=26.9938 train/value_explained_variance=0.962453 train/approx_kl=0.0101921 train/clip_epsilon=0.2 train/actor_lr=0.0003 train/post_transition_steps=294912 rollout/episode_return_std=nan train/grad_norm=0.488417
[V25 PPO] phase=1 rollout/transitions=1806336 safety/h_hard_min=4.84912 train/value_loss=23.2729 train/value_explained_variance=0.968412 train/approx_kl=0.00982295 train/clip_epsilon=0.2 train/actor_lr=0.0003 train/post_transition_steps=299008 rollout/episode_return_std=nan train/grad_norm=0.389668
[V25 PPO] phase=1 rollout/transitions=1810432 safety/h_hard_min=4.80339 train/value_loss=21.3112 train/value_explained_variance=0.968632 train/approx_kl=0.00849023 train/clip_epsilon=0.2 train/actor_lr=0.0003 train/post_transition_steps=303104 rollout/episode_return_std=nan train/grad_norm=0.383822
[V25 PPO] phase=1 rollout/transitions=1814528 safety/h_hard_min=4.81186 train/value_loss=24.2226 train/value_explained_variance=0.96716 train/approx_kl=0.00966164 train/clip_epsilon=0.2 train/actor_lr=0.0003 train/post_transition_steps=307200 rollout/episode_return_std=nan train/grad_norm=0.984554
[V25 PPO] phase=1 rollout/transitions=1818624 safety/h_hard_min=4.79311 train/value_loss=29.0091 train/value_explained_variance=0.954142 train/approx_kl=0.010987 train/clip_epsilon=0.2 train/actor_lr=0.0003 train/post_transition_steps=311296 rollout/episode_return_std=nan train/grad_norm=0.686258
[V25 PPO] phase=1 rollout/transitions=1822720 safety/h_hard_min=4.85023 train/value_loss=25.5502 train/value_explained_variance=0.959545 train/approx_kl=0.00718762 train/clip_epsilon=0.2 train/actor_lr=0.0003 train/post_transition_steps=315392 rollout/episode_return_std=nan train/grad_norm=1.00202
[V25 PPO] phase=1 rollout/transitions=1826816 safety/h_hard_min=4.85926 train/value_loss=19.1719 train/value_explained_variance=0.964895 train/approx_kl=0.00816498 train/clip_epsilon=0.2 train/actor_lr=0.0003 train/post_transition_steps=319488 rollout/episode_return_std=nan train/grad_norm=1.65502
[V25 PPO] phase=1 rollout/transitions=1830912 safety/h_hard_min=4.76893 train/value_loss=32.4249 train/value_explained_variance=0.953141 train/approx_kl=0.0078852 train/clip_epsilon=0.2 train/actor_lr=0.0003 train/post_transition_steps=323584 rollout/episode_return_std=nan train/grad_norm=0.3488
[V25 PPO] phase=1 rollout/transitions=1835008 safety/h_hard_min=4.7528 train/value_loss=31.5291 train/value_explained_variance=0.956643 train/approx_kl=0.011265 train/clip_epsilon=0.2 train/actor_lr=0.0003 train/post_transition_steps=327680 rollout/episode_return_std=nan train/grad_norm=0.408586
[V25 PPO] phase=1 rollout/transitions=1839104 safety/h_hard_min=4.77589 train/value_loss=28.9929 train/value_explained_variance=0.950339 train/approx_kl=0.0123032 train/clip_epsilon=0.2 train/actor_lr=0.0003 train/post_transition_steps=331776 rollout/episode_return_std=nan train/grad_norm=26.4888
[V25 PPO] phase=1 rollout/transitions=1843200 safety/h_hard_min=4.82481 train/value_loss=25.1729 train/value_explained_variance=0.956466 train/approx_kl=0.00703137 train/clip_epsilon=0.2 train/actor_lr=0.0003 train/post_transition_steps=335872 rollout/episode_return_std=nan train/grad_norm=0.319136
[V25 PPO] phase=1 rollout/transitions=1847296 safety/h_hard_min=4.72 train/value_loss=31.4802 train/value_explained_variance=0.95035 train/approx_kl=0.00776007 train/clip_epsilon=0.2 train/actor_lr=0.0003 train/post_transition_steps=339968 rollout/episode_return_std=nan train/grad_norm=0.960057
[V25 PPO] phase=1 rollout/transitions=1851392 safety/h_hard_min=4.83146 train/value_loss=28.4841 train/value_explained_variance=0.952579 train/approx_kl=0.00635401 train/clip_epsilon=0.2 train/actor_lr=0.0003 train/post_transition_steps=344064 rollout/episode_return_std=nan train/grad_norm=8.3026
[V25 PPO] phase=1 rollout/transitions=1855488 safety/h_hard_min=4.48506 train/value_loss=30.8211 train/value_explained_variance=0.938215 train/approx_kl=0.00726578 train/clip_epsilon=0.2 train/actor_lr=0.0003 train/post_transition_steps=348160 rollout/episode_return_std=nan train/grad_norm=0.537635
[V25 PPO] phase=1 rollout/transitions=1859584 safety/h_hard_min=4.94055 train/value_loss=30.8974 train/value_explained_variance=0.941371 train/approx_kl=0.0087374 train/clip_epsilon=0.2 train/actor_lr=0.0003 train/post_transition_steps=352256 rollout/episode_return_std=nan train/grad_norm=1.45677
[V25 PPO] phase=1 rollout/transitions=1863680 safety/h_hard_min=4.78462 train/value_loss=28.7434 train/value_explained_variance=0.95737 train/approx_kl=0.00634843 train/clip_epsilon=0.2 train/actor_lr=0.0003 train/post_transition_steps=356352 rollout/episode_return_std=nan train/grad_norm=12.2238
[HALT][V25] reason=watchdog halt
wandb: 
wandb: Run history:
wandb:                 critic_warmup_active ▁▁▁▁▁▁▁▁▁▁▁▁▁▁▁▁▁▁▁▁▁▁▁▁▁▁▁▁▁▁▁▁▁▁▁▁▁▁▁▁
wandb:                  critic_warmup_steps ▁▁▁▁▁▁▁▁▁▁▁▁▁▁▁▁▁▁▁▁▁▁▁▁▁▁▁▁▁▁▁▁▁▁▁▁▁▁▁▁
wandb:                          elapsed_sec ▁▁▁▁▁▂▂▂▂▂▃▃▃▃▃▃▃▄▄▄▄▅▅▅▅▆▆▆▆▆▆▆▇▇▇▇▇▇██
wandb:         episode_return_zero_variance ▁▁▁▁▁▁▁▁▁▁▁▁▁▁▁▁▁▁▁▁▁▁▁▁▁▁▁▁▁▁▁▁▁▁▁▁▁▁▁▁
wandb:    explained_variance_stuck_negative ▁▁▁▁▁▁▁▁▁▁▁▁▁▁▁▁▁▁▁▁▁▁▁▁▁▁▁▁▁▁▁▁▁▁▁▁▁▁▁▁
wandb:                            grad_norm █▁▁▁▁▂▂▂▁▁▁▁▁▁▁▁▁▁▁▁▁▁▁▁▁▁▁▁▁▁▁▁▁▁▁▁▁▁▁▁
wandb:                                phase ▁▁▁▁▁▁▁▁▁▁▁▁▁▁▁▁▁▁▁▁▁▁▁▁▁▁▁▁▁▁▁▁▁▁▁▁▁▁▁▁
wandb: rollout/arena_projection_active_rate ▅▄▅▄▄▆▄▅▇█▇▅▇▇▁▄▅▅▅▅▇▇▅▄▄▄▆▄▂▄▅▅▅▆▅▆▅▆▅▆
wandb:              rollout/cbf_active_rate ▂▂▁▃▁▂▂▃▂▃█▂▂▂▃▂▅▂▁▁▂▂▂▁▂▂▁▅▅▂▁▂▂▁▂▂▂▂▂▂
wandb:  rollout/cbf_arena_projection_active ▁▁▁▁▁▁▁▁▁▁▁▁▁▁▁▁▁▁▁▁▁▁▁▁▁▁▁▁▁▁▁▁▁▁▁▁▁▁▁▁
wandb:                                  +43 ...
wandb: 
wandb: Run summary:
wandb:                 critic_warmup_active 1
wandb:                  critic_warmup_steps 0
wandb:                          elapsed_sec 182.37012
wandb:         episode_return_zero_variance 0
wandb:    explained_variance_stuck_negative 0
wandb:                            grad_norm 12.22381
wandb:                                phase 1
wandb:                           phase_name ppo
wandb: rollout/arena_projection_active_rate 0.54565
wandb:              rollout/cbf_active_rate 0.54639
wandb:                                  +44 ...
wandb: 
wandb: You can sync this run to the cloud by running:
wandb: wandb sync /data/uav_project/ParallelCBF/runs/v02_slipper_resume_20260503T064452Z/wandb/wandb/offline-run-20260503_144456-64v2yn8g
wandb: Find logs at: ./runs/v02_slipper_resume_20260503T064452Z/wandb/wandb/offline-run-20260503_144456-64v2yn8g/logs
