output_dir=/data/uav_project/ParallelCBF/runs/v02_attempt2_rollout_smoke_20260502T114357Z
tb_logdir=/data/uav_project/ParallelCBF/runs/v02_attempt2_rollout_smoke_20260502T114357Z/tb
pre_registration_manifest_sha256=1eec2567924e3214f6c70944ba6ee2ea3862932b7f83284742213c6ef016ac13
bc_checkpoint_sha256=40c70226bbae24e2bce4c00878fd31173337fb4e411b7f45107a71198f5719e0
bc_dataset_sha256=50e59d2f7886dcc00f3c2405ae449cdbaa879b1b5be79b7dcd2993ce65bb5145
============================================================
WATCHDOG REGISTRY (V25 PPO training):
  - Train Loss Explosion: metric=train_loss, threshold=1000000.0, when=>
  - Grad Norm Blowup: metric=grad_norm, threshold=10000.0, when=>
  - Val Overfit: metric=val_overfit_ratio, threshold=5.0, when=>
  - critic_warmup_did_not_converge: metric=phase, threshold=1500000, when=sustained_phase
  - value_loss_increasing: metric=value_loss_slope, threshold=0.0, when=>
  - episode_return_zero_variance: metric=episode_return_zero_variance, threshold=0.5, when=>
  - explained_variance_stuck_negative: metric=explained_variance_stuck_negative, threshold=0.5, when=>
  - arena_projection_saturation: metric=arena_projection_active_rate, threshold=0.5, when=>
============================================================
[INFO][V25] phase=0 (CRITIC_WARMUP) entered cleanly
loaded_actor_parameters=3167235
[INFO][V25] algo.learn entry reached
wandb: WARNING The anonymous setting has no effect and will be removed in a future version.
wandb: Tracking run with wandb version 0.26.1
wandb: W&B syncing is set to `offline` in this directory. Run `wandb online` or set WANDB_MODE=online to enable cloud syncing.
wandb: Run data is saved locally in /data/uav_project/ParallelCBF/runs/v02_attempt2_rollout_smoke_20260502T114357Z/wandb/wandb/offline-run-20260502_194400-wkodqzw6
wandb: WARNING URL not available in offline run
wandb_status=initialized mode=offline url=unavailable
tensorboard_status=initialized logdir=/data/uav_project/ParallelCBF/runs/v02_attempt2_rollout_smoke_20260502T114357Z/tb
[V25 PPO] phase=0 rollout/transitions=4096 safety/h_hard_min=4.92418 train/value_loss=1556.99 train/value_explained_variance=0.003824 rollout/episode_return_std=nan train/grad_norm=423.294
wandb: 
wandb: Run history:
wandb:                 critic_warmup_active ▁
wandb:                  critic_warmup_steps ▁
wandb:                          elapsed_sec ▁
wandb:         episode_return_zero_variance ▁
wandb:    explained_variance_stuck_negative ▁
wandb:                            grad_norm ▁
wandb:                                phase ▁
wandb: rollout/arena_projection_active_rate ▁
wandb:              rollout/cbf_active_rate ▁
wandb:  rollout/cbf_arena_projection_active ▁
wandb:                                  +37 ...
wandb: 
wandb: Run summary:
wandb:                 critic_warmup_active 0
wandb:                  critic_warmup_steps 4096
wandb:                          elapsed_sec 1.75892
wandb:         episode_return_zero_variance 0
wandb:    explained_variance_stuck_negative 0
wandb:                            grad_norm 423.29376
wandb:                                phase 0
wandb:                           phase_name critic_warmup
wandb: rollout/arena_projection_active_rate 0.53125
wandb:              rollout/cbf_active_rate 0.53125
wandb:                                  +38 ...
wandb: 
wandb: You can sync this run to the cloud by running:
wandb: wandb sync /data/uav_project/ParallelCBF/runs/v02_attempt2_rollout_smoke_20260502T114357Z/wandb/wandb/offline-run-20260502_194400-wkodqzw6
wandb: Find logs at: ./runs/v02_attempt2_rollout_smoke_20260502T114357Z/wandb/wandb/offline-run-20260502_194400-wkodqzw6/logs
[DONE][V25] training complete
